02-07 19:10:33.335  1503  1767 V SessionCookie: added SessionCookie: cookie=2609b4e2-4eb4-4844-a382-e41f3afdcaaa uri='/'
02-07 19:10:33.349  1503  1767 E fi.iki.elonen.NanoHTTPD: Could not send response to the client
02-07 19:10:33.349  1503  1767 E fi.iki.elonen.NanoHTTPD: java.net.SocketException: Broken pipe
02-07 19:10:33.349  1503  1767 E fi.iki.elonen.NanoHTTPD: 	at java.net.SocketOutputStream.socketWrite0(Native Method)
02-07 19:10:33.349  1503  1767 E fi.iki.elonen.NanoHTTPD: 	at java.net.SocketOutputStream.socketWrite(SocketOutputStream.java:112)
02-07 19:10:33.349  1503  1767 E fi.iki.elonen.NanoHTTPD: 	at java.net.SocketOutputStream.write(SocketOutputStream.java:145)
02-07 19:10:33.349  1503  1767 E fi.iki.elonen.NanoHTTPD: 	at fi.iki.elonen.NanoHTTPD$Response$ChunkedOutputStream.write(NanoHTTPD.java:1444)
02-07 19:10:33.349  1503  1767 E fi.iki.elonen.NanoHTTPD: 	at java.util.zip.GZIPOutputStream.finish(GZIPOutputStream.java:169)
02-07 19:10:33.349  1503  1767 E fi.iki.elonen.NanoHTTPD: 	at fi.iki.elonen.NanoHTTPD$Response.sendBodyWithCorrectEncoding(NanoHTTPD.java:1667)
02-07 19:10:33.349  1503  1767 E fi.iki.elonen.NanoHTTPD: 	at fi.iki.elonen.NanoHTTPD$Response.sendBodyWithCorrectTransferAndEncoding(NanoHTTPD.java:1656)
02-07 19:10:33.349  1503  1767 E fi.iki.elonen.NanoHTTPD: 	at fi.iki.elonen.NanoHTTPD$Response.send(NanoHTTPD.java:1626)
02-07 19:10:33.349  1503  1767 E fi.iki.elonen.NanoHTTPD: 	at fi.iki.elonen.NanoHTTPD$HTTPSession.execute(NanoHTTPD.java:959)
02-07 19:10:33.349  1503  1767 E fi.iki.elonen.NanoHTTPD: 	at fi.iki.elonen.NanoHTTPD$ClientHandler.run(NanoHTTPD.java:187)
02-07 19:10:33.349  1503  1767 E fi.iki.elonen.NanoHTTPD: 	at java.lang.Thread.run(Thread.java:761)
02-07 19:10:33.353  1503  1769 V ProgrammingModeManager: serve uri=/java/file/tree
02-07 19:10:33.424  1503  1769 V ProgrammingModeManager: serve uri=/java/file/delete
02-07 19:10:33.440  1503  1771 V ProgrammingModeManager: serve uri=/java/file/upload
02-07 19:10:33.474  1503  1773 V ProgrammingModeManager: serve uri=/java/file/delete
02-07 19:10:33.490  1503  1775 V ProgrammingModeManager: serve uri=/java/file/upload
02-07 19:10:33.531  1503  1777 V ProgrammingModeManager: serve uri=/java/file/delete
02-07 19:10:33.545  1503  1779 V ProgrammingModeManager: serve uri=/java/file/upload
02-07 19:10:33.571  1503  1781 V ProgrammingModeManager: serve uri=/java/file/delete
02-07 19:10:33.586  1503  1783 V ProgrammingModeManager: serve uri=/java/file/upload
02-07 19:10:33.620  1503  1785 V ProgrammingModeManager: serve uri=/java/file/delete
02-07 19:10:33.642  1503  1787 V ProgrammingModeManager: serve uri=/java/file/upload
02-07 19:10:33.676  1503  1789 V ProgrammingModeManager: serve uri=/java/file/delete
02-07 19:10:33.690  1503  1791 V ProgrammingModeManager: serve uri=/java/file/upload
02-07 19:10:33.721  1503  1793 V ProgrammingModeManager: serve uri=/java/file/delete
02-07 19:10:33.738  1503  1795 V ProgrammingModeManager: serve uri=/java/file/upload
02-07 19:10:33.775  1503  1797 V ProgrammingModeManager: serve uri=/java/file/delete
02-07 19:10:33.791  1503  1799 V ProgrammingModeManager: serve uri=/java/file/upload
02-07 19:10:33.830  1503  1801 V ProgrammingModeManager: serve uri=/java/file/delete
02-07 19:10:33.847  1503  1803 V ProgrammingModeManager: serve uri=/java/file/upload
02-07 19:10:33.881  1503  1805 V ProgrammingModeManager: serve uri=/java/file/delete
02-07 19:10:33.902  1503  1807 V ProgrammingModeManager: serve uri=/java/file/upload
02-07 19:10:33.932  1503  1809 V ProgrammingModeManager: serve uri=/java/file/delete
02-07 19:10:33.946  1503  1811 V ProgrammingModeManager: serve uri=/java/file/upload
02-07 19:10:33.980  1503  1813 V ProgrammingModeManager: serve uri=/java/file/delete
02-07 19:10:33.997  1503  1815 V ProgrammingModeManager: serve uri=/java/file/upload
02-07 19:10:34.025  1503  1817 V ProgrammingModeManager: serve uri=/java/build/start
02-07 19:10:34.029  1503  1528 V OnBotJava: build request file changed: 0x00000002 /storage/emulated/0/FIRST/java/control/buildRequest.txt
02-07 19:10:34.031  1503  1528 V OnBotJava: build request file changed: 0x00000002 /storage/emulated/0/FIRST/java/control/buildRequest.txt
02-07 19:10:34.031  1503  1819 V OnBotJava: build()...
02-07 19:10:34.065  1503  1817 I ONBOTJAVA_BUILD_MONITOR: Build 1738973434025 is pending
02-07 19:10:34.077  1503  1528 I ONBOTJAVA_BUILD_MONITOR: Build 1738973434025 has successfully started
02-07 19:10:34.079  1503  1821 V ProgrammingModeManager: serve uri=/java/build/status
02-07 19:10:34.092  1503  1819 V OnBotJava: clean()...
02-07 19:10:34.195  1503  1819 V OnBotJava: ...clean()
02-07 19:10:34.195  1503  1819 V OnBotJava: ensureBuildDirs()...
02-07 19:10:34.233  1503  1819 V OnBotJava: ...ensureBuildDirs()
02-07 19:10:34.234  1503  1819 V OnBotJava: compileJavaFiles()...
02-07 19:10:35.139  1503  1821 V ProgrammingModeManager: serve uri=/java/build/status
02-07 19:10:36.199  1503  1821 V ProgrammingModeManager: serve uri=/java/build/status
02-07 19:10:37.258  1503  1821 V ProgrammingModeManager: serve uri=/java/build/status
02-07 19:10:38.328  1503  1821 V ProgrammingModeManager: serve uri=/java/build/status
02-07 19:10:39.389  1503  1821 V ProgrammingModeManager: serve uri=/java/build/status
02-07 19:10:40.448  1503  1821 V ProgrammingModeManager: serve uri=/java/build/status
02-07 19:10:41.508  1503  1821 V ProgrammingModeManager: serve uri=/java/build/status
02-07 19:10:41.607  1503  1819 W OnBotJava:Diagnostics: org/firstinspires/ftc/teamcode/LogViewer.java(41:44): MANDATORY_WARNING: getParms() in fi.iki.elonen.NanoHTTPD.IHTTPSession has been deprecated
02-07 19:10:42.347  1503  1819 W OnBotJava:Diagnostics: org/firstinspires/ftc/teamcode/BrakingCalibration.java(229:29): MANDATORY_WARNING: unchecked call to Pair(F,S) as a member of the raw type android.util.Pair
02-07 19:10:42.355  1503  1819 W OnBotJava:Diagnostics: org/firstinspires/ftc/teamcode/BrakingCalibration.java(229:28): MANDATORY_WARNING: unchecked method invocation: method add in class java.util.ArrayList is applied to given types
02-07 19:10:42.355  1503  1819 W OnBotJava:Diagnostics:   required: E
02-07 19:10:42.356  1503  1819 W OnBotJava:Diagnostics:   found: android.util.Pair
02-07 19:10:42.360  1503  1819 W OnBotJava:Diagnostics: org/firstinspires/ftc/teamcode/BrakingCalibration.java(229:29): MANDATORY_WARNING: unchecked conversion
02-07 19:10:42.360  1503  1819 W OnBotJava:Diagnostics:   required: E
02-07 19:10:42.361  1503  1819 W OnBotJava:Diagnostics:   found:    android.util.Pair
02-07 19:10:42.432  1503  1819 W OnBotJava:Diagnostics: org/firstinspires/ftc/teamcode/BrakingCalibration.java(257:29): MANDATORY_WARNING: unchecked call to Pair(F,S) as a member of the raw type android.util.Pair
02-07 19:10:42.438  1503  1819 W OnBotJava:Diagnostics: org/firstinspires/ftc/teamcode/BrakingCalibration.java(257:28): MANDATORY_WARNING: unchecked method invocation: method add in class java.util.ArrayList is applied to given types
02-07 19:10:42.438  1503  1819 W OnBotJava:Diagnostics:   required: E
02-07 19:10:42.438  1503  1819 W OnBotJava:Diagnostics:   found: android.util.Pair
02-07 19:10:42.441  1503  1819 W OnBotJava:Diagnostics: org/firstinspires/ftc/teamcode/BrakingCalibration.java(257:29): MANDATORY_WARNING: unchecked conversion
02-07 19:10:42.441  1503  1819 W OnBotJava:Diagnostics:   required: E
02-07 19:10:42.441  1503  1819 W OnBotJava:Diagnostics:   found:    android.util.Pair
02-07 19:10:42.577  1503  1821 V ProgrammingModeManager: serve uri=/java/build/status
02-07 19:10:42.581  1503  1819 V OnBotJava: ...compileJavaFiles()
02-07 19:10:42.593  1503  1819 V OnBotJava: consolidateClassFilesInJar()...
02-07 19:10:42.597  1503  1819 V OnBotJava: consolidating to /storage/emulated/0/FIRST/java/build/jars/onBotJavaJar-2025-02-07+19.10.42--1520612982/OnBotJava.jar
02-07 19:10:42.743  1503  1819 V OnBotJava: ...consolidateClassFilesInJar()
02-07 19:10:42.743  1503  1819 V OnBotJava: dexifyJarFiles()...
02-07 19:10:42.757  1503  1819 V OnBotJava: dexifying  /storage/emulated/0/FIRST/java/build/jars/onBotJavaJar-2025-02-07+19.10.42--1520612982/OnBotJava.jar...
02-07 19:10:42.759  1503  1819 V OnBotJava: using d8
02-07 19:10:43.637  1503  1821 V ProgrammingModeManager: serve uri=/java/build/status
02-07 19:10:44.696  1503  1821 V ProgrammingModeManager: serve uri=/java/build/status
02-07 19:10:45.755  1503  1821 V ProgrammingModeManager: serve uri=/java/build/status
02-07 19:10:46.815  1503  1821 V ProgrammingModeManager: serve uri=/java/build/status
02-07 19:10:47.875  1503  1821 V ProgrammingModeManager: serve uri=/java/build/status
02-07 19:10:48.934  1503  1821 V ProgrammingModeManager: serve uri=/java/build/status
02-07 19:10:49.994  1503  1821 V ProgrammingModeManager: serve uri=/java/build/status
02-07 19:10:51.053  1503  1821 V ProgrammingModeManager: serve uri=/java/build/status
02-07 19:10:52.112  1503  1821 V ProgrammingModeManager: serve uri=/java/build/status
02-07 19:10:53.173  1503  1821 V ProgrammingModeManager: serve uri=/java/build/status
02-07 19:10:53.486  1503  1819 V OnBotJava: Wrote /storage/emulated/0/FIRST/java/build/jars/onBotJavaJar-2025-02-07+19.10.42--1520612982/classes.dex
02-07 19:10:53.488  1503  1819 V OnBotJava: ...dexifying  /storage/emulated/0/FIRST/java/build/jars/onBotJavaJar-2025-02-07+19.10.42--1520612982/OnBotJava.jar
02-07 19:10:53.499  1503  1819 V OnBotJava: ...dexifyJarFiles()
02-07 19:10:53.507  1503  1819 D OnBotJavaBackupManager: Trimming old build backup: /storage/emulated/0/FIRST/java/srcBackups/OnBot-build-00001005-2025-02-03+18.51.50.zip
02-07 19:10:53.508  1503  1819 D OnBotJavaBackupManager: Backing up source code for this build to: /storage/emulated/0/FIRST/java/srcBackups/OnBot-build-00001040-2025-02-07+19.10.53.zip
02-07 19:10:53.620  1503  1819 D OnBotJavaBackupManager: Finished backing up source code for this build
02-07 19:10:53.622  1503  1528 V RegisteredOpModes: noting that OnBotJava changed
02-07 19:10:53.623  1503  1528 V RegisteredOpModes: noting that OnBotJava changed
02-07 19:10:53.635  1503  1819 V OnBotJava: onBotJava build finished successfully
02-07 19:10:53.638  1503  1528 I ONBOTJAVA_BUILD_MONITOR: Build 1738973434025 completed with status SUCCESSFUL
02-07 19:10:53.654  1503  1819 V OnBotJava: ...build()
02-07 19:10:53.654  1503  1609 V OpmodeRegistration: unregistered {Robot: TeleOp2}
02-07 19:10:53.655  1503  1609 V OpmodeRegistration: unregistered {Robot: Braking Calibration}
02-07 19:10:53.655  1503  1609 V OpmodeRegistration: unregistered {Robot: Id Net Specimen}
02-07 19:10:53.655  1503  1609 V OpmodeRegistration: unregistered {Robot: Id Observation Multiple Specimens}
02-07 19:10:53.655  1503  1609 V OpmodeRegistration: unregistered {Robot: Id Net Basket}
02-07 19:10:53.655  1503  1609 V OpmodeRegistration: unregistered {Robot: Id Observation Specimen}
02-07 19:10:53.656  1503  1609 V OpmodeRegistration: unregistered {Robot: Id Observation Specimen And Push}
02-07 19:10:53.696  1503  1609 F Assert  : assertion failed: class GoBildaPinpointDriver isn't OnBotJava: loader=ExternalLibrariesClassLoader
02-07 19:10:53.705  1503  1609 E Assert  : java.lang.RuntimeException: assertion failed: class GoBildaPinpointDriver isn't OnBotJava: loader=ExternalLibrariesClassLoader
02-07 19:10:53.708  1503  1609 E Assert  : 	at org.firstinspires.ftc.robotcore.internal.system.Assert.assertFailed(Assert.java:140)
02-07 19:10:53.711  1503  1609 E Assert  : 	at org.firstinspires.ftc.robotcore.internal.system.Assert.assertTrue(Assert.java:94)
02-07 19:10:53.715  1503  1609 E Assert  : 	at org.firstinspires.ftc.robotcore.internal.opmode.ClassManager.processOnBotJavaClasses(ClassManager.java:308)
02-07 19:10:53.718  1503  1609 E Assert  : 	at org.firstinspires.ftc.robotcore.internal.opmode.RegisteredOpModes$5.run(RegisteredOpModes.java:250)
02-07 19:10:53.721  1503  1609 E Assert  : 	at org.firstinspires.ftc.robotcore.internal.opmode.RegisteredOpModes.lockOpModesWhile(RegisteredOpModes.java:326)
02-07 19:10:53.725  1503  1609 E Assert  : 	at org.firstinspires.ftc.robotcore.internal.opmode.RegisteredOpModes.registerOnBotJavaOpModes(RegisteredOpModes.java:232)
02-07 19:10:53.728  1503  1609 E Assert  : 	at com.qualcomm.ftccommon.FtcEventLoopBase$1.run(FtcEventLoopBase.java:413)
02-07 19:10:53.730  1503  1609 E Assert  : 	at org.firstinspires.ftc.robotcore.internal.system.LockingRunner$1.get(LockingRunner.java:62)
02-07 19:10:53.731  1503  1609 E Assert  : 	at org.firstinspires.ftc.robotcore.internal.system.LockingRunner$1.get(LockingRunner.java:60)
02-07 19:10:53.731  1503  1609 E Assert  : 	at org.firstinspires.ftc.robotcore.internal.system.LockingRunner$2.call(LockingRunner.java:72)
02-07 19:10:53.732  1503  1609 E Assert  : 	at org.firstinspires.ftc.robotcore.internal.system.LockingRunner.lockWhile(LockingRunner.java:85)
02-07 19:10:53.733  1503  1609 E Assert  : 	at org.firstinspires.ftc.robotcore.internal.system.LockingRunner.lockWhile(LockingRunner.java:70)
02-07 19:10:53.734  1503  1609 E Assert  : 	at org.firstinspires.ftc.robotcore.internal.system.LockingRunner.lockWhile(LockingRunner.java:60)
02-07 19:10:53.735  1503  1609 E Assert  : 	at org.firstinspires.ftc.robotcore.internal.opmode.OnBotJavaBuildLocker.lockBuildExclusiveWhile(OnBotJavaBuildLocker.java:46)
02-07 19:10:53.736  1503  1609 E Assert  : 	at com.qualcomm.ftccommon.FtcEventLoopBase.checkForChangedOpModes(FtcEventLoopBase.java:408)
02-07 19:10:53.736  1503  1609 E Assert  : 	at com.qualcomm.ftccommon.FtcEventLoop.loop(FtcEventLoop.java:281)
02-07 19:10:53.736  1503  1609 E Assert  : 	at com.qualcomm.robotcore.eventloop.EventLoopManager$EventLoopRunnable$1.run(EventLoopManager.java:324)
02-07 19:10:53.737  1503  1609 E Assert  : 	at com.qualcomm.robotcore.util.ThreadPool.logThreadLifeCycle(ThreadPool.java:737)
02-07 19:10:53.737  1503  1609 E Assert  : 	at com.qualcomm.robotcore.eventloop.EventLoopManager$EventLoopRunnable.run(EventLoopManager.java:267)
02-07 19:10:53.738  1503  1609 E Assert  : 	at com.qualcomm.robotcore.eventloop.EventLoopManager$1.run(EventLoopManager.java:606)
02-07 19:10:53.738  1503  1609 E Assert  : 	at java.util.concurrent.ThreadPoolExecutor.runWorker(ThreadPoolExecutor.java:1133)
02-07 19:10:53.738  1503  1609 E Assert  : 	at java.util.concurrent.ThreadPoolExecutor$Worker.run(ThreadPoolExecutor.java:607)
02-07 19:10:53.739  1503  1609 E Assert  : 	at com.qualcomm.robotcore.util.ThreadPool$ThreadFactoryImpl$1.run(ThreadPool.java:793)
02-07 19:10:53.739  1503  1609 E Assert  : 	at java.lang.Thread.run(Thread.java:761)
02-07 19:10:53.740  1503  1609 F Assert  : assertion failed: class EncoderDirection isn't OnBotJava: loader=ExternalLibrariesClassLoader
02-07 19:10:53.743  1503  1609 E Assert  : java.lang.RuntimeException: assertion failed: class EncoderDirection isn't OnBotJava: loader=ExternalLibrariesClassLoader
02-07 19:10:53.744  1503  1609 E Assert  : 	at org.firstinspires.ftc.robotcore.internal.system.Assert.assertFailed(Assert.java:140)
02-07 19:10:53.744  1503  1609 E Assert  : 	at org.firstinspires.ftc.robotcore.internal.system.Assert.assertTrue(Assert.java:94)
02-07 19:10:53.745  1503  1609 E Assert  : 	at org.firstinspires.ftc.robotcore.internal.opmode.ClassManager.processOnBotJavaClasses(ClassManager.java:308)
02-07 19:10:53.745  1503  1609 E Assert  : 	at org.firstinspires.ftc.robotcore.internal.opmode.RegisteredOpModes$5.run(RegisteredOpModes.java:250)
02-07 19:10:53.745  1503  1609 E Assert  : 	at org.firstinspires.ftc.robotcore.internal.opmode.RegisteredOpModes.lockOpModesWhile(RegisteredOpModes.java:326)
02-07 19:10:53.746  1503  1609 E Assert  : 	at org.firstinspires.ftc.robotcore.internal.opmode.RegisteredOpModes.registerOnBotJavaOpModes(RegisteredOpModes.java:232)
02-07 19:10:53.746  1503  1609 E Assert  : 	at com.qualcomm.ftccommon.FtcEventLoopBase$1.run(FtcEventLoopBase.java:413)
02-07 19:10:53.746  1503  1609 E Assert  : 	at org.firstinspires.ftc.robotcore.internal.system.LockingRunner$1.get(LockingRunner.java:62)
02-07 19:10:53.747  1503  1609 E Assert  : 	at org.firstinspires.ftc.robotcore.internal.system.LockingRunner$1.get(LockingRunner.java:60)
02-07 19:10:53.747  1503  1609 E Assert  : 	at org.firstinspires.ftc.robotcore.internal.system.LockingRunner$2.call(LockingRunner.java:72)
02-07 19:10:53.748  1503  1609 E Assert  : 	at org.firstinspires.ftc.robotcore.internal.system.LockingRunner.lockWhile(LockingRunner.java:85)
02-07 19:10:53.748  1503  1609 E Assert  : 	at org.firstinspires.ftc.robotcore.internal.system.LockingRunner.lockWhile(LockingRunner.java:70)
02-07 19:10:53.749  1503  1609 E Assert  : 	at org.firstinspires.ftc.robotcore.internal.system.LockingRunner.lockWhile(LockingRunner.java:60)
02-07 19:10:53.749  1503  1609 E Assert  : 	at org.firstinspires.ftc.robotcore.internal.opmode.OnBotJavaBuildLocker.lockBuildExclusiveWhile(OnBotJavaBuildLocker.java:46)
02-07 19:10:53.749  1503  1609 E Assert  : 	at com.qualcomm.ftccommon.FtcEventLoopBase.checkForChangedOpModes(FtcEventLoopBase.java:408)
02-07 19:10:53.750  1503  1609 E Assert  : 	at com.qualcomm.ftccommon.FtcEventLoop.loop(FtcEventLoop.java:281)
02-07 19:10:53.750  1503  1609 E Assert  : 	at com.qualcomm.robotcore.eventloop.EventLoopManager$EventLoopRunnable$1.run(EventLoopManager.java:324)
02-07 19:10:53.750  1503  1609 E Assert  : 	at com.qualcomm.robotcore.util.ThreadPool.logThreadLifeCycle(ThreadPool.java:737)
02-07 19:10:53.751  1503  1609 E Assert  : 	at com.qualcomm.robotcore.eventloop.EventLoopManager$EventLoopRunnable.run(EventLoopManager.java:267)
02-07 19:10:53.751  1503  1609 E Assert  : 	at com.qualcomm.robotcore.eventloop.EventLoopManager$1.run(EventLoopManager.java:606)
02-07 19:10:53.751  1503  1609 E Assert  : 	at java.util.concurrent.ThreadPoolExecutor.runWorker(ThreadPoolExecutor.java:1133)
02-07 19:10:53.752  1503  1609 E Assert  : 	at java.util.concurrent.ThreadPoolExecutor$Worker.run(ThreadPoolExecutor.java:607)
02-07 19:10:53.752  1503  1609 E Assert  : 	at com.qualcomm.robotcore.util.ThreadPool$ThreadFactoryImpl$1.run(ThreadPool.java:793)
02-07 19:10:53.753  1503  1609 E Assert  : 	at java.lang.Thread.run(Thread.java:761)
02-07 19:10:53.753  1503  1609 F Assert  : assertion failed: class readData isn't OnBotJava: loader=ExternalLibrariesClassLoader
02-07 19:10:53.756  1503  1609 E Assert  : java.lang.RuntimeException: assertion failed: class readData isn't OnBotJava: loader=ExternalLibrariesClassLoader
02-07 19:10:53.757  1503  1609 E Assert  : 	at org.firstinspires.ftc.robotcore.internal.system.Assert.assertFailed(Assert.java:140)
02-07 19:10:53.757  1503  1609 E Assert  : 	at org.firstinspires.ftc.robotcore.internal.system.Assert.assertTrue(Assert.java:94)
02-07 19:10:53.758  1503  1609 E Assert  : 	at org.firstinspires.ftc.robotcore.internal.opmode.ClassManager.processOnBotJavaClasses(ClassManager.java:308)
02-07 19:10:53.758  1503  1609 E Assert  : 	at org.firstinspires.ftc.robotcore.internal.opmode.RegisteredOpModes$5.run(RegisteredOpModes.java:250)
02-07 19:10:53.758  1503  1609 E Assert  : 	at org.firstinspires.ftc.robotcore.internal.opmode.RegisteredOpModes.lockOpModesWhile(RegisteredOpModes.java:326)
02-07 19:10:53.759  1503  1609 E Assert  : 	at org.firstinspires.ftc.robotcore.internal.opmode.RegisteredOpModes.registerOnBotJavaOpModes(RegisteredOpModes.java:232)
02-07 19:10:53.759  1503  1609 E Assert  : 	at com.qualcomm.ftccommon.FtcEventLoopBase$1.run(FtcEventLoopBase.java:413)
02-07 19:10:53.760  1503  1609 E Assert  : 	at org.firstinspires.ftc.robotcore.internal.system.LockingRunner$1.get(LockingRunner.java:62)
02-07 19:10:53.760  1503  1609 E Assert  : 	at org.firstinspires.ftc.robotcore.internal.system.LockingRunner$1.get(LockingRunner.java:60)
02-07 19:10:53.760  1503  1609 E Assert  : 	at org.firstinspires.ftc.robotcore.internal.system.LockingRunner$2.call(LockingRunner.java:72)
02-07 19:10:53.761  1503  1609 E Assert  : 	at org.firstinspires.ftc.robotcore.internal.system.LockingRunner.lockWhile(LockingRunner.java:85)
02-07 19:10:53.761  1503  1609 E Assert  : 	at org.firstinspires.ftc.robotcore.internal.system.LockingRunner.lockWhile(LockingRunner.java:70)
02-07 19:10:53.762  1503  1609 E Assert  : 	at org.firstinspires.ftc.robotcore.internal.system.LockingRunner.lockWhile(LockingRunner.java:60)
02-07 19:10:53.762  1503  1609 E Assert  : 	at org.firstinspires.ftc.robotcore.internal.opmode.OnBotJavaBuildLocker.lockBuildExclusiveWhile(OnBotJavaBuildLocker.java:46)
02-07 19:10:53.762  1503  1609 E Assert  : 	at com.qualcomm.ftccommon.FtcEventLoopBase.checkForChangedOpModes(FtcEventLoopBase.java:408)
02-07 19:10:53.762  1503  1609 E Assert  : 	at com.qualcomm.ftccommon.FtcEventLoop.loop(FtcEventLoop.java:281)
02-07 19:10:53.763  1503  1609 E Assert  : 	at com.qualcomm.robotcore.eventloop.EventLoopManager$EventLoopRunnable$1.run(EventLoopManager.java:324)
02-07 19:10:53.764  1503  1609 E Assert  : 	at com.qualcomm.robotcore.util.ThreadPool.logThreadLifeCycle(ThreadPool.java:737)
02-07 19:10:53.764  1503  1609 E Assert  : 	at com.qualcomm.robotcore.eventloop.EventLoopManager$EventLoopRunnable.run(EventLoopManager.java:267)
02-07 19:10:53.764  1503  1609 E Assert  : 	at com.qualcomm.robotcore.eventloop.EventLoopManager$1.run(EventLoopManager.java:606)
02-07 19:10:53.764  1503  1609 E Assert  : 	at java.util.concurrent.ThreadPoolExecutor.runWorker(ThreadPoolExecutor.java:1133)
02-07 19:10:53.765  1503  1609 E Assert  : 	at java.util.concurrent.ThreadPoolExecutor$Worker.run(ThreadPoolExecutor.java:607)
02-07 19:10:53.765  1503  1609 E Assert  : 	at com.qualcomm.robotcore.util.ThreadPool$ThreadFactoryImpl$1.run(ThreadPool.java:793)
02-07 19:10:53.765  1503  1609 E Assert  : 	at java.lang.Thread.run(Thread.java:761)
02-07 19:10:53.766  1503  1609 F Assert  : assertion failed: class Register isn't OnBotJava: loader=ExternalLibrariesClassLoader
02-07 19:10:53.768  1503  1609 E Assert  : java.lang.RuntimeException: assertion failed: class Register isn't OnBotJava: loader=ExternalLibrariesClassLoader
02-07 19:10:53.769  1503  1609 E Assert  : 	at org.firstinspires.ftc.robotcore.internal.system.Assert.assertFailed(Assert.java:140)
02-07 19:10:53.769  1503  1609 E Assert  : 	at org.firstinspires.ftc.robotcore.internal.system.Assert.assertTrue(Assert.java:94)
02-07 19:10:53.770  1503  1609 E Assert  : 	at org.firstinspires.ftc.robotcore.internal.opmode.ClassManager.processOnBotJavaClasses(ClassManager.java:308)
02-07 19:10:53.770  1503  1609 E Assert  : 	at org.firstinspires.ftc.robotcore.internal.opmode.RegisteredOpModes$5.run(RegisteredOpModes.java:250)
02-07 19:10:53.771  1503  1609 E Assert  : 	at org.firstinspires.ftc.robotcore.internal.opmode.RegisteredOpModes.lockOpModesWhile(RegisteredOpModes.java:326)
02-07 19:10:53.771  1503  1609 E Assert  : 	at org.firstinspires.ftc.robotcore.internal.opmode.RegisteredOpModes.registerOnBotJavaOpModes(RegisteredOpModes.java:232)
02-07 19:10:53.771  1503  1609 E Assert  : 	at com.qualcomm.ftccommon.FtcEventLoopBase$1.run(FtcEventLoopBase.java:413)
02-07 19:10:53.772  1503  1609 E Assert  : 	at org.firstinspires.ftc.robotcore.internal.system.LockingRunner$1.get(LockingRunner.java:62)
02-07 19:10:53.772  1503  1609 E Assert  : 	at org.firstinspires.ftc.robotcore.internal.system.LockingRunner$1.get(LockingRunner.java:60)
02-07 19:10:53.772  1503  1609 E Assert  : 	at org.firstinspires.ftc.robotcore.internal.system.LockingRunner$2.call(LockingRunner.java:72)
02-07 19:10:53.772  1503  1609 E Assert  : 	at org.firstinspires.ftc.robotcore.internal.system.LockingRunner.lockWhile(LockingRunner.java:85)
02-07 19:10:53.773  1503  1609 E Assert  : 	at org.firstinspires.ftc.robotcore.internal.system.LockingRunner.lockWhile(LockingRunner.java:70)
02-07 19:10:53.773  1503  1609 E Assert  : 	at org.firstinspires.ftc.robotcore.internal.system.LockingRunner.lockWhile(LockingRunner.java:60)
02-07 19:10:53.774  1503  1609 E Assert  : 	at org.firstinspires.ftc.robotcore.internal.opmode.OnBotJavaBuildLocker.lockBuildExclusiveWhile(OnBotJavaBuildLocker.java:46)
02-07 19:10:53.774  1503  1609 E Assert  : 	at com.qualcomm.ftccommon.FtcEventLoopBase.checkForChangedOpModes(FtcEventLoopBase.java:408)
02-07 19:10:53.774  1503  1609 E Assert  : 	at com.qualcomm.ftccommon.FtcEventLoop.loop(FtcEventLoop.java:281)
02-07 19:10:53.775  1503  1609 E Assert  : 	at com.qualcomm.robotcore.eventloop.EventLoopManager$EventLoopRunnable$1.run(EventLoopManager.java:324)
02-07 19:10:53.775  1503  1609 E Assert  : 	at com.qualcomm.robotcore.util.ThreadPool.logThreadLifeCycle(ThreadPool.java:737)
02-07 19:10:53.775  1503  1609 E Assert  : 	at com.qualcomm.robotcore.eventloop.EventLoopManager$EventLoopRunnable.run(EventLoopManager.java:267)
02-07 19:10:53.776  1503  1609 E Assert  : 	at com.qualcomm.robotcore.eventloop.EventLoopManager$1.run(EventLoopManager.java:606)
02-07 19:10:53.776  1503  1609 E Assert  : 	at java.util.concurrent.ThreadPoolExecutor.runWorker(ThreadPoolExecutor.java:1133)
02-07 19:10:53.776  1503  1609 E Assert  : 	at java.util.concurrent.ThreadPoolExecutor$Worker.run(ThreadPoolExecutor.java:607)
02-07 19:10:53.777  1503  1609 E Assert  : 	at com.qualcomm.robotcore.util.ThreadPool$ThreadFactoryImpl$1.run(ThreadPool.java:793)
02-07 19:10:53.777  1503  1609 E Assert  : 	at java.lang.Thread.run(Thread.java:761)
02-07 19:10:53.778  1503  1609 F Assert  : assertion failed: class GoBildaOdometryPods isn't OnBotJava: loader=ExternalLibrariesClassLoader
02-07 19:10:53.780  1503  1609 E Assert  : java.lang.RuntimeException: assertion failed: class GoBildaOdometryPods isn't OnBotJava: loader=ExternalLibrariesClassLoader
02-07 19:10:53.780  1503  1609 E Assert  : 	at org.firstinspires.ftc.robotcore.internal.system.Assert.assertFailed(Assert.java:140)
02-07 19:10:53.781  1503  1609 E Assert  : 	at org.firstinspires.ftc.robotcore.internal.system.Assert.assertTrue(Assert.java:94)
02-07 19:10:53.781  1503  1609 E Assert  : 	at org.firstinspires.ftc.robotcore.internal.opmode.ClassManager.processOnBotJavaClasses(ClassManager.java:308)
02-07 19:10:53.782  1503  1609 E Assert  : 	at org.firstinspires.ftc.robotcore.internal.opmode.RegisteredOpModes$5.run(RegisteredOpModes.java:250)
02-07 19:10:53.782  1503  1609 E Assert  : 	at org.firstinspires.ftc.robotcore.internal.opmode.RegisteredOpModes.lockOpModesWhile(RegisteredOpModes.java:326)
02-07 19:10:53.783  1503  1609 E Assert  : 	at org.firstinspires.ftc.robotcore.internal.opmode.RegisteredOpModes.registerOnBotJavaOpModes(RegisteredOpModes.java:232)
02-07 19:10:53.783  1503  1609 E Assert  : 	at com.qualcomm.ftccommon.FtcEventLoopBase$1.run(FtcEventLoopBase.java:413)
02-07 19:10:53.784  1503  1609 E Assert  : 	at org.firstinspires.ftc.robotcore.internal.system.LockingRunner$1.get(LockingRunner.java:62)
02-07 19:10:53.784  1503  1609 E Assert  : 	at org.firstinspires.ftc.robotcore.internal.system.LockingRunner$1.get(LockingRunner.java:60)
02-07 19:10:53.785  1503  1609 E Assert  : 	at org.firstinspires.ftc.robotcore.internal.system.LockingRunner$2.call(LockingRunner.java:72)
02-07 19:10:53.785  1503  1609 E Assert  : 	at org.firstinspires.ftc.robotcore.internal.system.LockingRunner.lockWhile(LockingRunner.java:85)
02-07 19:10:53.786  1503  1609 E Assert  : 	at org.firstinspires.ftc.robotcore.internal.system.LockingRunner.lockWhile(LockingRunner.java:70)
02-07 19:10:53.786  1503  1609 E Assert  : 	at org.firstinspires.ftc.robotcore.internal.system.LockingRunner.lockWhile(LockingRunner.java:60)
02-07 19:10:53.786  1503  1609 E Assert  : 	at org.firstinspires.ftc.robotcore.internal.opmode.OnBotJavaBuildLocker.lockBuildExclusiveWhile(OnBotJavaBuildLocker.java:46)
02-07 19:10:53.787  1503  1609 E Assert  : 	at com.qualcomm.ftccommon.FtcEventLoopBase.checkForChangedOpModes(FtcEventLoopBase.java:408)
02-07 19:10:53.787  1503  1609 E Assert  : 	at com.qualcomm.ftccommon.FtcEventLoop.loop(FtcEventLoop.java:281)
02-07 19:10:53.788  1503  1609 E Assert  : 	at com.qualcomm.robotcore.eventloop.EventLoopManager$EventLoopRunnable$1.run(EventLoopManager.java:324)
02-07 19:10:53.788  1503  1609 E Assert  : 	at com.qualcomm.robotcore.util.ThreadPool.logThreadLifeCycle(ThreadPool.java:737)
02-07 19:10:53.789  1503  1609 E Assert  : 	at com.qualcomm.robotcore.eventloop.EventLoopManager$EventLoopRunnable.run(EventLoopManager.java:267)
02-07 19:10:53.789  1503  1609 E Assert  : 	at com.qualcomm.robotcore.eventloop.EventLoopManager$1.run(EventLoopManager.java:606)
02-07 19:10:53.789  1503  1609 E Assert  : 	at java.util.concurrent.ThreadPoolExecutor.runWorker(ThreadPoolExecutor.java:1133)
02-07 19:10:53.790  1503  1609 E Assert  : 	at java.util.concurrent.ThreadPoolExecutor$Worker.run(ThreadPoolExecutor.java:607)
02-07 19:10:53.790  1503  1609 E Assert  : 	at com.qualcomm.robotcore.util.ThreadPool$ThreadFactoryImpl$1.run(ThreadPool.java:793)
02-07 19:10:53.790  1503  1609 E Assert  : 	at java.lang.Thread.run(Thread.java:761)
02-07 19:10:53.791  1503  1609 F Assert  : assertion failed: class DeviceStatus isn't OnBotJava: loader=ExternalLibrariesClassLoader
02-07 19:10:53.792  1503  1609 E Assert  : java.lang.RuntimeException: assertion failed: class DeviceStatus isn't OnBotJava: loader=ExternalLibrariesClassLoader
02-07 19:10:53.793  1503  1609 E Assert  : 	at org.firstinspires.ftc.robotcore.internal.system.Assert.assertFailed(Assert.java:140)
02-07 19:10:53.793  1503  1609 E Assert  : 	at org.firstinspires.ftc.robotcore.internal.system.Assert.assertTrue(Assert.java:94)
02-07 19:10:53.793  1503  1609 E Assert  : 	at org.firstinspires.ftc.robotcore.internal.opmode.ClassManager.processOnBotJavaClasses(ClassManager.java:308)
02-07 19:10:53.794  1503  1609 E Assert  : 	at org.firstinspires.ftc.robotcore.internal.opmode.RegisteredOpModes$5.run(RegisteredOpModes.java:250)
02-07 19:10:53.794  1503  1609 E Assert  : 	at org.firstinspires.ftc.robotcore.internal.opmode.RegisteredOpModes.lockOpModesWhile(RegisteredOpModes.java:326)
02-07 19:10:53.795  1503  1609 E Assert  : 	at org.firstinspires.ftc.robotcore.internal.opmode.RegisteredOpModes.registerOnBotJavaOpModes(RegisteredOpModes.java:232)
02-07 19:10:53.795  1503  1609 E Assert  : 	at com.qualcomm.ftccommon.FtcEventLoopBase$1.run(FtcEventLoopBase.java:413)
02-07 19:10:53.795  1503  1609 E Assert  : 	at org.firstinspires.ftc.robotcore.internal.system.LockingRunner$1.get(LockingRunner.java:62)
02-07 19:10:53.796  1503  1609 E Assert  : 	at org.firstinspires.ftc.robotcore.internal.system.LockingRunner$1.get(LockingRunner.java:60)
02-07 19:10:53.796  1503  1609 E Assert  : 	at org.firstinspires.ftc.robotcore.internal.system.LockingRunner$2.call(LockingRunner.java:72)
02-07 19:10:53.797  1503  1609 E Assert  : 	at org.firstinspires.ftc.robotcore.internal.system.LockingRunner.lockWhile(LockingRunner.java:85)
02-07 19:10:53.797  1503  1609 E Assert  : 	at org.firstinspires.ftc.robotcore.internal.system.LockingRunner.lockWhile(LockingRunner.java:70)
02-07 19:10:53.797  1503  1609 E Assert  : 	at org.firstinspires.ftc.robotcore.internal.system.LockingRunner.lockWhile(LockingRunner.java:60)
02-07 19:10:53.798  1503  1609 E Assert  : 	at org.firstinspires.ftc.robotcore.internal.opmode.OnBotJavaBuildLocker.lockBuildExclusiveWhile(OnBotJavaBuildLocker.java:46)
02-07 19:10:53.798  1503  1609 E Assert  : 	at com.qualcomm.ftccommon.FtcEventLoopBase.checkForChangedOpModes(FtcEventLoopBase.java:408)
02-07 19:10:53.798  1503  1609 E Assert  : 	at com.qualcomm.ftccommon.FtcEventLoop.loop(FtcEventLoop.java:281)
02-07 19:10:53.799  1503  1609 E Assert  : 	at com.qualcomm.robotcore.eventloop.EventLoopManager$EventLoopRunnable$1.run(EventLoopManager.java:324)
02-07 19:10:53.799  1503  1609 E Assert  : 	at com.qualcomm.robotcore.util.ThreadPool.logThreadLifeCycle(ThreadPool.java:737)
02-07 19:10:53.799  1503  1609 E Assert  : 	at com.qualcomm.robotcore.eventloop.EventLoopManager$EventLoopRunnable.run(EventLoopManager.java:267)
02-07 19:10:53.800  1503  1609 E Assert  : 	at com.qualcomm.robotcore.eventloop.EventLoopManager$1.run(EventLoopManager.java:606)
02-07 19:10:53.800  1503  1609 E Assert  : 	at java.util.concurrent.ThreadPoolExecutor.runWorker(ThreadPoolExecutor.java:1133)
02-07 19:10:53.800  1503  1609 E Assert  : 	at java.util.concurrent.ThreadPoolExecutor$Worker.run(ThreadPoolExecutor.java:607)
02-07 19:10:53.801  1503  1609 E Assert  : 	at com.qualcomm.robotcore.util.ThreadPool$ThreadFactoryImpl$1.run(ThreadPool.java:793)
02-07 19:10:53.801  1503  1609 E Assert  : 	at java.lang.Thread.run(Thread.java:761)
02-07 19:10:53.801  1503  1609 F Assert  : assertion failed: class GoBildaPinpointDriver isn't OnBotJava: loader=ExternalLibrariesClassLoader
02-07 19:10:53.802  1503  1609 E Assert  : java.lang.RuntimeException: assertion failed: class GoBildaPinpointDriver isn't OnBotJava: loader=ExternalLibrariesClassLoader
02-07 19:10:53.803  1503  1609 E Assert  : 	at org.firstinspires.ftc.robotcore.internal.system.Assert.assertFailed(Assert.java:140)
02-07 19:10:53.804  1503  1609 E Assert  : 	at org.firstinspires.ftc.robotcore.internal.system.Assert.assertTrue(Assert.java:94)
02-07 19:10:53.804  1503  1609 E Assert  : 	at org.firstinspires.ftc.robotcore.internal.opmode.ClassManager.processOnBotJavaClasses(ClassManager.java:308)
02-07 19:10:53.804  1503  1609 E Assert  : 	at org.firstinspires.ftc.robotcore.internal.opmode.RegisteredOpModes$5.run(RegisteredOpModes.java:250)
02-07 19:10:53.805  1503  1609 E Assert  : 	at org.firstinspires.ftc.robotcore.internal.opmode.RegisteredOpModes.lockOpModesWhile(RegisteredOpModes.java:326)
02-07 19:10:53.805  1503  1609 E Assert  : 	at org.firstinspires.ftc.robotcore.internal.opmode.RegisteredOpModes.registerOnBotJavaOpModes(RegisteredOpModes.java:232)
02-07 19:10:53.805  1503  1609 E Assert  : 	at com.qualcomm.ftccommon.FtcEventLoopBase$1.run(FtcEventLoopBase.java:413)
02-07 19:10:53.805  1503  1609 E Assert  : 	at org.firstinspires.ftc.robotcore.internal.system.LockingRunner$1.get(LockingRunner.java:62)
02-07 19:10:53.806  1503  1609 E Assert  : 	at org.firstinspires.ftc.robotcore.internal.system.LockingRunner$1.get(LockingRunner.java:60)
02-07 19:10:53.806  1503  1609 E Assert  : 	at org.firstinspires.ftc.robotcore.internal.system.LockingRunner$2.call(LockingRunner.java:72)
02-07 19:10:53.806  1503  1609 E Assert  : 	at org.firstinspires.ftc.robotcore.internal.system.LockingRunner.lockWhile(LockingRunner.java:85)
02-07 19:10:53.807  1503  1609 E Assert  : 	at org.firstinspires.ftc.robotcore.internal.system.LockingRunner.lockWhile(LockingRunner.java:70)
02-07 19:10:53.807  1503  1609 E Assert  : 	at org.firstinspires.ftc.robotcore.internal.system.LockingRunner.lockWhile(LockingRunner.java:60)
02-07 19:10:53.807  1503  1609 E Assert  : 	at org.firstinspires.ftc.robotcore.internal.opmode.OnBotJavaBuildLocker.lockBuildExclusiveWhile(OnBotJavaBuildLocker.java:46)
02-07 19:10:53.808  1503  1609 E Assert  : 	at com.qualcomm.ftccommon.FtcEventLoopBase.checkForChangedOpModes(FtcEventLoopBase.java:408)
02-07 19:10:53.808  1503  1609 E Assert  : 	at com.qualcomm.ftccommon.FtcEventLoop.loop(FtcEventLoop.java:281)
02-07 19:10:53.809  1503  1609 E Assert  : 	at com.qualcomm.robotcore.eventloop.EventLoopManager$EventLoopRunnable$1.run(EventLoopManager.java:324)
02-07 19:10:53.809  1503  1609 E Assert  : 	at com.qualcomm.robotcore.util.ThreadPool.logThreadLifeCycle(ThreadPool.java:737)
02-07 19:10:53.809  1503  1609 E Assert  : 	at com.qualcomm.robotcore.eventloop.EventLoopManager$EventLoopRunnable.run(EventLoopManager.java:267)
02-07 19:10:53.810  1503  1609 E Assert  : 	at com.qualcomm.robotcore.eventloop.EventLoopManager$1.run(EventLoopManager.java:606)
02-07 19:10:53.810  1503  1609 E Assert  : 	at java.util.concurrent.ThreadPoolExecutor.runWorker(ThreadPoolExecutor.java:1133)
02-07 19:10:53.811  1503  1609 E Assert  : 	at java.util.concurrent.ThreadPoolExecutor$Worker.run(ThreadPoolExecutor.java:607)
02-07 19:10:53.811  1503  1609 E Assert  : 	at com.qualcomm.robotcore.util.ThreadPool$ThreadFactoryImpl$1.run(ThreadPool.java:793)
02-07 19:10:53.811  1503  1609 E Assert  : 	at java.lang.Thread.run(Thread.java:761)
02-07 19:10:53.811  1503  1609 F Assert  : assertion failed: class EncoderDirection isn't OnBotJava: loader=ExternalLibrariesClassLoader
02-07 19:10:53.812  1503  1609 E Assert  : java.lang.RuntimeException: assertion failed: class EncoderDirection isn't OnBotJava: loader=ExternalLibrariesClassLoader
02-07 19:10:53.813  1503  1609 E Assert  : 	at org.firstinspires.ftc.robotcore.internal.system.Assert.assertFailed(Assert.java:140)
02-07 19:10:53.814  1503  1609 E Assert  : 	at org.firstinspires.ftc.robotcore.internal.system.Assert.assertTrue(Assert.java:94)
02-07 19:10:53.814  1503  1609 E Assert  : 	at org.firstinspires.ftc.robotcore.internal.opmode.ClassManager.processOnBotJavaClasses(ClassManager.java:308)
02-07 19:10:53.815  1503  1609 E Assert  : 	at org.firstinspires.ftc.robotcore.internal.opmode.RegisteredOpModes$5.run(RegisteredOpModes.java:250)
02-07 19:10:53.815  1503  1609 E Assert  : 	at org.firstinspires.ftc.robotcore.internal.opmode.RegisteredOpModes.lockOpModesWhile(RegisteredOpModes.java:326)
02-07 19:10:53.815  1503  1609 E Assert  : 	at org.firstinspires.ftc.robotcore.internal.opmode.RegisteredOpModes.registerOnBotJavaOpModes(RegisteredOpModes.java:232)
02-07 19:10:53.815  1503  1609 E Assert  : 	at com.qualcomm.ftccommon.FtcEventLoopBase$1.run(FtcEventLoopBase.java:413)
02-07 19:10:53.816  1503  1609 E Assert  : 	at org.firstinspires.ftc.robotcore.internal.system.LockingRunner$1.get(LockingRunner.java:62)
02-07 19:10:53.816  1503  1609 E Assert  : 	at org.firstinspires.ftc.robotcore.internal.system.LockingRunner$1.get(LockingRunner.java:60)
02-07 19:10:53.817  1503  1609 E Assert  : 	at org.firstinspires.ftc.robotcore.internal.system.LockingRunner$2.call(LockingRunner.java:72)
02-07 19:10:53.817  1503  1609 E Assert  : 	at org.firstinspires.ftc.robotcore.internal.system.LockingRunner.lockWhile(LockingRunner.java:85)
02-07 19:10:53.817  1503  1609 E Assert  : 	at org.firstinspires.ftc.robotcore.internal.system.LockingRunner.lockWhile(LockingRunner.java:70)
02-07 19:10:53.818  1503  1609 E Assert  : 	at org.firstinspires.ftc.robotcore.internal.system.LockingRunner.lockWhile(LockingRunner.java:60)
02-07 19:10:53.818  1503  1609 E Assert  : 	at org.firstinspires.ftc.robotcore.internal.opmode.OnBotJavaBuildLocker.lockBuildExclusiveWhile(OnBotJavaBuildLocker.java:46)
02-07 19:10:53.818  1503  1609 E Assert  : 	at com.qualcomm.ftccommon.FtcEventLoopBase.checkForChangedOpModes(FtcEventLoopBase.java:408)
02-07 19:10:53.819  1503  1609 E Assert  : 	at com.qualcomm.ftccommon.FtcEventLoop.loop(FtcEventLoop.java:281)
02-07 19:10:53.819  1503  1609 E Assert  : 	at com.qualcomm.robotcore.eventloop.EventLoopManager$EventLoopRunnable$1.run(EventLoopManager.java:324)
02-07 19:10:53.819  1503  1609 E Assert  : 	at com.qualcomm.robotcore.util.ThreadPool.logThreadLifeCycle(ThreadPool.java:737)
02-07 19:10:53.819  1503  1609 E Assert  : 	at com.qualcomm.robotcore.eventloop.EventLoopManager$EventLoopRunnable.run(EventLoopManager.java:267)
02-07 19:10:53.820  1503  1609 E Assert  : 	at com.qualcomm.robotcore.eventloop.EventLoopManager$1.run(EventLoopManager.java:606)
02-07 19:10:53.820  1503  1609 E Assert  : 	at java.util.concurrent.ThreadPoolExecutor.runWorker(ThreadPoolExecutor.java:1133)
02-07 19:10:53.820  1503  1609 E Assert  : 	at java.util.concurrent.ThreadPoolExecutor$Worker.run(ThreadPoolExecutor.java:607)
02-07 19:10:53.821  1503  1609 E Assert  : 	at com.qualcomm.robotcore.util.ThreadPool$ThreadFactoryImpl$1.run(ThreadPool.java:793)
02-07 19:10:53.821  1503  1609 E Assert  : 	at java.lang.Thread.run(Thread.java:761)
02-07 19:10:53.821  1503  1609 F Assert  : assertion failed: class readData isn't OnBotJava: loader=ExternalLibrariesClassLoader
02-07 19:10:53.822  1503  1609 E Assert  : java.lang.RuntimeException: assertion failed: class readData isn't OnBotJava: loader=ExternalLibrariesClassLoader
02-07 19:10:53.823  1503  1609 E Assert  : 	at org.firstinspires.ftc.robotcore.internal.system.Assert.assertFailed(Assert.java:140)
02-07 19:10:53.823  1503  1609 E Assert  : 	at org.firstinspires.ftc.robotcore.internal.system.Assert.assertTrue(Assert.java:94)
02-07 19:10:53.824  1503  1609 E Assert  : 	at org.firstinspires.ftc.robotcore.internal.opmode.ClassManager.processOnBotJavaClasses(ClassManager.java:308)
02-07 19:10:53.824  1503  1609 E Assert  : 	at org.firstinspires.ftc.robotcore.internal.opmode.RegisteredOpModes$5.run(RegisteredOpModes.java:250)
02-07 19:10:53.825  1503  1609 E Assert  : 	at org.firstinspires.ftc.robotcore.internal.opmode.RegisteredOpModes.lockOpModesWhile(RegisteredOpModes.java:326)
02-07 19:10:53.825  1503  1609 E Assert  : 	at org.firstinspires.ftc.robotcore.internal.opmode.RegisteredOpModes.registerOnBotJavaOpModes(RegisteredOpModes.java:232)
02-07 19:10:53.825  1503  1609 E Assert  : 	at com.qualcomm.ftccommon.FtcEventLoopBase$1.run(FtcEventLoopBase.java:413)
02-07 19:10:53.826  1503  1609 E Assert  : 	at org.firstinspires.ftc.robotcore.internal.system.LockingRunner$1.get(LockingRunner.java:62)
02-07 19:10:53.826  1503  1609 E Assert  : 	at org.firstinspires.ftc.robotcore.internal.system.LockingRunner$1.get(LockingRunner.java:60)
02-07 19:10:53.826  1503  1609 E Assert  : 	at org.firstinspires.ftc.robotcore.internal.system.LockingRunner$2.call(LockingRunner.java:72)
02-07 19:10:53.826  1503  1609 E Assert  : 	at org.firstinspires.ftc.robotcore.internal.system.LockingRunner.lockWhile(LockingRunner.java:85)
02-07 19:10:53.827  1503  1609 E Assert  : 	at org.firstinspires.ftc.robotcore.internal.system.LockingRunner.lockWhile(LockingRunner.java:70)
02-07 19:10:53.827  1503  1609 E Assert  : 	at org.firstinspires.ftc.robotcore.internal.system.LockingRunner.lockWhile(LockingRunner.java:60)
02-07 19:10:53.827  1503  1609 E Assert  : 	at org.firstinspires.ftc.robotcore.internal.opmode.OnBotJavaBuildLocker.lockBuildExclusiveWhile(OnBotJavaBuildLocker.java:46)
02-07 19:10:53.828  1503  1609 E Assert  : 	at com.qualcomm.ftccommon.FtcEventLoopBase.checkForChangedOpModes(FtcEventLoopBase.java:408)
02-07 19:10:53.828  1503  1609 E Assert  : 	at com.qualcomm.ftccommon.FtcEventLoop.loop(FtcEventLoop.java:281)
02-07 19:10:53.828  1503  1609 E Assert  : 	at com.qualcomm.robotcore.eventloop.EventLoopManager$EventLoopRunnable$1.run(EventLoopManager.java:324)
02-07 19:10:53.829  1503  1609 E Assert  : 	at com.qualcomm.robotcore.util.ThreadPool.logThreadLifeCycle(ThreadPool.java:737)
02-07 19:10:53.829  1503  1609 E Assert  : 	at com.qualcomm.robotcore.eventloop.EventLoopManager$EventLoopRunnable.run(EventLoopManager.java:267)
02-07 19:10:53.830  1503  1609 E Assert  : 	at com.qualcomm.robotcore.eventloop.EventLoopManager$1.run(EventLoopManager.java:606)
02-07 19:10:53.830  1503  1609 E Assert  : 	at java.util.concurrent.ThreadPoolExecutor.runWorker(ThreadPoolExecutor.java:1133)
02-07 19:10:53.830  1503  1609 E Assert  : 	at java.util.concurrent.ThreadPoolExecutor$Worker.run(ThreadPoolExecutor.java:607)
02-07 19:10:53.830  1503  1609 E Assert  : 	at com.qualcomm.robotcore.util.ThreadPool$ThreadFactoryImpl$1.run(ThreadPool.java:793)
02-07 19:10:53.831  1503  1609 E Assert  : 	at java.lang.Thread.run(Thread.java:761)
02-07 19:10:53.831  1503  1609 F Assert  : assertion failed: class Register isn't OnBotJava: loader=ExternalLibrariesClassLoader
02-07 19:10:53.832  1503  1609 E Assert  : java.lang.RuntimeException: assertion failed: class Register isn't OnBotJava: loader=ExternalLibrariesClassLoader
02-07 19:10:53.832  1503  1609 E Assert  : 	at org.firstinspires.ftc.robotcore.internal.system.Assert.assertFailed(Assert.java:140)
02-07 19:10:53.832  1503  1609 E Assert  : 	at org.firstinspires.ftc.robotcore.internal.system.Assert.assertTrue(Assert.java:94)
02-07 19:10:53.833  1503  1609 E Assert  : 	at org.firstinspires.ftc.robotcore.internal.opmode.ClassManager.processOnBotJavaClasses(ClassManager.java:308)
02-07 19:10:53.833  1503  1609 E Assert  : 	at org.firstinspires.ftc.robotcore.internal.opmode.RegisteredOpModes$5.run(RegisteredOpModes.java:250)
02-07 19:10:53.834  1503  1609 E Assert  : 	at org.firstinspires.ftc.robotcore.internal.opmode.RegisteredOpModes.lockOpModesWhile(RegisteredOpModes.java:326)
02-07 19:10:53.834  1503  1609 E Assert  : 	at org.firstinspires.ftc.robotcore.internal.opmode.RegisteredOpModes.registerOnBotJavaOpModes(RegisteredOpModes.java:232)
02-07 19:10:53.834  1503  1609 E Assert  : 	at com.qualcomm.ftccommon.FtcEventLoopBase$1.run(FtcEventLoopBase.java:413)
02-07 19:10:53.835  1503  1609 E Assert  : 	at org.firstinspires.ftc.robotcore.internal.system.LockingRunner$1.get(LockingRunner.java:62)
02-07 19:10:53.835  1503  1609 E Assert  : 	at org.firstinspires.ftc.robotcore.internal.system.LockingRunner$1.get(LockingRunner.java:60)
02-07 19:10:53.835  1503  1609 E Assert  : 	at org.firstinspires.ftc.robotcore.internal.system.LockingRunner$2.call(LockingRunner.java:72)
02-07 19:10:53.835  1503  1609 E Assert  : 	at org.firstinspires.ftc.robotcore.internal.system.LockingRunner.lockWhile(LockingRunner.java:85)
02-07 19:10:53.836  1503  1609 E Assert  : 	at org.firstinspires.ftc.robotcore.internal.system.LockingRunner.lockWhile(LockingRunner.java:70)
02-07 19:10:53.836  1503  1609 E Assert  : 	at org.firstinspires.ftc.robotcore.internal.system.LockingRunner.lockWhile(LockingRunner.java:60)
02-07 19:10:53.836  1503  1609 E Assert  : 	at org.firstinspires.ftc.robotcore.internal.opmode.OnBotJavaBuildLocker.lockBuildExclusiveWhile(OnBotJavaBuildLocker.java:46)
02-07 19:10:53.837  1503  1609 E Assert  : 	at com.qualcomm.ftccommon.FtcEventLoopBase.checkForChangedOpModes(FtcEventLoopBase.java:408)
02-07 19:10:53.837  1503  1609 E Assert  : 	at com.qualcomm.ftccommon.FtcEventLoop.loop(FtcEventLoop.java:281)
02-07 19:10:53.837  1503  1609 E Assert  : 	at com.qualcomm.robotcore.eventloop.EventLoopManager$EventLoopRunnable$1.run(EventLoopManager.java:324)
02-07 19:10:53.838  1503  1609 E Assert  : 	at com.qualcomm.robotcore.util.ThreadPool.logThreadLifeCycle(ThreadPool.java:737)
02-07 19:10:53.838  1503  1609 E Assert  : 	at com.qualcomm.robotcore.eventloop.EventLoopManager$EventLoopRunnable.run(EventLoopManager.java:267)
02-07 19:10:53.838  1503  1609 E Assert  : 	at com.qualcomm.robotcore.eventloop.EventLoopManager$1.run(EventLoopManager.java:606)
02-07 19:10:53.839  1503  1609 E Assert  : 	at java.util.concurrent.ThreadPoolExecutor.runWorker(ThreadPoolExecutor.java:1133)
02-07 19:10:53.839  1503  1609 E Assert  : 	at java.util.concurrent.ThreadPoolExecutor$Worker.run(ThreadPoolExecutor.java:607)
02-07 19:10:53.839  1503  1609 E Assert  : 	at com.qualcomm.robotcore.util.ThreadPool$ThreadFactoryImpl$1.run(ThreadPool.java:793)
02-07 19:10:53.840  1503  1609 E Assert  : 	at java.lang.Thread.run(Thread.java:761)
02-07 19:10:53.840  1503  1609 F Assert  : assertion failed: class GoBildaOdometryPods isn't OnBotJava: loader=ExternalLibrariesClassLoader
02-07 19:10:53.841  1503  1609 E Assert  : java.lang.RuntimeException: assertion failed: class GoBildaOdometryPods isn't OnBotJava: loader=ExternalLibrariesClassLoader
02-07 19:10:53.842  1503  1609 E Assert  : 	at org.firstinspires.ftc.robotcore.internal.system.Assert.assertFailed(Assert.java:140)
02-07 19:10:53.842  1503  1609 E Assert  : 	at org.firstinspires.ftc.robotcore.internal.system.Assert.assertTrue(Assert.java:94)
02-07 19:10:53.842  1503  1609 E Assert  : 	at org.firstinspires.ftc.robotcore.internal.opmode.ClassManager.processOnBotJavaClasses(ClassManager.java:308)
02-07 19:10:53.842  1503  1609 E Assert  : 	at org.firstinspires.ftc.robotcore.internal.opmode.RegisteredOpModes$5.run(RegisteredOpModes.java:250)
02-07 19:10:53.843  1503  1609 E Assert  : 	at org.firstinspires.ftc.robotcore.internal.opmode.RegisteredOpModes.lockOpModesWhile(RegisteredOpModes.java:326)
02-07 19:10:53.843  1503  1609 E Assert  : 	at org.firstinspires.ftc.robotcore.internal.opmode.RegisteredOpModes.registerOnBotJavaOpModes(RegisteredOpModes.java:232)
02-07 19:10:53.844  1503  1609 E Assert  : 	at com.qualcomm.ftccommon.FtcEventLoopBase$1.run(FtcEventLoopBase.java:413)
02-07 19:10:53.844  1503  1609 E Assert  : 	at org.firstinspires.ftc.robotcore.internal.system.LockingRunner$1.get(LockingRunner.java:62)
02-07 19:10:53.844  1503  1609 E Assert  : 	at org.firstinspires.ftc.robotcore.internal.system.LockingRunner$1.get(LockingRunner.java:60)
02-07 19:10:53.844  1503  1609 E Assert  : 	at org.firstinspires.ftc.robotcore.internal.system.LockingRunner$2.call(LockingRunner.java:72)
02-07 19:10:53.845  1503  1609 E Assert  : 	at org.firstinspires.ftc.robotcore.internal.system.LockingRunner.lockWhile(LockingRunner.java:85)
02-07 19:10:53.845  1503  1609 E Assert  : 	at org.firstinspires.ftc.robotcore.internal.system.LockingRunner.lockWhile(LockingRunner.java:70)
02-07 19:10:53.845  1503  1609 E Assert  : 	at org.firstinspires.ftc.robotcore.internal.system.LockingRunner.lockWhile(LockingRunner.java:60)
02-07 19:10:53.845  1503  1609 E Assert  : 	at org.firstinspires.ftc.robotcore.internal.opmode.OnBotJavaBuildLocker.lockBuildExclusiveWhile(OnBotJavaBuildLocker.java:46)
02-07 19:10:53.846  1503  1609 E Assert  : 	at com.qualcomm.ftccommon.FtcEventLoopBase.checkForChangedOpModes(FtcEventLoopBase.java:408)
02-07 19:10:53.846  1503  1609 E Assert  : 	at com.qualcomm.ftccommon.FtcEventLoop.loop(FtcEventLoop.java:281)
02-07 19:10:53.846  1503  1609 E Assert  : 	at com.qualcomm.robotcore.eventloop.EventLoopManager$EventLoopRunnable$1.run(EventLoopManager.java:324)
02-07 19:10:53.847  1503  1609 E Assert  : 	at com.qualcomm.robotcore.util.ThreadPool.logThreadLifeCycle(ThreadPool.java:737)
02-07 19:10:53.847  1503  1609 E Assert  : 	at com.qualcomm.robotcore.eventloop.EventLoopManager$EventLoopRunnable.run(EventLoopManager.java:267)
02-07 19:10:53.847  1503  1609 E Assert  : 	at com.qualcomm.robotcore.eventloop.EventLoopManager$1.run(EventLoopManager.java:606)
