02-07 18:45:31.378  1503  1503 V ServiceStarter: started service OnBotJavaService
02-07 18:45:31.378  1503  1503 I PermissionValidatorActivity: All permissions validated.  Starting RobotController
02-07 18:45:31.390  1503  1503 V MTPMonitorService: onCreate()
02-07 18:45:31.390  1503  1503 V MTPMonitorService: onStartCommand() intent=Intent { cmp=com.qualcomm.ftcrobotcontroller/org.firstinspires.ftc.robotcore.internal.files.MediaTransferProtocolMonitorService } flags=0x0 startId=1
02-07 18:45:31.394  1503  1503 V MTPMonitor: observing: /storage/emulated/0
02-07 18:45:31.507  1503  1503 V OnBotJavaService: onCreate()
02-07 18:45:31.507  1503  1503 V OnBotJavaService: onStartCommand() intent=Intent { cmp=com.qualcomm.ftcrobotcontroller/org.firstinspires.ftc.onbotjava.OnBotJavaService } flags=0x0 startId=1
02-07 18:45:31.508  1503  1503 V OnBotJava: OnBotJavaManager::static
02-07 18:45:31.932  1503  1503 V OnBotJava: ctor()...
02-07 18:45:31.933  1503  1503 V OnBotJava: ...ctor()
02-07 18:45:31.938  1503  1503 V RCActivity: Permissions validated already
02-07 18:45:31.938  1503  1503 V RCActivity: onCreate()
02-07 18:45:31.939  1503  1503 V RCActivity: rootActivity is of class PermissionValidatorWrapper
02-07 18:45:31.942  1503  1503 V RCActivity: launchActivity is of class class org.firstinspires.ftc.robotcontroller.internal.PermissionValidatorWrapper
02-07 18:45:31.949  1503  1529 V CallbackLooper: thread=88
02-07 18:45:31.952  1503  1503 V NetDiscover_wifiDirectAgent: doStart()...
02-07 18:45:31.957  1503  1503 V NetDiscover_wifiDirectAgent: ...doStart()
02-07 18:45:31.957  1503  1503 V NetDiscover_prefremrc: ----- all preferences -----
02-07 18:45:31.958  1503  1503 V NetDiscover_prefremrc: name='android.permission.READ_PHONE_STATE' value=false
02-07 18:45:31.958  1503  1503 V NetDiscover_prefremrc: name='pref_autostarted_robot_controller' value=true
02-07 18:45:31.958  1503  1503 V NetDiscover_prefremrc: name='pref_warn_about_obsolete_software' value=true
02-07 18:45:31.958  1503  1503 V NetDiscover_prefremrc: name='pref_has_independent_phone_battery' value=false
02-07 18:45:31.958  1503  1503 V NetDiscover_prefremrc: name='android.permission.CAMERA' value=false
02-07 18:45:31.958  1503  1503 V NetDiscover_prefremrc: name='pref_wifip2p_remote_channel_change_works' value=false
02-07 18:45:31.958  1503  1503 V NetDiscover_prefremrc: name='pref_hardware_config_filename' value={"isDirty":false,"location":"LOCAL_STORAGE","name":"intothedeep","resourceId":0}
02-07 18:45:31.958  1503  1503 V NetDiscover_prefremrc: name='pref_warn_about_mismatched_app_versions' value=true
02-07 18:45:31.958  1503  1503 V NetDiscover_prefremrc: name='pref_sound_on_off' value=false
02-07 18:45:31.958  1503  1503 V NetDiscover_prefremrc: name='pref_ftc_season_year_of_current_rc_new' value=2024
02-07 18:45:31.958  1503  1503 V NetDiscover_prefremrc: name='App Restrictions' value=AAAAAA==
02-07 18:45:31.958  1503  1503 V NetDiscover_prefremrc:     
02-07 18:45:31.958  1503  1503 V NetDiscover_prefremrc: name='pref_warn_about_incorrect_clocks' value=true
02-07 18:45:31.959  1503  1503 V NetDiscover_prefremrc: name='android.permission.ACCESS_COARSE_LOCATION' value=false
02-07 18:45:31.959  1503  1503 V NetDiscover_prefremrc: name='pref_has_speaker' value=false
02-07 18:45:31.959  1503  1503 V NetDiscover_prefremrc: name='android.permission.WRITE_EXTERNAL_STORAGE' value=false
02-07 18:45:31.959  1503  1503 V NetDiscover_prefremrc: name='pref_connection_owner_password' value=ok7078ok
02-07 18:45:31.959  1503  1503 V NetDiscover_prefremrc: name='pref_pairing_kind' value=RCWIRELESSAP
02-07 18:45:31.959  1503  1503 V NetDiscover_prefremrc: name='pref_app_theme' value=red
02-07 18:45:31.959  1503  1503 V NetDiscover_prefremrc: name='android.permission.ACCESS_FINE_LOCATION' value=false
02-07 18:45:31.959  1503  1503 V NetDiscover_prefremrc: name='pref_device_name_internal' value=7078-N-RC
02-07 18:45:31.959  1503  1503 V NetDiscover_prefremrc: name='pref_device_name' value=7078-N-RC
02-07 18:45:31.959  1503  1503 V NetDiscover_prefremrc: name='pref_warn_about_2_4_ghz_band' value=true
02-07 18:45:31.959  1503  1503 V NetDiscover_prefremrc: name='pref_device_name_tracking' value=WIFIAP
02-07 18:45:31.959  1503  1503 V NetDiscover_prefremrc: name='android.permission.READ_EXTERNAL_STORAGE' value=false
02-07 18:45:31.959  1503  1503 V NetDiscover_prefremrc: name='pref_rc_connected' value=true
02-07 18:45:31.964  1503  1503 V Robocol : SendOnceRunnable created
02-07 18:45:31.966  1503  1503 V NetDiscover_prefremrc: doStart()...
02-07 18:45:31.966  1503  1503 V NetDiscover_prefremrc: ...doStart()
02-07 18:45:31.989  1503  1503 W System  : ClassLoader referenced unknown path: /system/app/webview/lib/arm64
02-07 18:45:31.990  1503  1503 D ApplicationLoaders: ignored Vulkan layer search path /system/app/webview/lib/arm64:/system/app/webview/webview.apk!/lib/arm64-v8a:/system/lib64:/vendor/lib64 for namespace 0x7c1ad9c0f0
02-07 18:45:31.992  1503  1503 I WebViewFactory: Loading com.android.webview version 52.0.2743.100 (code 275610050)
02-07 18:45:32.027  1503  1503 I cr_LibraryLoader: Time to load native libraries: 3 ms (timestamps 9766-9769)
02-07 18:45:32.027  1503  1503 I cr_LibraryLoader: Expected native library version number "52.0.2743.100", actual native library version number "52.0.2743.100"
02-07 18:45:32.038  1503  1503 V WebViewChromiumFactoryProvider: Binding Chromium to main looper Looper (main, tid 1) {e2f0c27}
02-07 18:45:32.039  1503  1503 I cr_LibraryLoader: Expected native library version number "52.0.2743.100", actual native library version number "52.0.2743.100"
02-07 18:45:32.039  1503  1503 I chromium: [INFO:library_loader_hooks.cc(143)] Chromium logging enabled: level = 0, default verbosity = 0
02-07 18:45:32.056  1503  1503 I cr_BrowserStartup: Initializing chromium process, singleProcess=true
02-07 18:45:32.077  1503  1503 I mali_so : [File] : hardware/rockchip/driver/./src/base/arch/arch_011_udd/base_arch_main.c; [Line] : 565; [Func] : deal_with_version_affairs_rk_ext;
02-07 18:45:32.077  1503  1503 I mali_so : arm_release_ver of this mali_so is 'r7p0-00rel1', rk_so_ver is '1@2' for 3328h_android_7.1, built at '15:47:51', on 'Jun 28 2017'.
02-07 18:45:32.077  1503  1503 I mali_so : [File] : hardware/rockchip/driver/./src/base/arch/arch_011_udd/base_arch_main.c; [Line] : 578; [Func] : deal_with_version_affairs_rk_ext;
02-07 18:45:32.077  1503  1503 I mali_so : mali_ver_property has been set to 'r7p0-00rel1-5-1@2', to return.
02-07 18:45:32.127  1503  1503 I cr_DRP  : No DRP key due to exception:java.lang.ClassNotFoundException: com.android.webview.chromium.Drp
02-07 18:45:32.173  1503  1503 W cr_AwContents: onDetachedFromWindow called when already detached. Ignoring
02-07 18:45:32.264  1503  1503 W System  : ClassLoader referenced unknown path: 
02-07 18:45:33.710  1503  1503 V UpdateUI: Network: inactive, disconnected
02-07 18:45:33.710  1503  1503 V ServiceStarter: attempting to start service FtcRobotControllerWatchdogService
02-07 18:45:33.713  1503  1503 V ServiceStarter: started service FtcRobotControllerWatchdogService
02-07 18:45:33.730  1503  1503 I RobotCore: App info: version=10.1.0 appId=com.qualcomm.ftcrobotcontroller
02-07 18:45:33.730  1503  1503 I RobotCore: Android Device: maker=REV Robotics model=Control Hub v1.0 sdk=25 serial=6fca8515c3324313
02-07 18:45:33.730  1503  1503 V AndroidBoard: REV Control Hub contains REV3328
02-07 18:45:33.730  1503  1503 V AndroidBoard: Communicating with embedded REV hub via /dev/ttyS1
02-07 18:45:33.732  1503  1503 V RCActivity: onStart()
02-07 18:45:33.734  1503  1503 V RCActivity: onResume()
02-07 18:45:33.749  1503  1503 V NetDiscover_prefremrc: onSharedPreferenceChanged(name=App Restrictions, value=AAAAAA==
02-07 18:45:33.749  1503  1503 V NetDiscover_prefremrc: )
02-07 18:45:33.758  1503  1503 V FtcRobotControllerWatchdogService: onCreate()
02-07 18:45:33.759  1503  1503 V FtcRobotControllerWatchdogService: onStartCommand() intent=Intent { cmp=com.qualcomm.ftcrobotcontroller/org.firstinspires.ftc.ftccommon.internal.FtcRobotControllerWatchdogService } flags=0x0 startId=1
02-07 18:45:33.759  1503  1503 V FtcRobotControllerWatchdogService: shouldAutoLauchRobotController() result=true
02-07 18:45:33.761  1503  1503 V FTCService: onCreate()
02-07 18:45:33.779  1503  1503 W art     : Before Android 4.1, method double java.util.concurrent.ThreadLocalRandom.internalNextDouble(double, double) would have incorrectly overridden the package-private method in java.util.Random
02-07 18:45:33.779  1503  1503 W art     : Before Android 4.1, method int java.util.concurrent.ThreadLocalRandom.internalNextInt(int, int) would have incorrectly overridden the package-private method in java.util.Random
02-07 18:45:33.779  1503  1503 W art     : Before Android 4.1, method long java.util.concurrent.ThreadLocalRandom.internalNextLong(long, long) would have incorrectly overridden the package-private method in java.util.Random
02-07 18:45:33.808  1503  1503 V FTCService: onBind()
02-07 18:45:33.834  1503  1503 V CoreRobotWebServer: creating NanoHTTPD(8080)
02-07 18:45:33.839  1503  1503 V WebSocketManager: Registered broadcast-only namespace progress
02-07 18:45:33.843  1503  1503 V WebSocketManager: Registered handler for namespace ControlHubUpdater
02-07 18:45:33.844  1503  1503 V RobotCore: Getting network assistant of type: RCWIRELESSAP
02-07 18:45:33.846  1503  1503 I RobotControllerAccessPointAssistant: Enabling network services
02-07 18:45:33.848  1503  1503 I RobotControllerAccessPointAssistant: Sending SSID and password to AP service
02-07 18:45:33.848  1503  1503 I RobotCore: ok7078ok
02-07 18:45:33.848  1503  1503 D RobotControllerAccessPointAssistant: setNetworkProperties(deviceName=7078-N-RC, password=ok7078ok, ApChannel=null) sendSettingsIndividually=false
02-07 18:45:33.848  1503  1503 I NetDiscover_ControlHubNameManager: Robot controller name: 7078-N-RC
02-07 18:45:33.848  1503  1503 I ControlHubPasswordManager: Robot controller password: ok7078ok
02-07 18:45:33.849  1503  1503 D RobotControllerAccessPointAssistant: Sending bulk settings broadcast intent
02-07 18:45:33.896  1503  1552 I OpenGLRenderer: Initialized EGL, version 1.4
02-07 18:45:33.896  1503  1552 D OpenGLRenderer: Swap behavior 1
02-07 18:45:33.900  1503  1503 I RobotControllerAccessPointAssistant: Wi-Fi state change:, wifiApState: 13
02-07 18:45:33.900  1503  1503 I FTCService: onNetworkConnectionEvent: CONNECTION_INFO_AVAILABLE
02-07 18:45:33.901  1503  1503 I RobotCore: ok7078ok
02-07 18:45:33.901  1503  1503 I FTCService: Network Connection Passphrase: ok7078ok
02-07 18:45:33.901  1503  1503 V CoreRobotWebServer: starting port=8080
02-07 18:45:33.913  1503  1503 V RobotCore: Getting network assistant of type: RCWIRELESSAP
02-07 18:45:33.913  1503  1503 V CoreRobotWebServer: started port=8080
02-07 18:45:33.914  1503  1503 V FTCService: RCActivity.controllerService=bound
02-07 18:45:33.914  1503  1503 V UpdateUI: Network: active, disconnected
02-07 18:45:33.915  1503  1503 V RobotCore: Robot Status: stopped
02-07 18:45:33.921  1503  1558 V TooTallWebSocketServer: Started WebSocket server on port 8081
02-07 18:45:33.928  1503  1561 V RobotCore: thread: 'RobotSetupRunnable.run()' starting...
02-07 18:45:33.928  1503  1561 V FTCService: Processing robot setup
02-07 18:45:33.929  1503  1561 V RobotCore: Robot Status: stopped, scanning for USB devices
02-07 18:45:33.929  1503  1561 I AppAliveNotifier: Telling the OS to set the RC alive notification timeout to 10 seconds
02-07 18:45:33.949  1503  1503 V WebSocketManager: Registered handler for namespace ONBOTJAVA
02-07 18:45:33.952  1503  1503 V WebSocketManager: Registered handler for namespace MC
02-07 18:45:33.966  1503  1552 I [Gralloc]:  ion device open success! fd = 91
02-07 18:45:34.013  1503  1503 V AppUtil : rootActivity=PermissionValidatorWrapper destroyed
02-07 18:45:34.013  1503  1503 V AppUtil : rootActivity=FtcRobotControllerActivity
02-07 18:45:34.013  1503  1503 I PermissionValidatorActivity: Lifecycle onDestroy : 6d5214a
02-07 18:45:37.752  1503  1570 I RobotCore: ok7078ok
02-07 18:45:37.840  1503  1568 V ProgrammingModeManager: serve uri=/css/colors.less
02-07 18:45:38.057  1503  1560 V FtcWebSocket: Opening websocket (ip=192.168.43.14/192.168.43.14 port=8081)
02-07 18:45:38.089  1503  1568 I RobotCore: ok7078ok
02-07 18:45:38.093  1503  1579 V WebSocketManager: Subscribed websocket (ip=192.168.43.14/192.168.43.14 port=8081) to namespace (ControlHubUpdater)
02-07 18:45:38.094  1503  1580 V WebSocketManager: Subscribed websocket (ip=192.168.43.14/192.168.43.14 port=8081) to namespace (progress)
02-07 18:45:38.175  1503  1573 V ProgrammingModeManager: serve uri=/css/colors.less
02-07 18:45:38.939  1503  1561 V RobotCore: EventLoopManager state is NOT_STARTED
02-07 18:45:38.939  1503  1561 V FTCService: Waiting for a connection to a Wi-Fi service
02-07 18:45:38.940  1503  1561 V RobotCore: Robot Status: stopped, waiting for network to become active
02-07 18:45:38.941  1503  1561 I RobotControllerAccessPointAssistant: Wi-Fi AP is enabled
02-07 18:45:38.942  1503  1561 V CoreRobotWebServer: Asked an already running WebServer to start
02-07 18:45:38.943  1503  1561 V RobotCore: Robot Status: stopped, starting robot
02-07 18:45:38.943  1503  1561 V Robocol : EventLoopManager.start()
02-07 18:45:38.943  1503  1561 V RobotCore: Getting network assistant of type: RCWIRELESSAP
02-07 18:45:38.944  1503  1561 I RobotControllerAccessPointAssistant: Wi-Fi AP is enabled
02-07 18:45:38.945  1503  1561 V Robocol : Spoofing a Network Connection event...
02-07 18:45:38.945  1503  1561 I EventLoopManager: onNetworkConnectionEvent: CONNECTION_INFO_AVAILABLE
02-07 18:45:38.945  1503  1561 I Robocol : Received network connection event
02-07 18:45:38.946  1503  1561 I RobotControllerAccessPointAssistant: Wi-Fi AP is enabled
02-07 18:45:38.946  1503  1561 I NetworkConnectionHandler: Handling new network connection infomation, connected: true setup needed: true
02-07 18:45:38.947  1503  1561 I RobotControllerAccessPointAssistant: Wi-Fi AP is enabled
02-07 18:45:40.970  1503  1580 V WebSocketManager: Unsubscribed websocket (ip=192.168.43.14/192.168.43.14 port=8081) from namespace (ControlHubUpdater)
02-07 18:45:40.972  1503  1580 V WebSocketManager: Unsubscribed websocket (ip=192.168.43.14/192.168.43.14 port=8081) from namespace (progress)
02-07 18:45:40.978  1503  1558 V FtcWebSocket: websocket (ip=192.168.43.14/192.168.43.14 port=8081) has closed. closeCode:GOING_AWAY(1001) initiatedByRemote:true Reason: 
02-07 18:45:41.143  1503  1568 I RobotCore: ok7078ok
02-07 18:45:41.220  1503  1568 V ProgrammingModeManager: serve uri=/css/colors.less
02-07 18:45:41.445  1503  1560 V FtcWebSocket: Opening websocket (ip=192.168.43.14/192.168.43.14 port=8081)
02-07 18:45:41.475  1503  1571 I RobotCore: ok7078ok
02-07 18:45:41.476  1503  1580 V WebSocketManager: Subscribed websocket (ip=192.168.43.14/192.168.43.14 port=8081) to namespace (ControlHubUpdater)
02-07 18:45:41.477  1503  1579 V WebSocketManager: Subscribed websocket (ip=192.168.43.14/192.168.43.14 port=8081) to namespace (progress)
02-07 18:45:41.560  1503  1568 V ProgrammingModeManager: serve uri=/css/colors.less
02-07 18:45:41.992  1503  1583 V RobotCore: thread: 'SetupRunnable.run()' starting...
02-07 18:45:41.992  1503  1561 V RobotCore: EventLoopManager state is STOPPED
02-07 18:45:41.993  1503  1561 V Robocol : eventLoop=FtcEventLoop
02-07 18:45:41.993  1503  1561 V RobotCore: EventLoopManager state is INIT
02-07 18:45:41.995  1503  1561 V RobotCore: Robot Status: initializing, starting robot
02-07 18:45:41.995  1503  1561 I FtcEventLoop: ======= INIT START =======
02-07 18:45:41.996  1503  1561 V OpmodeRegistration: registered {DefaultOpMode} as {$Stop$Robot$}
02-07 18:45:42.001  1503  1583 D Robocol : RobocolDatagramSocket listening addr=/192.168.43.1:20884 cbRec=65520 cbSend=106496 msRecTO=300
02-07 18:45:42.003  1503  1583 V Robocol : RecvLoopRunnable created
02-07 18:45:42.007  1503  1584 V Robocol : PacketProcessor started
02-07 18:45:42.012  1503  1585 V Robocol : CommandProcessor started
02-07 18:45:42.013  1503  1586 V RobotCore: thread: 'RecvLoopRunnable.run()' starting...
02-07 18:45:42.014  1503  1583 V PeerDiscovery: Starting peer discovery remote: /192.168.43.1 local: /192.168.43.1
02-07 18:45:42.014  1503  1583 V PeerDiscovery: No need for initiating peer discovery, we are the Robot Controller
02-07 18:45:42.015  1503  1583 V RobotCore: Setup complete
02-07 18:45:42.015  1503  1583 V RobotCore: thread: ...terminating 'SetupRunnable.run()'
02-07 18:45:42.077  1503  1561 V OpmodeRegistration: registered {ManualControlOpMode} as {$Manual$Control$}
02-07 18:45:42.077  1503  1561 V OpmodeRegistration: registered {IdTeleop2} as {Robot: TeleOp2}
02-07 18:45:42.078  1503  1561 V OpmodeRegistration: registered {BrakingCalibration} as {Robot: Braking Calibration}
02-07 18:45:42.078  1503  1561 V OpmodeRegistration: registered {IdNetSpecimen} as {Robot: Id Net Specimen}
02-07 18:45:42.079  1503  1561 V OpmodeRegistration: registered {IdObservationMultipleSpecimens} as {Robot: Id Observation Multiple Specimens}
02-07 18:45:42.079  1503  1561 V OpmodeRegistration: registered {IdNetBasket} as {Robot: Id Net Basket}
02-07 18:45:42.080  1503  1561 V OpmodeRegistration: registered {IdObservationSpecimen} as {Robot: Id Observation Specimen}
02-07 18:45:42.080  1503  1561 V OpmodeRegistration: registered {IdObservationSpecimenAndPush} as {Robot: Id Observation Specimen And Push}
02-07 18:45:42.122  1503  1561 V FtcEventLoop: Ensuring that the embedded Control Hub module is set up correctly
02-07 18:45:42.122  1503  1561 V RobotCore: Creating REV Robotics USB Expansion Hub Portal [(embedded)]
02-07 18:45:42.123  1503  1561 V LynxUsb : creating new [(embedded)]: 0x030febe0
02-07 18:45:42.125  1503  1561 V FtDeviceManager: createDeviceInfoList(): 0 USB devices
02-07 18:45:42.126  1503  1561 V RobotUsbManagerCombining: FTDI driver failed to open USB device with serial number (embedded) (returned null device)
02-07 18:45:42.126  1503  1561 V SerialPortNative: [SerialPort.cpp:150] opened(/dev/ttyS1): fd=106
02-07 18:45:42.127  1503  1561 V RobotUsbDeviceTTY: opening serial=(embedded) file=/dev/ttyS1
02-07 18:45:42.121  1503  1503 I pRunnable.run(): type=1400 audit(0.0:134): avc: denied { read } for name="ttyS1" dev="tmpfs" ino=5252 scontext=u:r:untrusted_app:s0:c512,c768 tcontext=u:object_r:serial_device:s0 tclass=chr_file permissive=1
02-07 18:45:42.121  1503  1503 I pRunnable.run(): type=1400 audit(0.0:135): avc: denied { write } for name="ttyS1" dev="tmpfs" ino=5252 scontext=u:r:untrusted_app:s0:c512,c768 tcontext=u:object_r:serial_device:s0 tclass=chr_file permissive=1
02-07 18:45:42.121  1503  1503 I pRunnable.run(): type=1400 audit(0.0:136): avc: denied { open } for path="/dev/ttyS1" dev="tmpfs" ino=5252 scontext=u:r:untrusted_app:s0:c512,c768 tcontext=u:object_r:serial_device:s0 tclass=chr_file permissive=1
02-07 18:45:42.121  1503  1503 I pRunnable.run(): type=1400 audit(0.0:137): avc: denied { ioctl } for path="/dev/ttyS1" dev="tmpfs" ino=5252 ioctlcmd=5401 scontext=u:r:untrusted_app:s0:c512,c768 tcontext=u:object_r:serial_device:s0 tclass=chr_file permissive=1
02-07 18:45:42.125  1503  1503 I pRunnable.run(): type=1400 audit(0.0:138): avc: denied { read } for name="value" dev="sysfs" ino=13336 scontext=u:r:untrusted_app:s0:c512,c768 tcontext=u:object_r:sysfs:s0 tclass=file permissive=1
02-07 18:45:42.125  1503  1503 I pRunnable.run(): type=1400 audit(0.0:139): avc: denied { open } for path="/sys/devices/pinctrl.26/gpio/gpio50/value" dev="sysfs" ino=13336 scontext=u:r:untrusted_app:s0:c512,c768 tcontext=u:object_r:sysfs:s0 tclass=file permissive=1
02-07 18:45:42.125  1503  1503 I pRunnable.run(): type=1400 audit(0.0:140): avc: denied { getattr } for path="/sys/devices/pinctrl.26/gpio/gpio50/value" dev="sysfs" ino=13336 scontext=u:r:untrusted_app:s0:c512,c768 tcontext=u:object_r:sysfs:s0 tclass=file permissive=1
02-07 18:45:42.125  1503  1503 I pRunnable.run(): type=1400 audit(0.0:141): avc: denied { write } for name="value" dev="sysfs" ino=16375 scontext=u:r:untrusted_app:s0:c512,c768 tcontext=u:object_r:sysfs:s0 tclass=file permissive=1
02-07 18:45:42.128  1503  1561 V LynxUsb : armDevice() serial=(embedded)...
02-07 18:45:42.128  1503  1561 V LynxUsb : resetDevice() serial=(embedded)
02-07 18:45:42.129  1503  1561 V LynxModule: resetting embedded usb device: isPresent: was=true
02-07 18:45:42.315  1503  1586 E Robocol : exception SocketTimeoutException(Receive timed out): no packet received [java.net.PlainDatagramSocketImpl.receive0(Native Method)]
02-07 18:45:42.385  1503  1584 D RobotCore: system telemetry: key=$System$None$ msg=""
02-07 18:45:42.386  1503  1584 V PeerDiscovery: new remote peer discovered: 192.168.43.164
02-07 18:45:42.386  1503  1584 V NetworkConnectionHandler: starting sending loop
02-07 18:45:42.388  1503  1588 V Robocol : sending CMD_NOTIFY_ROBOT_STATE(9), attempt: 0
02-07 18:45:42.390  1503  1588 V Robocol : sending CMD_NOTIFY_ROBOT_STATE(10), attempt: 0
02-07 18:45:42.392  1503  1588 V Robocol : sending CMD_NOTIFY_ROBOT_STATE(11), attempt: 0
02-07 18:45:42.393  1503  1588 V Robocol : sending CMD_NOTIFY_ACTIVE_CONFIGURATION(13), attempt: 0
02-07 18:45:42.394  1503  1588 V Robocol : sending CMD_NOTIFY_USER_DEVICE_LIST(14), attempt: 0
02-07 18:45:42.400  1503  1588 V Robocol : sending CMD_NOTIFY_OP_MODE_LIST(15), attempt: 0
02-07 18:45:42.413  1503  1584 V UpdateUI: Network: active, connected
02-07 18:45:42.413  1503  1584 D FTCService: Sending user device types and preferences to driver station
02-07 18:45:42.433  1503  1584 V NetDiscover_prefremrc: sendAllPreferences()
02-07 18:45:42.433  1503  1584 V NetDiscover_prefremrc: sending RC pref name=pref_wifip2p_remote_channel_change_works value=false
02-07 18:45:42.443  1503  1584 V NetDiscover_prefremrc: sending RC pref name=pref_device_name value=7078-N-RC
02-07 18:45:42.443  1503  1584 V NetDiscover_prefremrc: sending RC pref name=pref_warn_about_incorrect_clocks value=true
02-07 18:45:42.444  1503  1584 V NetDiscover_prefremrc: sending RC pref name=pref_warn_about_obsolete_software value=true
02-07 18:45:42.445  1503  1584 V NetDiscover_prefremrc: sending RC pref name=pref_has_speaker value=false
02-07 18:45:42.445  1503  1584 V NetDiscover_prefremrc: sending RC pref name=pref_warn_about_2_4_ghz_band value=true
02-07 18:45:42.446  1503  1584 V NetDiscover_prefremrc: sending RC pref name=pref_has_independent_phone_battery value=false
02-07 18:45:42.447  1503  1584 V NetDiscover_prefremrc: sending RC pref name=pref_app_theme value=red
02-07 18:45:42.447  1503  1584 V NetDiscover_prefremrc: sending RC pref name=pref_warn_about_mismatched_app_versions value=true
02-07 18:45:42.448  1503  1584 V NetDiscover_prefremrc: sending RC pref name=pref_sound_on_off value=false
02-07 18:45:42.448  1503  1584 V NetworkConnectionHandler: Peer connection established
02-07 18:45:42.452  1503  1584 V Robocol : packet processing took 67.6ms: type=PEER_DISCOVERY
02-07 18:45:42.467  1503  1588 V Robocol : sending CMD_NOTIFY_USER_DEVICE_LIST(19), attempt: 0
02-07 18:45:42.469  1503  1588 V Robocol : sending CMD_ROBOT_CONTROLLER_PREFERENCE(20), attempt: 0
02-07 18:45:42.470  1503  1588 V Robocol : sending CMD_ROBOT_CONTROLLER_PREFERENCE(21), attempt: 0
02-07 18:45:42.470  1503  1588 V Robocol : sending CMD_ROBOT_CONTROLLER_PREFERENCE(22), attempt: 0
02-07 18:45:42.471  1503  1588 V Robocol : sending CMD_ROBOT_CONTROLLER_PREFERENCE(23), attempt: 0
02-07 18:45:42.471  1503  1588 V Robocol : sending CMD_ROBOT_CONTROLLER_PREFERENCE(24), attempt: 0
02-07 18:45:42.472  1503  1588 V Robocol : sending CMD_ROBOT_CONTROLLER_PREFERENCE(25), attempt: 0
02-07 18:45:42.473  1503  1588 V Robocol : sending CMD_ROBOT_CONTROLLER_PREFERENCE(26), attempt: 0
02-07 18:45:42.473  1503  1588 V Robocol : sending CMD_ROBOT_CONTROLLER_PREFERENCE(27), attempt: 0
02-07 18:45:42.474  1503  1588 V Robocol : sending CMD_ROBOT_CONTROLLER_PREFERENCE(28), attempt: 0
02-07 18:45:42.475  1503  1588 V Robocol : sending CMD_ROBOT_CONTROLLER_PREFERENCE(29), attempt: 0
02-07 18:45:42.484  1503  1561 V LynxUsb : ...done armDevice()
02-07 18:45:42.484  1503  1596 V RobotCore: thread: 'lynx incoming datagrams' starting...
02-07 18:45:42.484  1503  1561 V LynxUsb : 0x010356f8 on 0x030febe0: new delegate to [(embedded)]
02-07 18:45:42.485  1503  1561 V LynxUsb : addConfiguredModule() module#=173
02-07 18:45:42.491  1503  1586 V EventLoopManager: Setting authoritative wall clock based on connected DS.
02-07 18:45:42.491  1503  1591 V SoundInfo: construct(0x00b3120e)
02-07 18:45:42.491  1503  1586 D Uvc     : [time.cpp:64] Java_org_firstinspires_ftc_robotcore_internal_system_AppUtil_nativeSetCurrentTimeMillis()...
02-07 18:45:42.474  1503  1586 I JniTime : [time.cpp:83] settimeofday() succeeded
02-07 18:45:42.474  1503  1586 D Uvc     : [time.cpp:64] ...Java_org_firstinspires_ftc_robotcore_internal_system_AppUtil_nativeSetCurrentTimeMillis()
02-07 18:45:42.474  1503  1561 V LynxModule: pingAndQueryKnownInterfaces mod=173
02-07 18:45:42.476  1503  1586 V AppUtil : attempted to set timezone: before=America/New_York after=America/New_York
02-07 18:45:42.476  1503  1596 V LynxUsb : synchronization gained: serial=(embedded)
02-07 18:45:42.478  1503  1584 V Robocol : received command: CMD_REQUEST_ACTIVE_CONFIG(10001) 
02-07 18:45:42.479  1503  1584 V Robocol : received command: CMD_REQUEST_USER_DEVICE_TYPES(10002) 
02-07 18:45:42.480  1503  1584 V Robocol : received command: CMD_REQUEST_OP_MODE_LIST(10003) 
02-07 18:45:42.480  1503  1584 V Robocol : received command: CMD_ROBOT_CONTROLLER_PREFERENCE(10004) {"booleanValue":true,"prefName":"pref_ds_supports_5_ghz"}
02-07 18:45:42.480  1503  1590 E WVMExtractor: Failed to open libwvm.so: dlopen failed: "/system/vendor/lib64/libwvm.so" is 32-bit instead of 64-bit
02-07 18:45:42.481  1503  1584 V Robocol : received command: CMD_ROBOT_CONTROLLER_PREFERENCE(10005) {"intValue":21,"prefName":"pref_dh_os_version_code"}
02-07 18:45:42.494  1503  1561 V LynxModule: mod#=173 queryInterface(DEKA)=54 commands starting at 4096
02-07 18:45:42.502  1503  1561 V LynxModule: sending LynxFtdiResetControlCommand(true) wasInterrupted=false
02-07 18:45:42.504  1503  1590 I MediaCodec: callingProcessName:com.qualcomm.ftcrobotcontroller
02-07 18:45:42.508  1503  1599 I ACodec  : onAllocateComponent:6752 mSoftCodecPref:0 componentName:
02-07 18:45:42.510  1503  1599 I ACodec  : onAllocateComponent:6783 mSoftCodecPref:0 componentName:OMX.google.raw.decoder
02-07 18:45:42.510  1503  1561 V LynxModule: sendLEDPatternSteps(): steps=[Step(color=65280, msDuration=1000)]
02-07 18:45:42.515  1503  1561 V LynxModule: setAsControlHubEmbeddedModule(mod=173)
02-07 18:45:42.515  1503  1561 V EmbeddedControlHubModule: setting embedded module
02-07 18:45:42.517  1503  1561 V LynxModule: sending LynxFtdiResetControlCommand(false) wasInterrupted=false
02-07 18:45:42.519  1503  1561 V LynxModule: close(#173)
02-07 18:45:42.521  1503  1561 V LynxUsb : Verified that the embedded Control Hub module has the correct address
02-07 18:45:42.521  1503  1561 V LynxUsb : addConfiguredModule() module#=173
02-07 18:45:42.522  1503  1561 V LynxModule: pingAndQueryKnownInterfaces mod=173
02-07 18:45:42.537  1503  1561 V LynxModule: mod#=173 queryInterface(DEKA)=54 commands starting at 4096
02-07 18:45:42.546  1503  1529 D SoundPlayer: onLoadComplete(samp=1|ms=757, samp=1)=0
02-07 18:45:42.548  1503  1591 W AudioTrack: AUDIO_OUTPUT_FLAG_FAST denied by client; transfer 4, track 48000 Hz, output 44100 Hz
02-07 18:45:42.552  1503  1591 D SoundPlayer: playing volume=0.000000 samp=1|ms=757
02-07 18:45:42.554  1503  1561 V LynxModule: sending LynxFtdiResetControlCommand(true) wasInterrupted=false
02-07 18:45:42.560  1503  1561 V LynxModule: sendLEDPatternSteps(): steps=[Step(color=65280, msDuration=1000)]
02-07 18:45:42.563  1503  1561 V LynxModule: setAsControlHubEmbeddedModule(mod=173)
02-07 18:45:42.563  1503  1561 V EmbeddedControlHubModule: setting embedded module
02-07 18:45:42.567  1503  1596 V RobotCore: nack rec'd mod=173 msg#=8 ref#=0 reason=PARAM0:0
02-07 18:45:42.568  1503  1579 V LynxModule: mod#=173 queryInterface(): interface SERVO_HUB is not supported
02-07 18:45:42.568  1503  1579 I RobotCore: LynxFirmwareVersionManager: LynxI2cDeviceSynchV2
02-07 18:45:42.569  1503  1579 V LynxI2cDeviceSynch: initializeHardware() mod#=173
02-07 18:45:42.569  1503  1579 V BNO055  : Suppressing I2C warnings while we check for a BNO055 IMU
02-07 18:45:42.569  1503  1588 V Robocol : sending CMD_PLAY_SOUND(47), attempt: 0
02-07 18:45:42.573  1503  1579 V BNO055  : Found BNO055 IMU
02-07 18:45:42.573  1503  1579 V EmbeddedControlHubModule: setting embedded IMU type
02-07 18:45:42.574  1503  1561 V LynxModule: sending LynxFtdiResetControlCommand(false) wasInterrupted=false
02-07 18:45:42.575  1503  1561 V LynxModule: close(#173)
02-07 18:45:42.576  1503  1561 V HardwareFactory: createHardwareMap()
02-07 18:45:42.576  1503  1561 V EmbeddedControlHubModule: clearing embedded module
02-07 18:45:42.584  1503  1561 V ReadXMLFileHandler: embedded lynx USB device and module are already present
02-07 18:45:42.586  1503  1561 V RobotCore: Creating REV Robotics USB Expansion Hub Portal [(embedded)]
02-07 18:45:42.586  1503  1561 V LynxUsb : using existing [(embedded)]: 0x030febe0
02-07 18:45:42.586  1503  1561 V LynxUsb : 0x08c414a9 on 0x030febe0: new delegate to [(embedded)]
02-07 18:45:42.587  1503  1561 V LynxUsb : addConfiguredModule() module#=173
02-07 18:45:42.588  1503  1561 V LynxModule: pingAndQueryKnownInterfaces mod=173
02-07 18:45:42.597  1503  1561 V LynxModule: mod#=173 queryInterface(DEKA)=54 commands starting at 4096
02-07 18:45:42.603  1503  1561 V LynxModule: sending LynxFtdiResetControlCommand(true) wasInterrupted=false
02-07 18:45:42.606  1503  1561 V LynxModule: sendLEDPatternSteps(): steps=[Step(color=65280, msDuration=1000)]
02-07 18:45:42.609  1503  1588 V Robocol : sending CMD_NOTIFY_ROBOT_STATE(9), attempt: 1
02-07 18:45:42.609  1503  1561 V LynxModule: setAsControlHubEmbeddedModule(mod=173)
02-07 18:45:42.609  1503  1561 V EmbeddedControlHubModule: setting embedded module
02-07 18:45:42.610  1503  1561 V LynxUsb : addConfiguredModule() module#=1
02-07 18:45:42.610  1503  1588 V Robocol : sending CMD_NOTIFY_ROBOT_STATE(10), attempt: 1
02-07 18:45:42.610  1503  1588 V Robocol : sending CMD_NOTIFY_ROBOT_STATE(11), attempt: 1
02-07 18:45:42.611  1503  1561 V LynxModule: pingAndQueryKnownInterfaces mod=1
02-07 18:45:42.611  1503  1588 V Robocol : sending CMD_NOTIFY_ACTIVE_CONFIGURATION(13), attempt: 1
02-07 18:45:42.611  1503  1588 V Robocol : sending CMD_NOTIFY_USER_DEVICE_LIST(14), attempt: 1
02-07 18:45:42.614  1503  1588 V Robocol : sending CMD_NOTIFY_OP_MODE_LIST(15), attempt: 1
02-07 18:45:42.620  1503  1606 V LynxModule: received status: LynxGetModuleStatusResponse(status=0x05 alerts=0x00: KeepAliveTimeout|FailSafe)
02-07 18:45:42.621  1503  1606 V LynxModule: resendCurrentPattern()
02-07 18:45:42.621  1503  1606 V LynxModule: sendLEDPatternSteps(): steps=[]
02-07 18:45:42.623  1503  1561 V LynxModule: mod#=1 queryInterface(DEKA)=54 commands starting at 4096
02-07 18:45:42.632  1503  1561 V LynxModule: sending LynxFtdiResetControlCommand(true) wasInterrupted=false
02-07 18:45:42.641  1503  1561 V LynxModule: sendLEDPatternSteps(): steps=[Step(color=65280, msDuration=4500), Step(color=0, msDuration=500), Step(color=255, msDuration=500), Step(color=0, msDuration=500)]
02-07 18:45:42.649  1503  1561 V LynxMotor: initializeHardware() mod#=173
02-07 18:45:42.679  1503  1561 V RobotCore: DcMotorImpl(type=NeveRest20Gearmotor)
02-07 18:45:42.679  1503  1561 V RobotCore: DcMotorImpl(type=NeveRest20Gearmotor)
02-07 18:45:42.680  1503  1561 V RobotCore: DcMotorImpl(type=NeveRest20Gearmotor)
02-07 18:45:42.680  1503  1561 V RobotCore: DcMotorImpl(type=NeveRest20Gearmotor)
02-07 18:45:42.681  1503  1561 V LynxServoController: initializeHardware() mod#=173
02-07 18:45:42.700  1503  1561 V LynxVoltageSensor: initializeHardware() mod#=173
02-07 18:45:42.700  1503  1561 V LynxAnalogInputController: initializeHardware() mod#=173
02-07 18:45:42.701  1503  1561 V LynxDigitalChannelController: initializeHardware() mod#=173
02-07 18:45:42.715  1503  1561 V RobotCore: Creating user sensor REV internal IMU (BNO055) - on Lynx module=173 bus=0
02-07 18:45:42.716  1503  1561 I RobotCore: LynxFirmwareVersionManager: LynxI2cDeviceSynchV2
02-07 18:45:42.716  1503  1561 V LynxI2cDeviceSynch: initializeHardware() mod#=173
02-07 18:45:42.718  1503  1561 V BNO055  : Suppressing I2C warnings while we check for a BNO055 IMU
02-07 18:45:42.722  1503  1561 V BNO055  : Found BNO055 IMU
02-07 18:45:42.722  1503  1561 V BNO055  : Suppressing I2C warnings while we check for a BNO055 IMU
02-07 18:45:42.725  1503  1561 V BNO055  : Found BNO055 IMU
02-07 18:45:42.878  1503  1561 I RobotCore: LynxFirmwareVersionManager: LynxI2cDeviceSynchV2
02-07 18:45:42.879  1503  1561 V LynxI2cDeviceSynch: initializeHardware() mod#=173
02-07 18:45:42.881  1503  1561 V RobotCore: Creating user sensor goBILDA Pinpoint Odometry Computer - on Lynx module=173 bus=1
02-07 18:45:42.881  1503  1561 I RobotCore: LynxFirmwareVersionManager: LynxI2cDeviceSynchV2
02-07 18:45:42.882  1503  1561 V LynxI2cDeviceSynch: initializeHardware() mod#=173
02-07 18:45:42.885  1503  1561 I RobotCore: LynxFirmwareVersionManager: LynxI2cDeviceSynchV2
02-07 18:45:42.885  1503  1561 V LynxI2cDeviceSynch: initializeHardware() mod#=173
02-07 18:45:42.887  1503  1561 V LynxMotor: initializeHardware() mod#=1
02-07 18:45:42.943  1503  1561 V RobotCore: DcMotorImpl(type=goBILDA5202SeriesMotor)
02-07 18:45:42.944  1503  1561 V RobotCore: DcMotorImpl(type=goBILDA5202SeriesMotor)
02-07 18:45:42.945  1503  1561 V LynxServoController: initializeHardware() mod#=1
02-07 18:45:42.978  1503  1561 V LynxVoltageSensor: initializeHardware() mod#=1
02-07 18:45:42.978  1503  1561 V LynxAnalogInputController: initializeHardware() mod#=1
02-07 18:45:42.980  1503  1561 V LynxDigitalChannelController: initializeHardware() mod#=1
02-07 18:45:43.005  1503  1561 I RobotCore: ========= Device Information ===================================================
02-07 18:45:43.005  1503  1561 I RobotCore: Type                                               Name                           Connection
02-07 18:45:43.007  1503  1561 I RobotCore: Motor                                              leftBack                       USB (embedded); module 173; port 2
02-07 18:45:43.007  1503  1561 I RobotCore: Servo                                              wristRotation                  USB (embedded); module 1; port 2
02-07 18:45:43.008  1503  1561 I RobotCore: Motor                                              armRotation                    USB (embedded); module 1; port 0
02-07 18:45:43.009  1503  1561 I RobotCore: Motor                                              armExtension                   USB (embedded); module 1; port 1
02-07 18:45:43.010  1503  1561 I RobotCore: goBILDA Pinpoint Odometry Computer                odo                            USB (embedded); module 173; bus 1; addr7=0x31
02-07 18:45:43.011  1503  1561 I RobotCore: goBILDA Pinpoint Odometry Computer                odo                            USB (embedded); module 173; bus 1; addr7=0x31
02-07 18:45:43.012  1503  1561 I RobotCore: Expansion Hub DC Motor Controller                  Expansion Hub 1                USB (embedded); module 1
02-07 18:45:43.013  1503  1561 I RobotCore: Expansion Hub Servo Controller                     Expansion Hub 1                USB (embedded); module 1
02-07 18:45:43.014  1503  1561 I RobotCore: Expansion Hub Voltage Sensor                       Expansion Hub 1                USB (embedded); module 1
02-07 18:45:43.014  1503  1561 I RobotCore: Expansion Hub Analog Input Controller              Expansion Hub 1                USB (embedded); module 1
02-07 18:45:43.015  1503  1561 I RobotCore: Expansion Hub Digital Channel Controller           Expansion Hub 1                USB (embedded); module 1
02-07 18:45:43.021  1503  1561 I RobotCore: Expansion Hub (HW: 20, Maj: 1, Min: 8, Eng: 2)     Expansion Hub 1                USB (embedded); module 1
02-07 18:45:43.021  1503  1561 I RobotCore: Motor                                              leftFront                      USB (embedded); module 173; port 0
02-07 18:45:43.022  1503  1561 I RobotCore: Motor                                              rightFront                     USB (embedded); module 173; port 1
02-07 18:45:43.023  1503  1561 I RobotCore: Motor                                              rightBack                      USB (embedded); module 173; port 3
02-07 18:45:43.024  1503  1561 I RobotCore: REV Robotics USB Expansion Hub Portal              Control Hub Portal             USB (embedded)
02-07 18:45:43.024  1503  1561 I RobotCore: Continuous Rotation Servo                          rightIntake                    USB (embedded); module 173; port 1
02-07 18:45:43.025  1503  1561 I RobotCore: REV internal IMU (BNO055)                          imu                            USB (embedded); module 173; bus 0; addr7=0x28
02-07 18:45:43.026  1503  1561 I RobotCore: REV internal IMU (BNO055)                          imu                            USB (embedded); module 173; bus 0; addr7=0x28
02-07 18:45:43.027  1503  1561 I RobotCore: Expansion Hub DC Motor Controller                  Control Hub                    USB (embedded); module 173
02-07 18:45:43.027  1503  1561 I RobotCore: Expansion Hub Servo Controller                     Control Hub                    USB (embedded); module 173
02-07 18:45:43.028  1503  1561 I RobotCore: Expansion Hub Voltage Sensor                       Control Hub                    USB (embedded); module 173
02-07 18:45:43.029  1503  1561 I RobotCore: Expansion Hub Analog Input Controller              Control Hub                    USB (embedded); module 173
02-07 18:45:43.029  1503  1561 I RobotCore: Expansion Hub Digital Channel Controller           Control Hub                    USB (embedded); module 173
02-07 18:45:43.033  1503  1561 I RobotCore: Expansion Hub (HW: 20, Maj: 1, Min: 8, Eng: 2)     Control Hub                    USB (embedded); module 173
02-07 18:45:43.034  1503  1561 I RobotCore: Continuous Rotation Servo                          leftIntake                     USB (embedded); module 173; port 0
02-07 18:45:43.043  1503  1596 V RobotCore: nack rec'd mod=1 msg#=53 ref#=0 reason=PARAM0:0
02-07 18:45:43.044  1503  1561 V LynxModule: mod#=1 queryInterface(): interface SERVO_HUB is not supported
02-07 18:45:43.045  1503  1561 I RobotCore: LynxFirmwareVersionManager: LynxI2cDeviceSynchV2
02-07 18:45:43.045  1503  1561 V LynxI2cDeviceSynch: initializeHardware() mod#=1
02-07 18:45:43.045  1503  1561 V BNO055  : Suppressing I2C warnings while we check for a BNO055 IMU
02-07 18:45:43.051  1503  1561 V BNO055  : Found BNO055 IMU
02-07 18:45:43.055  1503  1596 V RobotCore: nack rec'd mod=1 msg#=56 ref#=0 reason=PARAM0:0
02-07 18:45:43.056  1503  1561 V LynxModule: mod#=1 queryInterface(): interface SERVO_HUB is not supported
02-07 18:45:43.062  1503  1596 V RobotCore: nack rec'd mod=173 msg#=102 ref#=0 reason=PARAM0:0
02-07 18:45:43.064  1503  1561 V LynxModule: mod#=173 queryInterface(): interface SERVO_HUB is not supported
02-07 18:45:43.064  1503  1561 I RobotCore: LynxFirmwareVersionManager: LynxI2cDeviceSynchV2
02-07 18:45:43.064  1503  1561 V LynxI2cDeviceSynch: initializeHardware() mod#=173
02-07 18:45:43.065  1503  1561 V BNO055  : Suppressing I2C warnings while we check for a BNO055 IMU
02-07 18:45:43.070  1503  1561 V BNO055  : Found BNO055 IMU
02-07 18:45:43.072  1503  1596 V RobotCore: nack rec'd mod=173 msg#=105 ref#=0 reason=PARAM0:0
02-07 18:45:43.074  1503  1561 V LynxModule: mod#=173 queryInterface(): interface SERVO_HUB is not supported
02-07 18:45:43.083  1503  1596 V RobotCore: nack rec'd mod=1 msg#=58 ref#=0 reason=PARAM0:0
02-07 18:45:43.085  1503  1561 V LynxModule: mod#=1 queryInterface(): interface SERVO_HUB is not supported
02-07 18:45:43.090  1503  1596 V RobotCore: nack rec'd mod=173 msg#=107 ref#=0 reason=PARAM0:0
02-07 18:45:43.092  1503  1561 V LynxModule: mod#=173 queryInterface(): interface SERVO_HUB is not supported
02-07 18:45:43.092  1503  1561 V LynxUsb : 0x010356f8 on 0x030febe0: releasing delegate to [(embedded)]
02-07 18:45:43.092  1503  1561 I FtcEventLoop: ======= INIT FINISH =======
02-07 18:45:43.093  1503  1585 W art     : Long monitor contention with owner RobotSetupRunnable.run() (1561) at void com.qualcomm.hardware.lynx.MessageKeyedLock.release(com.qualcomm.hardware.lynx.commands.LynxMessage)(MessageKeyedLock.java:271) waiters=0 in org.firstinspires.ftc.robotcore.internal.network.CallbackResult com.qualcomm.robotcore.eventloop.EventLoopManager.commandEvent(com.qualcomm.robotcore.robocol.Command) for 614ms
02-07 18:45:43.093  1503  1561 V RobotCore: EventLoopManager state is RUNNING
02-07 18:45:43.095  1503  1561 V RobotCore: Robot Status: running, starting robot
02-07 18:45:43.096  1503  1561 V RobotCore: Robot Status: running
02-07 18:45:43.101  1503  1609 V RobotCore: thread: 'EventLoop' starting...
02-07 18:45:43.102  1503  1561 D FTCService: Detecting Wi-Fi reset
02-07 18:45:43.103  1503  1561 D RobotControllerAccessPointAssistant: detectWifiReset button=false
02-07 18:45:43.104  1503  1561 V RobotCore: thread: ...terminating 'RobotSetupRunnable.run()'
02-07 18:45:43.105  1503  1585 E Robocol : command processing took 625 ms: command=CMD_REQUEST_ACTIVE_CONFIG
02-07 18:45:43.129  1503  1588 V Robocol : sending CMD_NOTIFY_ROBOT_STATE(61), attempt: 0
02-07 18:45:43.130  1503  1588 V Robocol : sending CMD_SHOW_TOAST(62), attempt: 0
02-07 18:45:43.131  1503  1588 V Robocol : sending CMD_NOTIFY_ACTIVE_CONFIGURATION(64), attempt: 0
02-07 18:45:43.131  1503  1588 V Robocol : sending CMD_NOTIFY_USER_DEVICE_LIST(67), attempt: 0
02-07 18:45:43.169  1503  1588 V Robocol : sending CMD_NOTIFY_OP_MODE_LIST(70), attempt: 0
02-07 18:45:43.183  1503  1591 V SoundInfo: construct(0x0b0bb9fd)
02-07 18:45:43.217  1503  1590 I MediaCodec: callingProcessName:com.qualcomm.ftcrobotcontroller
02-07 18:45:43.220  1503  1614 I ACodec  : onAllocateComponent:6752 mSoftCodecPref:0 componentName:
02-07 18:45:43.221  1503  1614 I ACodec  : onAllocateComponent:6783 mSoftCodecPref:0 componentName:OMX.google.raw.decoder
02-07 18:45:43.269  1503  1529 D SoundPlayer: onLoadComplete(samp=2|ms=4506, samp=2)=0
02-07 18:45:43.307  1503  1617 W AudioTrack: AUDIO_OUTPUT_FLAG_FAST denied by client; transfer 4, track 48000 Hz, output 44100 Hz
02-07 18:45:43.309  1503  1617 D SoundPlayer: playing volume=0.000000 samp=2|ms=4506
02-07 18:45:43.329  1503  1588 V Robocol : sending CMD_PLAY_SOUND(83), attempt: 0
02-07 18:45:43.616  1503  1609 I RobotCore: Attempting to switch to OpMode $Stop$Robot$
02-07 18:45:43.619  1503  1609 D HardwareMap: Clearing which device instances have been retrieved
02-07 18:45:43.625  1503  1619 V RobotCore: thread: 'OpModeThread' starting...
02-07 18:45:43.641  1503  1619 V RobotCore: nack rec'd mod=173 msg#=0 ref#=0 reason=CANCELLED_FOR_SAFETY:259
02-07 18:45:43.645  1503  1619 V RobotCore: nack rec'd mod=173 msg#=0 ref#=0 reason=CANCELLED_FOR_SAFETY:259
02-07 18:45:43.649  1503  1588 V Robocol : sending CMD_NOTIFY_INIT_OP_MODE(94), attempt: 0
02-07 18:45:43.650  1503  1588 V Robocol : sending CMD_NOTIFY_RUN_OP_MODE(95), attempt: 0
02-07 18:45:43.651  1503  1588 V Robocol : sending CMD_NOTIFY_RUN_OP_MODE(96), attempt: 0
02-07 18:45:43.657  1503  1619 V RobotCore: nack rec'd mod=173 msg#=0 ref#=0 reason=CANCELLED_FOR_SAFETY:259
02-07 18:45:43.660  1503  1619 V RobotCore: nack rec'd mod=173 msg#=0 ref#=0 reason=CANCELLED_FOR_SAFETY:259
02-07 18:46:20.749  1503  1584 V Robocol : received command: CMD_INIT_OP_MODE(10560) $Stop$Robot$
02-07 18:46:20.771  1503  1619 V RobotCore: thread: ...terminating 'OpModeThread'
02-07 18:46:20.774  1503  1609 I RobotCore: Attempting to switch to OpMode $Stop$Robot$
02-07 18:46:20.777  1503  1609 D HardwareMap: Clearing which device instances have been retrieved
02-07 18:46:20.781  1503  1631 V RobotCore: thread: 'OpModeThread' starting...
02-07 18:46:20.794  1503  1631 V RobotCore: nack rec'd mod=173 msg#=0 ref#=0 reason=CANCELLED_FOR_SAFETY:259
02-07 18:46:20.798  1503  1631 V RobotCore: nack rec'd mod=173 msg#=0 ref#=0 reason=CANCELLED_FOR_SAFETY:259
02-07 18:46:20.809  1503  1631 V RobotCore: nack rec'd mod=173 msg#=0 ref#=0 reason=CANCELLED_FOR_SAFETY:259
02-07 18:46:20.809  1503  1588 V Robocol : sending CMD_NOTIFY_INIT_OP_MODE(611), attempt: 0
02-07 18:46:20.810  1503  1588 V Robocol : sending CMD_NOTIFY_RUN_OP_MODE(612), attempt: 0
02-07 18:46:20.811  1503  1631 V RobotCore: nack rec'd mod=173 msg#=0 ref#=0 reason=CANCELLED_FOR_SAFETY:259
02-07 18:46:22.867  1503  1584 V Robocol : received command: CMD_SET_MATCH_NUMBER(10595) 0
02-07 18:46:22.869  1503  1584 V Robocol : received command: CMD_INIT_OP_MODE(10596) Robot: TeleOp2
02-07 18:46:22.900  1503  1631 V RobotCore: thread: ...terminating 'OpModeThread'
02-07 18:46:22.903  1503  1609 I RobotCore: Attempting to switch to OpMode Robot: TeleOp2
02-07 18:46:22.932  1503  1609 I RobotCore: ******************** START - OPMODE Robot: TeleOp2 ********************
02-07 18:46:23.110  1503  1609 D HardwareMap: Clearing which device instances have been retrieved
02-07 18:46:23.113  1503  1633 V RobotCore: thread: 'OpModeThread' starting...
02-07 18:46:23.129  1503  1588 V Robocol : sending CMD_NOTIFY_INIT_OP_MODE(658), attempt: 0
02-07 18:46:23.182  1503  1633 I System.out: PID Coefficients: PIDFCoefficients(p=10.000000 i=3.000000 d=0.000000 f=0.000000 alg=LegacyPID)
02-07 18:46:23.189  1503  1633 I I2C     : Automatically initializing I2C device LynxEmbeddedIMU (USB (embedded); module 173; bus 0; addr7=0x28)
02-07 18:46:23.190  1503  1633 V BNO055  : Suppressing I2C warnings while we check for a BNO055 IMU
02-07 18:46:23.193  1503  1633 V BNO055  : Found BNO055 IMU
02-07 18:46:23.628  1503  1633 V BNO055IMU: Now polling until IMU comes out of reset. It is normal to see I2C failures below
02-07 18:46:23.634  1503  1633 V RobotCore: addr=false data=true arb=false clock=false
02-07 18:46:23.634  1503  1633 E LynxI2cDeviceSynch: readStatusQuery: cbExpected=1 cbRead=0
02-07 18:46:23.634  1503  1633 E LynxI2cDeviceSynch: placeholder: readStatusQuery
02-07 18:46:23.699  1503  1633 V RobotCore: addr=false data=true arb=false clock=false
02-07 18:46:23.700  1503  1633 E LynxI2cDeviceSynch: readStatusQuery: cbExpected=1 cbRead=0
02-07 18:46:23.788  1503  1584 V Robocol : received command: CMD_RUN_OP_MODE(10616) Robot: TeleOp2
02-07 18:46:23.810  1503  1588 V Robocol : sending CMD_NOTIFY_RUN_OP_MODE(671), attempt: 0
02-07 18:46:23.865  1503  1633 V BNO055IMU: IMU has come out of reset. No more I2C failures should occur.
02-07 18:46:23.925  1503  1633 I I2C     : Automatically initializing I2C device GoBildaPinpointDriver (USB (embedded); module 173; bus 1; addr7=0x31)
02-07 18:46:28.867  1503  1584 V Robocol : received command: CMD_INIT_OP_MODE(10687) $Stop$Robot$
02-07 18:46:28.889  1503  1633 E LynxI2cDeviceSynch: placeholder: readStatusQuery
02-07 18:46:28.890  1503  1633 D RobotCore: User runOpModeMethod exited
02-07 18:46:28.894  1503  1633 V RobotCore: thread: ...terminating 'OpModeThread'
02-07 18:46:28.900  1503  1609 I RobotCore: Attempting to switch to OpMode $Stop$Robot$
02-07 18:46:28.903  1503  1609 I RobotCore: ******************** STOP - OPMODE /storage/emulated/0/FIRST/matchlogs/Match-0-Robot:_TeleOp2.txt ********************
02-07 18:46:28.914  1503  1609 D HardwareMap: Clearing which device instances have been retrieved
02-07 18:46:28.914  1503  1636 I RobotCore: saving match logcat to /storage/emulated/0/FIRST/matchlogs/Match-0-Robot:_TeleOp2.txt
02-07 18:46:28.914  1503  1636 I RobotCore: logging command line: exec logcat -d -T '2-7 18:46:22.000' -f '/storage/emulated/0/FIRST/matchlogs/Match-0-Robot:_TeleOp2.txt' -n4 -v threadtime UsbRequestJNI:S UsbRequest:S art:W ThreadPool:W System:W ExtendedExtractor:W OMXClient:W MediaPlayer:W dalvikvm:W  *:V
02-07 18:46:28.917  1503  1638 V RobotCore: thread: 'OpModeThread' starting...
02-07 18:46:28.926  1503  1638 V RobotCore: nack rec'd mod=173 msg#=0 ref#=0 reason=CANCELLED_FOR_SAFETY:259
02-07 18:46:28.928  1503  1638 V RobotCore: nack rec'd mod=173 msg#=0 ref#=0 reason=CANCELLED_FOR_SAFETY:259
02-07 18:46:28.929  1503  1588 V Robocol : sending CMD_NOTIFY_INIT_OP_MODE(750), attempt: 0
02-07 18:46:28.930  1503  1588 V Robocol : sending CMD_NOTIFY_RUN_OP_MODE(751), attempt: 0
02-07 18:46:28.938  1503  1638 V RobotCore: nack rec'd mod=173 msg#=0 ref#=0 reason=CANCELLED_FOR_SAFETY:259
02-07 18:46:28.939  1503  1638 V RobotCore: nack rec'd mod=173 msg#=0 ref#=0 reason=CANCELLED_FOR_SAFETY:259
02-07 18:46:28.937  1637  1637 I sh      : type=1400 audit(0.0:155): avc: denied { read } for name="/" dev="rootfs" ino=1 scontext=u:r:untrusted_app:s0:c512,c768 tcontext=u:object_r:rootfs:s0 tclass=dir permissive=1
02-07 18:46:28.937  1637  1637 I sh      : type=1400 audit(0.0:156): avc: denied { open } for path="/" dev="rootfs" ino=1 scontext=u:r:untrusted_app:s0:c512,c768 tcontext=u:object_r:rootfs:s0 tclass=dir permissive=1
02-07 18:46:28.987  1503  1636 I RobotCore: Done running exec logcat -d -T '2-7 18:46:22.000' -f '/storage/emulated/0/FIRST/matchlogs/Match-0-Robot:_TeleOp2.txt' -n4 -v threadtime UsbRequestJNI:S UsbRequest:S art:W ThreadPool:W System:W ExtendedExtractor:W OMXClient:W MediaPlayer:W dalvikvm:W  *:V
02-07 18:46:28.987  1503  1636 I RobotCore: exiting match logcat for /storage/emulated/0/FIRST/matchlogs/Match-0-Robot:_TeleOp2.txt
