02-07 18:43:20.081   983  1190 E Assert  : 	at org.firstinspires.ftc.robotcore.internal.opmode.RegisteredOpModes$5.run(RegisteredOpModes.java:250)
02-07 18:43:20.082   983  1190 E Assert  : 	at org.firstinspires.ftc.robotcore.internal.opmode.RegisteredOpModes.lockOpModesWhile(RegisteredOpModes.java:326)
02-07 18:43:20.082   983  1190 E Assert  : 	at org.firstinspires.ftc.robotcore.internal.opmode.RegisteredOpModes.registerOnBotJavaOpModes(RegisteredOpModes.java:232)
02-07 18:43:20.082   983  1190 E Assert  : 	at com.qualcomm.ftccommon.FtcEventLoopBase$1.run(FtcEventLoopBase.java:413)
02-07 18:43:20.082   983  1190 E Assert  : 	at org.firstinspires.ftc.robotcore.internal.system.LockingRunner$1.get(LockingRunner.java:62)
02-07 18:43:20.083   983  1190 E Assert  : 	at org.firstinspires.ftc.robotcore.internal.system.LockingRunner$1.get(LockingRunner.java:60)
02-07 18:43:20.083   983  1190 E Assert  : 	at org.firstinspires.ftc.robotcore.internal.system.LockingRunner$2.call(LockingRunner.java:72)
02-07 18:43:20.083   983  1190 E Assert  : 	at org.firstinspires.ftc.robotcore.internal.system.LockingRunner.lockWhile(LockingRunner.java:85)
02-07 18:43:20.083   983  1190 E Assert  : 	at org.firstinspires.ftc.robotcore.internal.system.LockingRunner.lockWhile(LockingRunner.java:70)
02-07 18:43:20.083   983  1190 E Assert  : 	at org.firstinspires.ftc.robotcore.internal.system.LockingRunner.lockWhile(LockingRunner.java:60)
02-07 18:43:20.084   983  1190 E Assert  : 	at org.firstinspires.ftc.robotcore.internal.opmode.OnBotJavaBuildLocker.lockBuildExclusiveWhile(OnBotJavaBuildLocker.java:46)
02-07 18:43:20.084   983  1190 E Assert  : 	at com.qualcomm.ftccommon.FtcEventLoopBase.checkForChangedOpModes(FtcEventLoopBase.java:408)
02-07 18:43:20.084   983  1190 E Assert  : 	at com.qualcomm.ftccommon.FtcEventLoop.loop(FtcEventLoop.java:281)
02-07 18:43:20.085   983  1190 E Assert  : 	at com.qualcomm.robotcore.eventloop.EventLoopManager$EventLoopRunnable$1.run(EventLoopManager.java:324)
02-07 18:43:20.085   983  1190 E Assert  : 	at com.qualcomm.robotcore.util.ThreadPool.logThreadLifeCycle(ThreadPool.java:737)
02-07 18:43:20.085   983  1190 E Assert  : 	at com.qualcomm.robotcore.eventloop.EventLoopManager$EventLoopRunnable.run(EventLoopManager.java:267)
02-07 18:43:20.085   983  1190 E Assert  : 	at com.qualcomm.robotcore.eventloop.EventLoopManager$1.run(EventLoopManager.java:606)
02-07 18:43:20.086   983  1190 E Assert  : 	at java.util.concurrent.ThreadPoolExecutor.runWorker(ThreadPoolExecutor.java:1133)
02-07 18:43:20.086   983  1190 E Assert  : 	at java.util.concurrent.ThreadPoolExecutor$Worker.run(ThreadPoolExecutor.java:607)
02-07 18:43:20.086   983  1190 E Assert  : 	at com.qualcomm.robotcore.util.ThreadPool$ThreadFactoryImpl$1.run(ThreadPool.java:793)
02-07 18:43:20.086   983  1190 E Assert  : 	at java.lang.Thread.run(Thread.java:761)
02-07 18:43:20.089   983  1190 V OpmodeRegistration: registered {IdNetBasket} as {Robot: Id Net Basket}
02-07 18:43:20.090   983  1190 V OpmodeRegistration: registered {IdObservationMultipleSpecimens} as {Robot: Id Observation Multiple Specimens}
02-07 18:43:20.090   983  1190 V OpmodeRegistration: registered {IdTeleop2} as {Robot: TeleOp2}
02-07 18:43:20.091   983  1190 V OpmodeRegistration: registered {IdNetSpecimen} as {Robot: Id Net Specimen}
02-07 18:43:20.091   983  1190 V OpmodeRegistration: registered {BrakingCalibration} as {Robot: Braking Calibration}
02-07 18:43:20.092   983  1190 V OpmodeRegistration: registered {IdObservationSpecimenAndPush} as {Robot: Id Observation Specimen And Push}
02-07 18:43:20.092   983  1190 V OpmodeRegistration: registered {IdObservationSpecimen} as {Robot: Id Observation Specimen}
02-07 18:43:20.097   983  1172 V Robocol : sending CMD_NOTIFY_OP_MODE_LIST(1490), attempt: 0
02-07 18:43:20.137   983  1172 V Robocol : sending CMD_NOTIFY_USER_DEVICE_LIST(1492), attempt: 0
02-07 18:43:21.471   983  1389 V SessionCookie: added SessionCookie: cookie=2d91706a-a11e-4336-bb04-6f0e7b4f5157 uri='/'
02-07 18:43:21.485   983  1389 E fi.iki.elonen.NanoHTTPD: Could not send response to the client
02-07 18:43:21.485   983  1389 E fi.iki.elonen.NanoHTTPD: java.net.SocketException: Broken pipe
02-07 18:43:21.485   983  1389 E fi.iki.elonen.NanoHTTPD: 	at java.net.SocketOutputStream.socketWrite0(Native Method)
02-07 18:43:21.485   983  1389 E fi.iki.elonen.NanoHTTPD: 	at java.net.SocketOutputStream.socketWrite(SocketOutputStream.java:112)
02-07 18:43:21.485   983  1389 E fi.iki.elonen.NanoHTTPD: 	at java.net.SocketOutputStream.write(SocketOutputStream.java:145)
02-07 18:43:21.485   983  1389 E fi.iki.elonen.NanoHTTPD: 	at fi.iki.elonen.NanoHTTPD$Response$ChunkedOutputStream.write(NanoHTTPD.java:1444)
02-07 18:43:21.485   983  1389 E fi.iki.elonen.NanoHTTPD: 	at java.util.zip.GZIPOutputStream.finish(GZIPOutputStream.java:169)
02-07 18:43:21.485   983  1389 E fi.iki.elonen.NanoHTTPD: 	at fi.iki.elonen.NanoHTTPD$Response.sendBodyWithCorrectEncoding(NanoHTTPD.java:1667)
02-07 18:43:21.485   983  1389 E fi.iki.elonen.NanoHTTPD: 	at fi.iki.elonen.NanoHTTPD$Response.sendBodyWithCorrectTransferAndEncoding(NanoHTTPD.java:1656)
02-07 18:43:21.485   983  1389 E fi.iki.elonen.NanoHTTPD: 	at fi.iki.elonen.NanoHTTPD$Response.send(NanoHTTPD.java:1626)
02-07 18:43:21.485   983  1389 E fi.iki.elonen.NanoHTTPD: 	at fi.iki.elonen.NanoHTTPD$HTTPSession.execute(NanoHTTPD.java:959)
02-07 18:43:21.485   983  1389 E fi.iki.elonen.NanoHTTPD: 	at fi.iki.elonen.NanoHTTPD$ClientHandler.run(NanoHTTPD.java:187)
02-07 18:43:21.485   983  1389 E fi.iki.elonen.NanoHTTPD: 	at java.lang.Thread.run(Thread.java:761)
02-07 18:43:21.490   983  1391 V ProgrammingModeManager: serve uri=/java/file/tree
02-07 18:43:21.557   983  1391 V ProgrammingModeManager: serve uri=/java/file/delete
02-07 18:43:21.574   983  1393 V ProgrammingModeManager: serve uri=/java/file/upload
02-07 18:43:21.605   983  1395 V ProgrammingModeManager: serve uri=/java/file/delete
02-07 18:43:21.622   983  1397 V ProgrammingModeManager: serve uri=/java/file/upload
02-07 18:43:21.664   983  1399 V ProgrammingModeManager: serve uri=/java/file/delete
02-07 18:43:21.685   983  1401 V ProgrammingModeManager: serve uri=/java/file/upload
02-07 18:43:21.714   983  1403 V ProgrammingModeManager: serve uri=/java/file/delete
02-07 18:43:21.731   983  1405 V ProgrammingModeManager: serve uri=/java/file/upload
02-07 18:43:21.764   983  1407 V ProgrammingModeManager: serve uri=/java/file/delete
02-07 18:43:21.780   983  1409 V ProgrammingModeManager: serve uri=/java/file/upload
02-07 18:43:21.807   983  1411 V ProgrammingModeManager: serve uri=/java/file/delete
02-07 18:43:21.835   983  1413 V ProgrammingModeManager: serve uri=/java/file/upload
02-07 18:43:21.865   983  1415 V ProgrammingModeManager: serve uri=/java/file/delete
02-07 18:43:21.888   983  1417 V ProgrammingModeManager: serve uri=/java/file/upload
02-07 18:43:21.937   983  1419 V ProgrammingModeManager: serve uri=/java/file/delete
02-07 18:43:21.953   983  1421 V ProgrammingModeManager: serve uri=/java/file/upload
02-07 18:43:22.009   983  1423 V ProgrammingModeManager: serve uri=/java/file/delete
02-07 18:43:22.026   983  1425 V ProgrammingModeManager: serve uri=/java/file/upload
02-07 18:43:22.060   983  1427 V ProgrammingModeManager: serve uri=/java/file/delete
02-07 18:43:22.076   983  1429 V ProgrammingModeManager: serve uri=/java/file/upload
02-07 18:43:22.118   983  1431 V ProgrammingModeManager: serve uri=/java/file/delete
02-07 18:43:22.140   983  1433 V ProgrammingModeManager: serve uri=/java/file/upload
02-07 18:43:22.176   983  1435 V ProgrammingModeManager: serve uri=/java/file/delete
02-07 18:43:22.197   983  1437 V ProgrammingModeManager: serve uri=/java/file/upload
02-07 18:43:22.228   983  1439 V ProgrammingModeManager: serve uri=/java/build/start
02-07 18:43:22.230   983  1022 V OnBotJava: build request file changed: 0x00000002 /storage/emulated/0/FIRST/java/control/buildRequest.txt
02-07 18:43:22.231   983  1125 V OnBotJava: build()...
02-07 18:43:22.231   983  1022 V OnBotJava: build request file changed: 0x00000002 /storage/emulated/0/FIRST/java/control/buildRequest.txt
02-07 18:43:22.266   983  1439 I ONBOTJAVA_BUILD_MONITOR: Build 1738971802229 is pending
02-07 18:43:22.274   983  1022 I ONBOTJAVA_BUILD_MONITOR: Build 1738971802229 has successfully started
02-07 18:43:22.280   983  1441 V ProgrammingModeManager: serve uri=/java/build/status
02-07 18:43:22.290   983  1125 V OnBotJava: clean()...
02-07 18:43:22.321   983  1125 V OnBotJava: ...clean()
02-07 18:43:22.321   983  1125 V OnBotJava: ensureBuildDirs()...
02-07 18:43:22.430   983  1125 V OnBotJava: ...ensureBuildDirs()
02-07 18:43:22.430   983  1125 V OnBotJava: compileJavaFiles()...
02-07 18:43:23.334   983  1441 V ProgrammingModeManager: serve uri=/java/build/status
02-07 18:43:24.401   983  1441 V ProgrammingModeManager: serve uri=/java/build/status
02-07 18:43:25.461   983  1441 V ProgrammingModeManager: serve uri=/java/build/status
02-07 18:43:25.683   983  1125 W OnBotJava:Diagnostics: org/firstinspires/ftc/teamcode/LogViewer.java(41:44): MANDATORY_WARNING: getParms() in fi.iki.elonen.NanoHTTPD.IHTTPSession has been deprecated
02-07 18:43:26.244   983  1125 W OnBotJava:Diagnostics: org/firstinspires/ftc/teamcode/BrakingCalibration.java(229:29): MANDATORY_WARNING: unchecked call to Pair(F,S) as a member of the raw type android.util.Pair
02-07 18:43:26.249   983  1125 W OnBotJava:Diagnostics: org/firstinspires/ftc/teamcode/BrakingCalibration.java(229:28): MANDATORY_WARNING: unchecked method invocation: method add in class java.util.ArrayList is applied to given types
02-07 18:43:26.249   983  1125 W OnBotJava:Diagnostics:   required: E
02-07 18:43:26.250   983  1125 W OnBotJava:Diagnostics:   found: android.util.Pair
02-07 18:43:26.252   983  1125 W OnBotJava:Diagnostics: org/firstinspires/ftc/teamcode/BrakingCalibration.java(229:29): MANDATORY_WARNING: unchecked conversion
02-07 18:43:26.252   983  1125 W OnBotJava:Diagnostics:   required: E
02-07 18:43:26.252   983  1125 W OnBotJava:Diagnostics:   found:    android.util.Pair
02-07 18:43:26.322   983  1125 W OnBotJava:Diagnostics: org/firstinspires/ftc/teamcode/BrakingCalibration.java(257:29): MANDATORY_WARNING: unchecked call to Pair(F,S) as a member of the raw type android.util.Pair
02-07 18:43:26.328   983  1125 W OnBotJava:Diagnostics: org/firstinspires/ftc/teamcode/BrakingCalibration.java(257:28): MANDATORY_WARNING: unchecked method invocation: method add in class java.util.ArrayList is applied to given types
02-07 18:43:26.328   983  1125 W OnBotJava:Diagnostics:   required: E
02-07 18:43:26.328   983  1125 W OnBotJava:Diagnostics:   found: android.util.Pair
02-07 18:43:26.331   983  1125 W OnBotJava:Diagnostics: org/firstinspires/ftc/teamcode/BrakingCalibration.java(257:29): MANDATORY_WARNING: unchecked conversion
02-07 18:43:26.331   983  1125 W OnBotJava:Diagnostics:   required: E
02-07 18:43:26.332   983  1125 W OnBotJava:Diagnostics:   found:    android.util.Pair
02-07 18:43:26.484   983  1125 V OnBotJava: ...compileJavaFiles()
02-07 18:43:26.503   983  1125 V OnBotJava: consolidateClassFilesInJar()...
02-07 18:43:26.508   983  1125 V OnBotJava: consolidating to /storage/emulated/0/FIRST/java/build/jars/onBotJavaJar-2025-02-07+18.43.26-685502422/OnBotJava.jar
02-07 18:43:26.524   983  1441 V ProgrammingModeManager: serve uri=/java/build/status
02-07 18:43:26.708   983  1125 V OnBotJava: ...consolidateClassFilesInJar()
02-07 18:43:26.708   983  1125 V OnBotJava: dexifyJarFiles()...
02-07 18:43:26.716   983  1125 V OnBotJava: dexifying  /storage/emulated/0/FIRST/java/build/jars/onBotJavaJar-2025-02-07+18.43.26-685502422/OnBotJava.jar...
02-07 18:43:26.719   983  1321 E ServeAsset: Mime type unknown: uri='/log' path='log'
02-07 18:43:26.721   983  1125 V OnBotJava: using d8
02-07 18:43:27.581   983  1441 V ProgrammingModeManager: serve uri=/java/build/status
02-07 18:43:27.902   983  1321 E ServeAsset: Mime type unknown: uri='/log' path='log'
02-07 18:43:28.093   983  1446 E ServeAsset: Mime type unknown: uri='/log' path='log'
02-07 18:43:28.252   983  1446 E ServeAsset: Mime type unknown: uri='/log' path='log'
02-07 18:43:28.420   983  1446 E ServeAsset: Mime type unknown: uri='/log' path='log'
02-07 18:43:28.590   983  1446 E ServeAsset: Mime type unknown: uri='/log' path='log'
02-07 18:43:28.649   983  1441 V ProgrammingModeManager: serve uri=/java/build/status
02-07 18:43:28.767   983  1446 E ServeAsset: Mime type unknown: uri='/log' path='log'
02-07 18:43:28.936   983  1446 E ServeAsset: Mime type unknown: uri='/log' path='log'
02-07 18:43:29.103   983  1446 E ServeAsset: Mime type unknown: uri='/log' path='log'
02-07 18:43:29.399   983  1446 E ServeAsset: Mime type unknown: uri='/log' path='log'
02-07 18:43:29.704   983  1441 V ProgrammingModeManager: serve uri=/java/build/status
02-07 18:43:30.285   983  1125 V OnBotJava: Wrote /storage/emulated/0/FIRST/java/build/jars/onBotJavaJar-2025-02-07+18.43.26-685502422/classes.dex
02-07 18:43:30.287   983  1125 V OnBotJava: ...dexifying  /storage/emulated/0/FIRST/java/build/jars/onBotJavaJar-2025-02-07+18.43.26-685502422/OnBotJava.jar
02-07 18:43:30.296   983  1125 V OnBotJava: ...dexifyJarFiles()
02-07 18:43:30.306   983  1125 D OnBotJavaBackupManager: Trimming old build backup: /storage/emulated/0/FIRST/java/srcBackups/OnBot-build-00001004-2025-02-03+18.48.32.zip
02-07 18:43:30.307   983  1125 D OnBotJavaBackupManager: Backing up source code for this build to: /storage/emulated/0/FIRST/java/srcBackups/OnBot-build-00001039-2025-02-07+18.43.30.zip
02-07 18:43:30.431   983  1125 D OnBotJavaBackupManager: Finished backing up source code for this build
02-07 18:43:30.433   983  1022 V RegisteredOpModes: noting that OnBotJava changed
02-07 18:43:30.433   983  1022 V RegisteredOpModes: noting that OnBotJava changed
02-07 18:43:30.442   983  1125 V OnBotJava: onBotJava build finished successfully
02-07 18:43:30.445   983  1022 I ONBOTJAVA_BUILD_MONITOR: Build 1738971802229 completed with status SUCCESSFUL
02-07 18:43:30.457   983  1125 V OnBotJava: ...build()
02-07 18:43:30.457   983  1190 V OpmodeRegistration: unregistered {Robot: Id Net Basket}
02-07 18:43:30.457   983  1190 V OpmodeRegistration: unregistered {Robot: Id Observation Multiple Specimens}
02-07 18:43:30.458   983  1190 V OpmodeRegistration: unregistered {Robot: TeleOp2}
02-07 18:43:30.458   983  1190 V OpmodeRegistration: unregistered {Robot: Id Net Specimen}
02-07 18:43:30.458   983  1190 V OpmodeRegistration: unregistered {Robot: Braking Calibration}
02-07 18:43:30.458   983  1190 V OpmodeRegistration: unregistered {Robot: Id Observation Specimen And Push}
02-07 18:43:30.458   983  1190 V OpmodeRegistration: unregistered {Robot: Id Observation Specimen}
02-07 18:43:30.481   983  1190 F Assert  : assertion failed: class GoBildaPinpointDriver isn't OnBotJava: loader=ExternalLibrariesClassLoader
02-07 18:43:30.482   983  1190 E Assert  : java.lang.RuntimeException: assertion failed: class GoBildaPinpointDriver isn't OnBotJava: loader=ExternalLibrariesClassLoader
02-07 18:43:30.483   983  1190 E Assert  : 	at org.firstinspires.ftc.robotcore.internal.system.Assert.assertFailed(Assert.java:140)
02-07 18:43:30.483   983  1190 E Assert  : 	at org.firstinspires.ftc.robotcore.internal.system.Assert.assertTrue(Assert.java:94)
02-07 18:43:30.483   983  1190 E Assert  : 	at org.firstinspires.ftc.robotcore.internal.opmode.ClassManager.processOnBotJavaClasses(ClassManager.java:308)
02-07 18:43:30.484   983  1190 E Assert  : 	at org.firstinspires.ftc.robotcore.internal.opmode.RegisteredOpModes$5.run(RegisteredOpModes.java:250)
02-07 18:43:30.484   983  1190 E Assert  : 	at org.firstinspires.ftc.robotcore.internal.opmode.RegisteredOpModes.lockOpModesWhile(RegisteredOpModes.java:326)
02-07 18:43:30.485   983  1190 E Assert  : 	at org.firstinspires.ftc.robotcore.internal.opmode.RegisteredOpModes.registerOnBotJavaOpModes(RegisteredOpModes.java:232)
02-07 18:43:30.485   983  1190 E Assert  : 	at com.qualcomm.ftccommon.FtcEventLoopBase$1.run(FtcEventLoopBase.java:413)
02-07 18:43:30.485   983  1190 E Assert  : 	at org.firstinspires.ftc.robotcore.internal.system.LockingRunner$1.get(LockingRunner.java:62)
02-07 18:43:30.485   983  1190 E Assert  : 	at org.firstinspires.ftc.robotcore.internal.system.LockingRunner$1.get(LockingRunner.java:60)
02-07 18:43:30.486   983  1190 E Assert  : 	at org.firstinspires.ftc.robotcore.internal.system.LockingRunner$2.call(LockingRunner.java:72)
02-07 18:43:30.486   983  1190 E Assert  : 	at org.firstinspires.ftc.robotcore.internal.system.LockingRunner.lockWhile(LockingRunner.java:85)
02-07 18:43:30.486   983  1190 E Assert  : 	at org.firstinspires.ftc.robotcore.internal.system.LockingRunner.lockWhile(LockingRunner.java:70)
02-07 18:43:30.486   983  1190 E Assert  : 	at org.firstinspires.ftc.robotcore.internal.system.LockingRunner.lockWhile(LockingRunner.java:60)
02-07 18:43:30.487   983  1190 E Assert  : 	at org.firstinspires.ftc.robotcore.internal.opmode.OnBotJavaBuildLocker.lockBuildExclusiveWhile(OnBotJavaBuildLocker.java:46)
02-07 18:43:30.487   983  1190 E Assert  : 	at com.qualcomm.ftccommon.FtcEventLoopBase.checkForChangedOpModes(FtcEventLoopBase.java:408)
02-07 18:43:30.487   983  1190 E Assert  : 	at com.qualcomm.ftccommon.FtcEventLoop.loop(FtcEventLoop.java:281)
02-07 18:43:30.488   983  1190 E Assert  : 	at com.qualcomm.robotcore.eventloop.EventLoopManager$EventLoopRunnable$1.run(EventLoopManager.java:324)
02-07 18:43:30.488   983  1190 E Assert  : 	at com.qualcomm.robotcore.util.ThreadPool.logThreadLifeCycle(ThreadPool.java:737)
02-07 18:43:30.488   983  1190 E Assert  : 	at com.qualcomm.robotcore.eventloop.EventLoopManager$EventLoopRunnable.run(EventLoopManager.java:267)
02-07 18:43:30.489   983  1190 E Assert  : 	at com.qualcomm.robotcore.eventloop.EventLoopManager$1.run(EventLoopManager.java:606)
02-07 18:43:30.489   983  1190 E Assert  : 	at java.util.concurrent.ThreadPoolExecutor.runWorker(ThreadPoolExecutor.java:1133)
02-07 18:43:30.489   983  1190 E Assert  : 	at java.util.concurrent.ThreadPoolExecutor$Worker.run(ThreadPoolExecutor.java:607)
02-07 18:43:30.490   983  1190 E Assert  : 	at com.qualcomm.robotcore.util.ThreadPool$ThreadFactoryImpl$1.run(ThreadPool.java:793)
02-07 18:43:30.490   983  1190 E Assert  : 	at java.lang.Thread.run(Thread.java:761)
02-07 18:43:30.507   983  1190 F Assert  : assertion failed: class EncoderDirection isn't OnBotJava: loader=ExternalLibrariesClassLoader
02-07 18:43:30.508   983  1190 E Assert  : java.lang.RuntimeException: assertion failed: class EncoderDirection isn't OnBotJava: loader=ExternalLibrariesClassLoader
02-07 18:43:30.508   983  1190 E Assert  : 	at org.firstinspires.ftc.robotcore.internal.system.Assert.assertFailed(Assert.java:140)
02-07 18:43:30.509   983  1190 E Assert  : 	at org.firstinspires.ftc.robotcore.internal.system.Assert.assertTrue(Assert.java:94)
02-07 18:43:30.509   983  1190 E Assert  : 	at org.firstinspires.ftc.robotcore.internal.opmode.ClassManager.processOnBotJavaClasses(ClassManager.java:308)
02-07 18:43:30.509   983  1190 E Assert  : 	at org.firstinspires.ftc.robotcore.internal.opmode.RegisteredOpModes$5.run(RegisteredOpModes.java:250)
02-07 18:43:30.510   983  1190 E Assert  : 	at org.firstinspires.ftc.robotcore.internal.opmode.RegisteredOpModes.lockOpModesWhile(RegisteredOpModes.java:326)
02-07 18:43:30.510   983  1190 E Assert  : 	at org.firstinspires.ftc.robotcore.internal.opmode.RegisteredOpModes.registerOnBotJavaOpModes(RegisteredOpModes.java:232)
02-07 18:43:30.510   983  1190 E Assert  : 	at com.qualcomm.ftccommon.FtcEventLoopBase$1.run(FtcEventLoopBase.java:413)
02-07 18:43:30.510   983  1190 E Assert  : 	at org.firstinspires.ftc.robotcore.internal.system.LockingRunner$1.get(LockingRunner.java:62)
02-07 18:43:30.511   983  1190 E Assert  : 	at org.firstinspires.ftc.robotcore.internal.system.LockingRunner$1.get(LockingRunner.java:60)
02-07 18:43:30.511   983  1190 E Assert  : 	at org.firstinspires.ftc.robotcore.internal.system.LockingRunner$2.call(LockingRunner.java:72)
02-07 18:43:30.512   983  1190 E Assert  : 	at org.firstinspires.ftc.robotcore.internal.system.LockingRunner.lockWhile(LockingRunner.java:85)
02-07 18:43:30.512   983  1190 E Assert  : 	at org.firstinspires.ftc.robotcore.internal.system.LockingRunner.lockWhile(LockingRunner.java:70)
02-07 18:43:30.512   983  1190 E Assert  : 	at org.firstinspires.ftc.robotcore.internal.system.LockingRunner.lockWhile(LockingRunner.java:60)
02-07 18:43:30.513   983  1190 E Assert  : 	at org.firstinspires.ftc.robotcore.internal.opmode.OnBotJavaBuildLocker.lockBuildExclusiveWhile(OnBotJavaBuildLocker.java:46)
02-07 18:43:30.513   983  1190 E Assert  : 	at com.qualcomm.ftccommon.FtcEventLoopBase.checkForChangedOpModes(FtcEventLoopBase.java:408)
02-07 18:43:30.513   983  1190 E Assert  : 	at com.qualcomm.ftccommon.FtcEventLoop.loop(FtcEventLoop.java:281)
02-07 18:43:30.514   983  1190 E Assert  : 	at com.qualcomm.robotcore.eventloop.EventLoopManager$EventLoopRunnable$1.run(EventLoopManager.java:324)
02-07 18:43:30.514   983  1190 E Assert  : 	at com.qualcomm.robotcore.util.ThreadPool.logThreadLifeCycle(ThreadPool.java:737)
02-07 18:43:30.514   983  1190 E Assert  : 	at com.qualcomm.robotcore.eventloop.EventLoopManager$EventLoopRunnable.run(EventLoopManager.java:267)
02-07 18:43:30.518   983  1190 E Assert  : 	at com.qualcomm.robotcore.eventloop.EventLoopManager$1.run(EventLoopManager.java:606)
02-07 18:43:30.518   983  1190 E Assert  : 	at java.util.concurrent.ThreadPoolExecutor.runWorker(ThreadPoolExecutor.java:1133)
02-07 18:43:30.518   983  1190 E Assert  : 	at java.util.concurrent.ThreadPoolExecutor$Worker.run(ThreadPoolExecutor.java:607)
02-07 18:43:30.519   983  1190 E Assert  : 	at com.qualcomm.robotcore.util.ThreadPool$ThreadFactoryImpl$1.run(ThreadPool.java:793)
02-07 18:43:30.519   983  1190 E Assert  : 	at java.lang.Thread.run(Thread.java:761)
02-07 18:43:30.522   983  1190 F Assert  : assertion failed: class readData isn't OnBotJava: loader=ExternalLibrariesClassLoader
02-07 18:43:30.523   983  1190 E Assert  : java.lang.RuntimeException: assertion failed: class readData isn't OnBotJava: loader=ExternalLibrariesClassLoader
02-07 18:43:30.524   983  1190 E Assert  : 	at org.firstinspires.ftc.robotcore.internal.system.Assert.assertFailed(Assert.java:140)
02-07 18:43:30.524   983  1190 E Assert  : 	at org.firstinspires.ftc.robotcore.internal.system.Assert.assertTrue(Assert.java:94)
02-07 18:43:30.525   983  1190 E Assert  : 	at org.firstinspires.ftc.robotcore.internal.opmode.ClassManager.processOnBotJavaClasses(ClassManager.java:308)
02-07 18:43:30.525   983  1190 E Assert  : 	at org.firstinspires.ftc.robotcore.internal.opmode.RegisteredOpModes$5.run(RegisteredOpModes.java:250)
02-07 18:43:30.526   983  1190 E Assert  : 	at org.firstinspires.ftc.robotcore.internal.opmode.RegisteredOpModes.lockOpModesWhile(RegisteredOpModes.java:326)
02-07 18:43:30.526   983  1190 E Assert  : 	at org.firstinspires.ftc.robotcore.internal.opmode.RegisteredOpModes.registerOnBotJavaOpModes(RegisteredOpModes.java:232)
02-07 18:43:30.526   983  1190 E Assert  : 	at com.qualcomm.ftccommon.FtcEventLoopBase$1.run(FtcEventLoopBase.java:413)
02-07 18:43:30.527   983  1190 E Assert  : 	at org.firstinspires.ftc.robotcore.internal.system.LockingRunner$1.get(LockingRunner.java:62)
02-07 18:43:30.527   983  1190 E Assert  : 	at org.firstinspires.ftc.robotcore.internal.system.LockingRunner$1.get(LockingRunner.java:60)
02-07 18:43:30.527   983  1190 E Assert  : 	at org.firstinspires.ftc.robotcore.internal.system.LockingRunner$2.call(LockingRunner.java:72)
02-07 18:43:30.528   983  1190 E Assert  : 	at org.firstinspires.ftc.robotcore.internal.system.LockingRunner.lockWhile(LockingRunner.java:85)
02-07 18:43:30.528   983  1190 E Assert  : 	at org.firstinspires.ftc.robotcore.internal.system.LockingRunner.lockWhile(LockingRunner.java:70)
02-07 18:43:30.528   983  1190 E Assert  : 	at org.firstinspires.ftc.robotcore.internal.system.LockingRunner.lockWhile(LockingRunner.java:60)
02-07 18:43:30.529   983  1190 E Assert  : 	at org.firstinspires.ftc.robotcore.internal.opmode.OnBotJavaBuildLocker.lockBuildExclusiveWhile(OnBotJavaBuildLocker.java:46)
02-07 18:43:30.529   983  1190 E Assert  : 	at com.qualcomm.ftccommon.FtcEventLoopBase.checkForChangedOpModes(FtcEventLoopBase.java:408)
02-07 18:43:30.529   983  1190 E Assert  : 	at com.qualcomm.ftccommon.FtcEventLoop.loop(FtcEventLoop.java:281)
02-07 18:43:30.530   983  1190 E Assert  : 	at com.qualcomm.robotcore.eventloop.EventLoopManager$EventLoopRunnable$1.run(EventLoopManager.java:324)
02-07 18:43:30.530   983  1190 E Assert  : 	at com.qualcomm.robotcore.util.ThreadPool.logThreadLifeCycle(ThreadPool.java:737)
02-07 18:43:30.530   983  1190 E Assert  : 	at com.qualcomm.robotcore.eventloop.EventLoopManager$EventLoopRunnable.run(EventLoopManager.java:267)
02-07 18:43:30.531   983  1190 E Assert  : 	at com.qualcomm.robotcore.eventloop.EventLoopManager$1.run(EventLoopManager.java:606)
02-07 18:43:30.531   983  1190 E Assert  : 	at java.util.concurrent.ThreadPoolExecutor.runWorker(ThreadPoolExecutor.java:1133)
02-07 18:43:30.531   983  1190 E Assert  : 	at java.util.concurrent.ThreadPoolExecutor$Worker.run(ThreadPoolExecutor.java:607)
02-07 18:43:30.532   983  1190 E Assert  : 	at com.qualcomm.robotcore.util.ThreadPool$ThreadFactoryImpl$1.run(ThreadPool.java:793)
02-07 18:43:30.532   983  1190 E Assert  : 	at java.lang.Thread.run(Thread.java:761)
02-07 18:43:30.533   983  1190 F Assert  : assertion failed: class Register isn't OnBotJava: loader=ExternalLibrariesClassLoader
02-07 18:43:30.534   983  1190 E Assert  : java.lang.RuntimeException: assertion failed: class Register isn't OnBotJava: loader=ExternalLibrariesClassLoader
02-07 18:43:30.535   983  1190 E Assert  : 	at org.firstinspires.ftc.robotcore.internal.system.Assert.assertFailed(Assert.java:140)
02-07 18:43:30.535   983  1190 E Assert  : 	at org.firstinspires.ftc.robotcore.internal.system.Assert.assertTrue(Assert.java:94)
02-07 18:43:30.536   983  1190 E Assert  : 	at org.firstinspires.ftc.robotcore.internal.opmode.ClassManager.processOnBotJavaClasses(ClassManager.java:308)
02-07 18:43:30.536   983  1190 E Assert  : 	at org.firstinspires.ftc.robotcore.internal.opmode.RegisteredOpModes$5.run(RegisteredOpModes.java:250)
02-07 18:43:30.536   983  1190 E Assert  : 	at org.firstinspires.ftc.robotcore.internal.opmode.RegisteredOpModes.lockOpModesWhile(RegisteredOpModes.java:326)
02-07 18:43:30.536   983  1190 E Assert  : 	at org.firstinspires.ftc.robotcore.internal.opmode.RegisteredOpModes.registerOnBotJavaOpModes(RegisteredOpModes.java:232)
02-07 18:43:30.537   983  1190 E Assert  : 	at com.qualcomm.ftccommon.FtcEventLoopBase$1.run(FtcEventLoopBase.java:413)
02-07 18:43:30.537   983  1190 E Assert  : 	at org.firstinspires.ftc.robotcore.internal.system.LockingRunner$1.get(LockingRunner.java:62)
02-07 18:43:30.538   983  1190 E Assert  : 	at org.firstinspires.ftc.robotcore.internal.system.LockingRunner$1.get(LockingRunner.java:60)
02-07 18:43:30.538   983  1190 E Assert  : 	at org.firstinspires.ftc.robotcore.internal.system.LockingRunner$2.call(LockingRunner.java:72)
02-07 18:43:30.538   983  1190 E Assert  : 	at org.firstinspires.ftc.robotcore.internal.system.LockingRunner.lockWhile(LockingRunner.java:85)
02-07 18:43:30.539   983  1190 E Assert  : 	at org.firstinspires.ftc.robotcore.internal.system.LockingRunner.lockWhile(LockingRunner.java:70)
02-07 18:43:30.539   983  1190 E Assert  : 	at org.firstinspires.ftc.robotcore.internal.system.LockingRunner.lockWhile(LockingRunner.java:60)
02-07 18:43:30.539   983  1190 E Assert  : 	at org.firstinspires.ftc.robotcore.internal.opmode.OnBotJavaBuildLocker.lockBuildExclusiveWhile(OnBotJavaBuildLocker.java:46)
02-07 18:43:30.540   983  1190 E Assert  : 	at com.qualcomm.ftccommon.FtcEventLoopBase.checkForChangedOpModes(FtcEventLoopBase.java:408)
02-07 18:43:30.540   983  1190 E Assert  : 	at com.qualcomm.ftccommon.FtcEventLoop.loop(FtcEventLoop.java:281)
02-07 18:43:30.540   983  1190 E Assert  : 	at com.qualcomm.robotcore.eventloop.EventLoopManager$EventLoopRunnable$1.run(EventLoopManager.java:324)
02-07 18:43:30.540   983  1190 E Assert  : 	at com.qualcomm.robotcore.util.ThreadPool.logThreadLifeCycle(ThreadPool.java:737)
02-07 18:43:30.541   983  1190 E Assert  : 	at com.qualcomm.robotcore.eventloop.EventLoopManager$EventLoopRunnable.run(EventLoopManager.java:267)
02-07 18:43:30.541   983  1190 E Assert  : 	at com.qualcomm.robotcore.eventloop.EventLoopManager$1.run(EventLoopManager.java:606)
02-07 18:43:30.542   983  1190 E Assert  : 	at java.util.concurrent.ThreadPoolExecutor.runWorker(ThreadPoolExecutor.java:1133)
02-07 18:43:30.542   983  1190 E Assert  : 	at java.util.concurrent.ThreadPoolExecutor$Worker.run(ThreadPoolExecutor.java:607)
02-07 18:43:30.542   983  1190 E Assert  : 	at com.qualcomm.robotcore.util.ThreadPool$ThreadFactoryImpl$1.run(ThreadPool.java:793)
02-07 18:43:30.542   983  1190 E Assert  : 	at java.lang.Thread.run(Thread.java:761)
02-07 18:43:30.543   983  1190 F Assert  : assertion failed: class GoBildaOdometryPods isn't OnBotJava: loader=ExternalLibrariesClassLoader
02-07 18:43:30.543   983  1190 E Assert  : java.lang.RuntimeException: assertion failed: class GoBildaOdometryPods isn't OnBotJava: loader=ExternalLibrariesClassLoader
02-07 18:43:30.544   983  1190 E Assert  : 	at org.firstinspires.ftc.robotcore.internal.system.Assert.assertFailed(Assert.java:140)
02-07 18:43:30.544   983  1190 E Assert  : 	at org.firstinspires.ftc.robotcore.internal.system.Assert.assertTrue(Assert.java:94)
02-07 18:43:30.545   983  1190 E Assert  : 	at org.firstinspires.ftc.robotcore.internal.opmode.ClassManager.processOnBotJavaClasses(ClassManager.java:308)
02-07 18:43:30.545   983  1190 E Assert  : 	at org.firstinspires.ftc.robotcore.internal.opmode.RegisteredOpModes$5.run(RegisteredOpModes.java:250)
02-07 18:43:30.545   983  1190 E Assert  : 	at org.firstinspires.ftc.robotcore.internal.opmode.RegisteredOpModes.lockOpModesWhile(RegisteredOpModes.java:326)
02-07 18:43:30.546   983  1190 E Assert  : 	at org.firstinspires.ftc.robotcore.internal.opmode.RegisteredOpModes.registerOnBotJavaOpModes(RegisteredOpModes.java:232)
02-07 18:43:30.546   983  1190 E Assert  : 	at com.qualcomm.ftccommon.FtcEventLoopBase$1.run(FtcEventLoopBase.java:413)
02-07 18:43:30.546   983  1190 E Assert  : 	at org.firstinspires.ftc.robotcore.internal.system.LockingRunner$1.get(LockingRunner.java:62)
02-07 18:43:30.546   983  1190 E Assert  : 	at org.firstinspires.ftc.robotcore.internal.system.LockingRunner$1.get(LockingRunner.java:60)
02-07 18:43:30.547   983  1190 E Assert  : 	at org.firstinspires.ftc.robotcore.internal.system.LockingRunner$2.call(LockingRunner.java:72)
02-07 18:43:30.547   983  1190 E Assert  : 	at org.firstinspires.ftc.robotcore.internal.system.LockingRunner.lockWhile(LockingRunner.java:85)
02-07 18:43:30.547   983  1190 E Assert  : 	at org.firstinspires.ftc.robotcore.internal.system.LockingRunner.lockWhile(LockingRunner.java:70)
02-07 18:43:30.547   983  1190 E Assert  : 	at org.firstinspires.ftc.robotcore.internal.system.LockingRunner.lockWhile(LockingRunner.java:60)
02-07 18:43:30.548   983  1190 E Assert  : 	at org.firstinspires.ftc.robotcore.internal.opmode.OnBotJavaBuildLocker.lockBuildExclusiveWhile(OnBotJavaBuildLocker.java:46)
02-07 18:43:30.548   983  1190 E Assert  : 	at com.qualcomm.ftccommon.FtcEventLoopBase.checkForChangedOpModes(FtcEventLoopBase.java:408)
02-07 18:43:30.548   983  1190 E Assert  : 	at com.qualcomm.ftccommon.FtcEventLoop.loop(FtcEventLoop.java:281)
02-07 18:43:30.549   983  1190 E Assert  : 	at com.qualcomm.robotcore.eventloop.EventLoopManager$EventLoopRunnable$1.run(EventLoopManager.java:324)
02-07 18:43:30.549   983  1190 E Assert  : 	at com.qualcomm.robotcore.util.ThreadPool.logThreadLifeCycle(ThreadPool.java:737)
02-07 18:43:30.549   983  1190 E Assert  : 	at com.qualcomm.robotcore.eventloop.EventLoopManager$EventLoopRunnable.run(EventLoopManager.java:267)
02-07 18:43:30.549   983  1190 E Assert  : 	at com.qualcomm.robotcore.eventloop.EventLoopManager$1.run(EventLoopManager.java:606)
02-07 18:43:30.550   983  1190 E Assert  : 	at java.util.concurrent.ThreadPoolExecutor.runWorker(ThreadPoolExecutor.java:1133)
02-07 18:43:30.550   983  1190 E Assert  : 	at java.util.concurrent.ThreadPoolExecutor$Worker.run(ThreadPoolExecutor.java:607)
02-07 18:43:30.550   983  1190 E Assert  : 	at com.qualcomm.robotcore.util.ThreadPool$ThreadFactoryImpl$1.run(ThreadPool.java:793)
02-07 18:43:30.550   983  1190 E Assert  : 	at java.lang.Thread.run(Thread.java:761)
02-07 18:43:30.552   983  1190 F Assert  : assertion failed: class DeviceStatus isn't OnBotJava: loader=ExternalLibrariesClassLoader
02-07 18:43:30.553   983  1190 E Assert  : java.lang.RuntimeException: assertion failed: class DeviceStatus isn't OnBotJava: loader=ExternalLibrariesClassLoader
02-07 18:43:30.554   983  1190 E Assert  : 	at org.firstinspires.ftc.robotcore.internal.system.Assert.assertFailed(Assert.java:140)
02-07 18:43:30.554   983  1190 E Assert  : 	at org.firstinspires.ftc.robotcore.internal.system.Assert.assertTrue(Assert.java:94)
02-07 18:43:30.555   983  1190 E Assert  : 	at org.firstinspires.ftc.robotcore.internal.opmode.ClassManager.processOnBotJavaClasses(ClassManager.java:308)
02-07 18:43:30.555   983  1190 E Assert  : 	at org.firstinspires.ftc.robotcore.internal.opmode.RegisteredOpModes$5.run(RegisteredOpModes.java:250)
02-07 18:43:30.555   983  1190 E Assert  : 	at org.firstinspires.ftc.robotcore.internal.opmode.RegisteredOpModes.lockOpModesWhile(RegisteredOpModes.java:326)
02-07 18:43:30.555   983  1190 E Assert  : 	at org.firstinspires.ftc.robotcore.internal.opmode.RegisteredOpModes.registerOnBotJavaOpModes(RegisteredOpModes.java:232)
02-07 18:43:30.556   983  1190 E Assert  : 	at com.qualcomm.ftccommon.FtcEventLoopBase$1.run(FtcEventLoopBase.java:413)
02-07 18:43:30.556   983  1190 E Assert  : 	at org.firstinspires.ftc.robotcore.internal.system.LockingRunner$1.get(LockingRunner.java:62)
02-07 18:43:30.556   983  1190 E Assert  : 	at org.firstinspires.ftc.robotcore.internal.system.LockingRunner$1.get(LockingRunner.java:60)
02-07 18:43:30.556   983  1190 E Assert  : 	at org.firstinspires.ftc.robotcore.internal.system.LockingRunner$2.call(LockingRunner.java:72)
02-07 18:43:30.556   983  1190 E Assert  : 	at org.firstinspires.ftc.robotcore.internal.system.LockingRunner.lockWhile(LockingRunner.java:85)
02-07 18:43:30.557   983  1190 E Assert  : 	at org.firstinspires.ftc.robotcore.internal.system.LockingRunner.lockWhile(LockingRunner.java:70)
02-07 18:43:30.557   983  1190 E Assert  : 	at org.firstinspires.ftc.robotcore.internal.system.LockingRunner.lockWhile(LockingRunner.java:60)
02-07 18:43:30.557   983  1190 E Assert  : 	at org.firstinspires.ftc.robotcore.internal.opmode.OnBotJavaBuildLocker.lockBuildExclusiveWhile(OnBotJavaBuildLocker.java:46)
02-07 18:43:30.558   983  1190 E Assert  : 	at com.qualcomm.ftccommon.FtcEventLoopBase.checkForChangedOpModes(FtcEventLoopBase.java:408)
02-07 18:43:30.558   983  1190 E Assert  : 	at com.qualcomm.ftccommon.FtcEventLoop.loop(FtcEventLoop.java:281)
02-07 18:43:30.558   983  1190 E Assert  : 	at com.qualcomm.robotcore.eventloop.EventLoopManager$EventLoopRunnable$1.run(EventLoopManager.java:324)
02-07 18:43:30.559   983  1190 E Assert  : 	at com.qualcomm.robotcore.util.ThreadPool.logThreadLifeCycle(ThreadPool.java:737)
02-07 18:43:30.559   983  1190 E Assert  : 	at com.qualcomm.robotcore.eventloop.EventLoopManager$EventLoopRunnable.run(EventLoopManager.java:267)
02-07 18:43:30.559   983  1190 E Assert  : 	at com.qualcomm.robotcore.eventloop.EventLoopManager$1.run(EventLoopManager.java:606)
02-07 18:43:30.560   983  1190 E Assert  : 	at java.util.concurrent.ThreadPoolExecutor.runWorker(ThreadPoolExecutor.java:1133)
02-07 18:43:30.560   983  1190 E Assert  : 	at java.util.concurrent.ThreadPoolExecutor$Worker.run(ThreadPoolExecutor.java:607)
02-07 18:43:30.560   983  1190 E Assert  : 	at com.qualcomm.robotcore.util.ThreadPool$ThreadFactoryImpl$1.run(ThreadPool.java:793)
02-07 18:43:30.563   983  1190 E Assert  : 	at java.lang.Thread.run(Thread.java:761)
02-07 18:43:30.563   983  1190 F Assert  : assertion failed: class GoBildaPinpointDriver isn't OnBotJava: loader=ExternalLibrariesClassLoader
02-07 18:43:30.564   983  1190 E Assert  : java.lang.RuntimeException: assertion failed: class GoBildaPinpointDriver isn't OnBotJava: loader=ExternalLibrariesClassLoader
02-07 18:43:30.565   983  1190 E Assert  : 	at org.firstinspires.ftc.robotcore.internal.system.Assert.assertFailed(Assert.java:140)
02-07 18:43:30.565   983  1190 E Assert  : 	at org.firstinspires.ftc.robotcore.internal.system.Assert.assertTrue(Assert.java:94)
02-07 18:43:30.566   983  1190 E Assert  : 	at org.firstinspires.ftc.robotcore.internal.opmode.ClassManager.processOnBotJavaClasses(ClassManager.java:308)
02-07 18:43:30.566   983  1190 E Assert  : 	at org.firstinspires.ftc.robotcore.internal.opmode.RegisteredOpModes$5.run(RegisteredOpModes.java:250)
02-07 18:43:30.566   983  1190 E Assert  : 	at org.firstinspires.ftc.robotcore.internal.opmode.RegisteredOpModes.lockOpModesWhile(RegisteredOpModes.java:326)
02-07 18:43:30.567   983  1190 E Assert  : 	at org.firstinspires.ftc.robotcore.internal.opmode.RegisteredOpModes.registerOnBotJavaOpModes(RegisteredOpModes.java:232)
02-07 18:43:30.567   983  1190 E Assert  : 	at com.qualcomm.ftccommon.FtcEventLoopBase$1.run(FtcEventLoopBase.java:413)
02-07 18:43:30.567   983  1190 E Assert  : 	at org.firstinspires.ftc.robotcore.internal.system.LockingRunner$1.get(LockingRunner.java:62)
02-07 18:43:30.567   983  1190 E Assert  : 	at org.firstinspires.ftc.robotcore.internal.system.LockingRunner$1.get(LockingRunner.java:60)
02-07 18:43:30.568   983  1190 E Assert  : 	at org.firstinspires.ftc.robotcore.internal.system.LockingRunner$2.call(LockingRunner.java:72)
02-07 18:43:30.568   983  1190 E Assert  : 	at org.firstinspires.ftc.robotcore.internal.system.LockingRunner.lockWhile(LockingRunner.java:85)
02-07 18:43:30.569   983  1190 E Assert  : 	at org.firstinspires.ftc.robotcore.internal.system.LockingRunner.lockWhile(LockingRunner.java:70)
02-07 18:43:30.569   983  1190 E Assert  : 	at org.firstinspires.ftc.robotcore.internal.system.LockingRunner.lockWhile(LockingRunner.java:60)
02-07 18:43:30.569   983  1190 E Assert  : 	at org.firstinspires.ftc.robotcore.internal.opmode.OnBotJavaBuildLocker.lockBuildExclusiveWhile(OnBotJavaBuildLocker.java:46)
02-07 18:43:30.570   983  1190 E Assert  : 	at com.qualcomm.ftccommon.FtcEventLoopBase.checkForChangedOpModes(FtcEventLoopBase.java:408)
02-07 18:43:30.570   983  1190 E Assert  : 	at com.qualcomm.ftccommon.FtcEventLoop.loop(FtcEventLoop.java:281)
02-07 18:43:30.570   983  1190 E Assert  : 	at com.qualcomm.robotcore.eventloop.EventLoopManager$EventLoopRunnable$1.run(EventLoopManager.java:324)
02-07 18:43:30.571   983  1190 E Assert  : 	at com.qualcomm.robotcore.util.ThreadPool.logThreadLifeCycle(ThreadPool.java:737)
02-07 18:43:30.571   983  1190 E Assert  : 	at com.qualcomm.robotcore.eventloop.EventLoopManager$EventLoopRunnable.run(EventLoopManager.java:267)
02-07 18:43:30.571   983  1190 E Assert  : 	at com.qualcomm.robotcore.eventloop.EventLoopManager$1.run(EventLoopManager.java:606)
02-07 18:43:30.572   983  1190 E Assert  : 	at java.util.concurrent.ThreadPoolExecutor.runWorker(ThreadPoolExecutor.java:1133)
02-07 18:43:30.572   983  1190 E Assert  : 	at java.util.concurrent.ThreadPoolExecutor$Worker.run(ThreadPoolExecutor.java:607)
02-07 18:43:30.573   983  1190 E Assert  : 	at com.qualcomm.robotcore.util.ThreadPool$ThreadFactoryImpl$1.run(ThreadPool.java:793)
02-07 18:43:30.573   983  1190 E Assert  : 	at java.lang.Thread.run(Thread.java:761)
02-07 18:43:30.573   983  1190 F Assert  : assertion failed: class EncoderDirection isn't OnBotJava: loader=ExternalLibrariesClassLoader
02-07 18:43:30.574   983  1190 E Assert  : java.lang.RuntimeException: assertion failed: class EncoderDirection isn't OnBotJava: loader=ExternalLibrariesClassLoader
02-07 18:43:30.575   983  1190 E Assert  : 	at org.firstinspires.ftc.robotcore.internal.system.Assert.assertFailed(Assert.java:140)
02-07 18:43:30.575   983  1190 E Assert  : 	at org.firstinspires.ftc.robotcore.internal.system.Assert.assertTrue(Assert.java:94)
02-07 18:43:30.576   983  1190 E Assert  : 	at org.firstinspires.ftc.robotcore.internal.opmode.ClassManager.processOnBotJavaClasses(ClassManager.java:308)
02-07 18:43:30.576   983  1190 E Assert  : 	at org.firstinspires.ftc.robotcore.internal.opmode.RegisteredOpModes$5.run(RegisteredOpModes.java:250)
02-07 18:43:30.576   983  1190 E Assert  : 	at org.firstinspires.ftc.robotcore.internal.opmode.RegisteredOpModes.lockOpModesWhile(RegisteredOpModes.java:326)
02-07 18:43:30.577   983  1190 E Assert  : 	at org.firstinspires.ftc.robotcore.internal.opmode.RegisteredOpModes.registerOnBotJavaOpModes(RegisteredOpModes.java:232)
02-07 18:43:30.577   983  1190 E Assert  : 	at com.qualcomm.ftccommon.FtcEventLoopBase$1.run(FtcEventLoopBase.java:413)
02-07 18:43:30.577   983  1190 E Assert  : 	at org.firstinspires.ftc.robotcore.internal.system.LockingRunner$1.get(LockingRunner.java:62)
02-07 18:43:30.578   983  1190 E Assert  : 	at org.firstinspires.ftc.robotcore.internal.system.LockingRunner$1.get(LockingRunner.java:60)
02-07 18:43:30.578   983  1190 E Assert  : 	at org.firstinspires.ftc.robotcore.internal.system.LockingRunner$2.call(LockingRunner.java:72)
02-07 18:43:30.579   983  1190 E Assert  : 	at org.firstinspires.ftc.robotcore.internal.system.LockingRunner.lockWhile(LockingRunner.java:85)
02-07 18:43:30.579   983  1190 E Assert  : 	at org.firstinspires.ftc.robotcore.internal.system.LockingRunner.lockWhile(LockingRunner.java:70)
02-07 18:43:30.579   983  1190 E Assert  : 	at org.firstinspires.ftc.robotcore.internal.system.LockingRunner.lockWhile(LockingRunner.java:60)
02-07 18:43:30.580   983  1190 E Assert  : 	at org.firstinspires.ftc.robotcore.internal.opmode.OnBotJavaBuildLocker.lockBuildExclusiveWhile(OnBotJavaBuildLocker.java:46)
02-07 18:43:30.580   983  1190 E Assert  : 	at com.qualcomm.ftccommon.FtcEventLoopBase.checkForChangedOpModes(FtcEventLoopBase.java:408)
02-07 18:43:30.580   983  1190 E Assert  : 	at com.qualcomm.ftccommon.FtcEventLoop.loop(FtcEventLoop.java:281)
02-07 18:43:30.580   983  1190 E Assert  : 	at com.qualcomm.robotcore.eventloop.EventLoopManager$EventLoopRunnable$1.run(EventLoopManager.java:324)
02-07 18:43:30.581   983  1190 E Assert  : 	at com.qualcomm.robotcore.util.ThreadPool.logThreadLifeCycle(ThreadPool.java:737)
02-07 18:43:30.581   983  1190 E Assert  : 	at com.qualcomm.robotcore.eventloop.EventLoopManager$EventLoopRunnable.run(EventLoopManager.java:267)
02-07 18:43:30.582   983  1190 E Assert  : 	at com.qualcomm.robotcore.eventloop.EventLoopManager$1.run(EventLoopManager.java:606)
02-07 18:43:30.582   983  1190 E Assert  : 	at java.util.concurrent.ThreadPoolExecutor.runWorker(ThreadPoolExecutor.java:1133)
02-07 18:43:30.582   983  1190 E Assert  : 	at java.util.concurrent.ThreadPoolExecutor$Worker.run(ThreadPoolExecutor.java:607)
02-07 18:43:30.583   983  1190 E Assert  : 	at com.qualcomm.robotcore.util.ThreadPool$ThreadFactoryImpl$1.run(ThreadPool.java:793)
02-07 18:43:30.583   983  1190 E Assert  : 	at java.lang.Thread.run(Thread.java:761)
02-07 18:43:30.583   983  1190 F Assert  : assertion failed: class readData isn't OnBotJava: loader=ExternalLibrariesClassLoader
02-07 18:43:30.584   983  1190 E Assert  : java.lang.RuntimeException: assertion failed: class readData isn't OnBotJava: loader=ExternalLibrariesClassLoader
02-07 18:43:30.585   983  1190 E Assert  : 	at org.firstinspires.ftc.robotcore.internal.system.Assert.assertFailed(Assert.java:140)
02-07 18:43:30.585   983  1190 E Assert  : 	at org.firstinspires.ftc.robotcore.internal.system.Assert.assertTrue(Assert.java:94)
02-07 18:43:30.586   983  1190 E Assert  : 	at org.firstinspires.ftc.robotcore.internal.opmode.ClassManager.processOnBotJavaClasses(ClassManager.java:308)
02-07 18:43:30.586   983  1190 E Assert  : 	at org.firstinspires.ftc.robotcore.internal.opmode.RegisteredOpModes$5.run(RegisteredOpModes.java:250)
02-07 18:43:30.586   983  1190 E Assert  : 	at org.firstinspires.ftc.robotcore.internal.opmode.RegisteredOpModes.lockOpModesWhile(RegisteredOpModes.java:326)
02-07 18:43:30.587   983  1190 E Assert  : 	at org.firstinspires.ftc.robotcore.internal.opmode.RegisteredOpModes.registerOnBotJavaOpModes(RegisteredOpModes.java:232)
02-07 18:43:30.587   983  1190 E Assert  : 	at com.qualcomm.ftccommon.FtcEventLoopBase$1.run(FtcEventLoopBase.java:413)
02-07 18:43:30.588   983  1190 E Assert  : 	at org.firstinspires.ftc.robotcore.internal.system.LockingRunner$1.get(LockingRunner.java:62)
02-07 18:43:30.588   983  1190 E Assert  : 	at org.firstinspires.ftc.robotcore.internal.system.LockingRunner$1.get(LockingRunner.java:60)
02-07 18:43:30.588   983  1190 E Assert  : 	at org.firstinspires.ftc.robotcore.internal.system.LockingRunner$2.call(LockingRunner.java:72)
02-07 18:43:30.589   983  1190 E Assert  : 	at org.firstinspires.ftc.robotcore.internal.system.LockingRunner.lockWhile(LockingRunner.java:85)
02-07 18:43:30.589   983  1190 E Assert  : 	at org.firstinspires.ftc.robotcore.internal.system.LockingRunner.lockWhile(LockingRunner.java:70)
02-07 18:43:30.589   983  1190 E Assert  : 	at org.firstinspires.ftc.robotcore.internal.system.LockingRunner.lockWhile(LockingRunner.java:60)
02-07 18:43:30.590   983  1190 E Assert  : 	at org.firstinspires.ftc.robotcore.internal.opmode.OnBotJavaBuildLocker.lockBuildExclusiveWhile(OnBotJavaBuildLocker.java:46)
02-07 18:43:30.590   983  1190 E Assert  : 	at com.qualcomm.ftccommon.FtcEventLoopBase.checkForChangedOpModes(FtcEventLoopBase.java:408)
02-07 18:43:30.590   983  1190 E Assert  : 	at com.qualcomm.ftccommon.FtcEventLoop.loop(FtcEventLoop.java:281)
02-07 18:43:30.591   983  1190 E Assert  : 	at com.qualcomm.robotcore.eventloop.EventLoopManager$EventLoopRunnable$1.run(EventLoopManager.java:324)
02-07 18:43:30.591   983  1190 E Assert  : 	at com.qualcomm.robotcore.util.ThreadPool.logThreadLifeCycle(ThreadPool.java:737)
02-07 18:43:30.592   983  1190 E Assert  : 	at com.qualcomm.robotcore.eventloop.EventLoopManager$EventLoopRunnable.run(EventLoopManager.java:267)
02-07 18:43:30.592   983  1190 E Assert  : 	at com.qualcomm.robotcore.eventloop.EventLoopManager$1.run(EventLoopManager.java:606)
02-07 18:43:30.592   983  1190 E Assert  : 	at java.util.concurrent.ThreadPoolExecutor.runWorker(ThreadPoolExecutor.java:1133)
02-07 18:43:30.593   983  1190 E Assert  : 	at java.util.concurrent.ThreadPoolExecutor$Worker.run(ThreadPoolExecutor.java:607)
02-07 18:43:30.593   983  1190 E Assert  : 	at com.qualcomm.robotcore.util.ThreadPool$ThreadFactoryImpl$1.run(ThreadPool.java:793)
02-07 18:43:30.593   983  1190 E Assert  : 	at java.lang.Thread.run(Thread.java:761)
02-07 18:43:30.594   983  1190 F Assert  : assertion failed: class Register isn't OnBotJava: loader=ExternalLibrariesClassLoader
02-07 18:43:30.594   983  1190 E Assert  : java.lang.RuntimeException: assertion failed: class Register isn't OnBotJava: loader=ExternalLibrariesClassLoader
02-07 18:43:30.595   983  1190 E Assert  : 	at org.firstinspires.ftc.robotcore.internal.system.Assert.assertFailed(Assert.java:140)
02-07 18:43:30.595   983  1190 E Assert  : 	at org.firstinspires.ftc.robotcore.internal.system.Assert.assertTrue(Assert.java:94)
02-07 18:43:30.596   983  1190 E Assert  : 	at org.firstinspires.ftc.robotcore.internal.opmode.ClassManager.processOnBotJavaClasses(ClassManager.java:308)
02-07 18:43:30.596   983  1190 E Assert  : 	at org.firstinspires.ftc.robotcore.internal.opmode.RegisteredOpModes$5.run(RegisteredOpModes.java:250)
02-07 18:43:30.596   983  1190 E Assert  : 	at org.firstinspires.ftc.robotcore.internal.opmode.RegisteredOpModes.lockOpModesWhile(RegisteredOpModes.java:326)
02-07 18:43:30.596   983  1190 E Assert  : 	at org.firstinspires.ftc.robotcore.internal.opmode.RegisteredOpModes.registerOnBotJavaOpModes(RegisteredOpModes.java:232)
02-07 18:43:30.596   983  1190 E Assert  : 	at com.qualcomm.ftccommon.FtcEventLoopBase$1.run(FtcEventLoopBase.java:413)
02-07 18:43:30.597   983  1190 E Assert  : 	at org.firstinspires.ftc.robotcore.internal.system.LockingRunner$1.get(LockingRunner.java:62)
02-07 18:43:30.597   983  1190 E Assert  : 	at org.firstinspires.ftc.robotcore.internal.system.LockingRunner$1.get(LockingRunner.java:60)
02-07 18:43:30.597   983  1190 E Assert  : 	at org.firstinspires.ftc.robotcore.internal.system.LockingRunner$2.call(LockingRunner.java:72)
02-07 18:43:30.597   983  1190 E Assert  : 	at org.firstinspires.ftc.robotcore.internal.system.LockingRunner.lockWhile(LockingRunner.java:85)
02-07 18:43:30.598   983  1190 E Assert  : 	at org.firstinspires.ftc.robotcore.internal.system.LockingRunner.lockWhile(LockingRunner.java:70)
02-07 18:43:30.598   983  1190 E Assert  : 	at org.firstinspires.ftc.robotcore.internal.system.LockingRunner.lockWhile(LockingRunner.java:60)
02-07 18:43:30.598   983  1190 E Assert  : 	at org.firstinspires.ftc.robotcore.internal.opmode.OnBotJavaBuildLocker.lockBuildExclusiveWhile(OnBotJavaBuildLocker.java:46)
02-07 18:43:30.599   983  1190 E Assert  : 	at com.qualcomm.ftccommon.FtcEventLoopBase.checkForChangedOpModes(FtcEventLoopBase.java:408)
02-07 18:43:30.599   983  1190 E Assert  : 	at com.qualcomm.ftccommon.FtcEventLoop.loop(FtcEventLoop.java:281)
02-07 18:43:30.599   983  1190 E Assert  : 	at com.qualcomm.robotcore.eventloop.EventLoopManager$EventLoopRunnable$1.run(EventLoopManager.java:324)
02-07 18:43:30.600   983  1190 E Assert  : 	at com.qualcomm.robotcore.util.ThreadPool.logThreadLifeCycle(ThreadPool.java:737)
