--------- beginning of main
02-07 18:41:37.483   983  1125 I chatty  : uid=10041(com.qualcomm.ftcrobotcontroller) expire 106 lines
02-07 18:41:37.536   983  1175 I chatty  : uid=10041(com.qualcomm.ftcrobotcontroller) expire 6 lines
02-07 18:41:37.536   983   983 I chatty  : uid=10041(com.qualcomm.ftcrobotcontroller) expire 1 line
02-07 18:41:37.548   983  1183 I chatty  : uid=10041(com.qualcomm.ftcrobotcontroller) expire 3 lines
02-07 18:41:37.549   983  1174 I chatty  : uid=10041(com.qualcomm.ftcrobotcontroller) expire 3 lines
02-07 18:41:37.583   983  1185 I chatty  : uid=10041(com.qualcomm.ftcrobotcontroller) expire 3 lines
02-07 18:41:37.617   983  1172 I chatty  : uid=10041(com.qualcomm.ftcrobotcontroller) expire 20 lines
02-07 18:41:37.631   983  1067 I chatty  : uid=10041(com.qualcomm.ftcrobotcontroller) expire 2 lines
02-07 18:41:37.908   983  1170 I chatty  : uid=10041(com.qualcomm.ftcrobotcontroller) expire 6 lines
02-07 18:41:37.945   983  1167 I chatty  : uid=10041(com.qualcomm.ftcrobotcontroller) expire 2 lines
02-07 18:41:37.955   983  1190 I chatty  : uid=10041(com.qualcomm.ftcrobotcontroller) expire 4 lines
02-07 18:41:38.087   983  1195 I chatty  : uid=10041(com.qualcomm.ftcrobotcontroller) expire 3 lines
02-07 18:41:38.392   983  1198 I chatty  : uid=10041(com.qualcomm.ftcrobotcontroller) expire 2 lines
02-07 18:41:38.474   983  1200 I chatty  : uid=10041(com.qualcomm.ftcrobotcontroller) expire 5 lines
02-07 18:41:38.848   983  1203 I chatty  : uid=10041(com.qualcomm.ftcrobotcontroller) expire 7 lines
02-07 18:41:39.166   983  1124 I chatty  : uid=10041(com.qualcomm.ftcrobotcontroller) expire 2 lines
02-07 18:41:39.224   983  1206 I chatty  : uid=10041(com.qualcomm.ftcrobotcontroller) expire 1 line
02-07 18:41:39.264   983   988 I chatty  : uid=10041(com.qualcomm.ftcrobotcontroller) expire 6 lines
02-07 18:41:39.280   983  1205 I chatty  : uid=10041(com.qualcomm.ftcrobotcontroller) expire 2 lines
02-07 18:41:41.047   983  1083 I chatty  : uid=10041(com.qualcomm.ftcrobotcontroller) expire 2 lines
02-07 18:41:41.999   983  1163 I chatty  : uid=10041(com.qualcomm.ftcrobotcontroller) expire 4 lines
02-07 18:41:46.047   983  1118 I chatty  : uid=10041(com.qualcomm.ftcrobotcontroller) expire 1 line
02-07 18:41:51.048   983  1169 I chatty  : uid=10041(com.qualcomm.ftcrobotcontroller) expire 2 lines
02-07 18:41:56.421   983  1224 I chatty  : uid=10041(com.qualcomm.ftcrobotcontroller) expire 4 lines
02-07 18:42:00.796   983  1232 I chatty  : uid=10041(com.qualcomm.ftcrobotcontroller) expire 4 lines
02-07 18:42:00.921   983  1228 I chatty  : uid=10041(com.qualcomm.ftcrobotcontroller) expire 4 lines
02-07 18:42:01.278   983  1230 I chatty  : uid=10041(com.qualcomm.ftcrobotcontroller) expire 3 lines
02-07 18:42:01.293   983  1226 I chatty  : uid=10041(com.qualcomm.ftcrobotcontroller) expire 3 lines
02-07 18:42:01.467   983   995 I chatty  : uid=10041(com.qualcomm.ftcrobotcontroller) expire 2 lines
02-07 18:42:07.470   983  1178 I chatty  : uid=10041(com.qualcomm.ftcrobotcontroller) expire 1 line
02-07 18:42:07.935   983  1125 I chatty  : uid=10041(com.qualcomm.ftcrobotcontroller) expire 7 lines
02-07 18:42:07.941   983  1122 I chatty  : uid=10041(com.qualcomm.ftcrobotcontroller) expire 1 line
02-07 18:42:14.509   983  1241 I chatty  : uid=10041(com.qualcomm.ftcrobotcontroller) expire 2 lines
02-07 18:42:14.531   983  1243 I chatty  : uid=10041(com.qualcomm.ftcrobotcontroller) expire 2 lines
02-07 18:42:14.629   983  1245 I chatty  : uid=10041(com.qualcomm.ftcrobotcontroller) expire 1 line
02-07 18:42:14.682   983  1247 I chatty  : uid=10041(com.qualcomm.ftcrobotcontroller) expire 1 line
02-07 18:42:14.707   983  1249 I chatty  : uid=10041(com.qualcomm.ftcrobotcontroller) expire 1 line
02-07 18:42:14.752   983  1251 I chatty  : uid=10041(com.qualcomm.ftcrobotcontroller) expire 1 line
02-07 18:42:14.769   983  1253 I chatty  : uid=10041(com.qualcomm.ftcrobotcontroller) expire 1 line
02-07 18:42:14.801   983  1255 I chatty  : uid=10041(com.qualcomm.ftcrobotcontroller) expire 1 line
02-07 18:42:14.822   983  1257 I chatty  : uid=10041(com.qualcomm.ftcrobotcontroller) expire 1 line
02-07 18:42:14.852   983  1259 I chatty  : uid=10041(com.qualcomm.ftcrobotcontroller) expire 1 line
02-07 18:42:14.873   983  1261 I chatty  : uid=10041(com.qualcomm.ftcrobotcontroller) expire 1 line
02-07 18:42:14.911   983  1263 I chatty  : uid=10041(com.qualcomm.ftcrobotcontroller) expire 1 line
02-07 18:42:14.926   983  1265 I chatty  : uid=10041(com.qualcomm.ftcrobotcontroller) expire 1 line
02-07 18:42:14.962   983  1267 I chatty  : uid=10041(com.qualcomm.ftcrobotcontroller) expire 1 line
02-07 18:42:14.976   983  1269 I chatty  : uid=10041(com.qualcomm.ftcrobotcontroller) expire 1 line
02-07 18:42:15.011   983  1271 I chatty  : uid=10041(com.qualcomm.ftcrobotcontroller) expire 1 line
02-07 18:42:15.027   983  1273 I chatty  : uid=10041(com.qualcomm.ftcrobotcontroller) expire 1 line
02-07 18:42:15.082   983  1275 I chatty  : uid=10041(com.qualcomm.ftcrobotcontroller) expire 1 line
02-07 18:42:15.100   983  1277 I chatty  : uid=10041(com.qualcomm.ftcrobotcontroller) expire 1 line
02-07 18:42:15.135   983  1279 I chatty  : uid=10041(com.qualcomm.ftcrobotcontroller) expire 1 line
02-07 18:42:15.150   983  1281 I chatty  : uid=10041(com.qualcomm.ftcrobotcontroller) expire 1 line
02-07 18:42:15.181   983  1283 I chatty  : uid=10041(com.qualcomm.ftcrobotcontroller) expire 1 line
02-07 18:42:15.196   983  1285 I chatty  : uid=10041(com.qualcomm.ftcrobotcontroller) expire 1 line
02-07 18:42:15.224   983  1287 I chatty  : uid=10041(com.qualcomm.ftcrobotcontroller) expire 1 line
02-07 18:42:15.245   983  1289 I chatty  : uid=10041(com.qualcomm.ftcrobotcontroller) expire 1 line
02-07 18:42:15.269   983  1291 I chatty  : uid=10041(com.qualcomm.ftcrobotcontroller) expire 2 lines
02-07 18:42:15.272   983  1022 I chatty  : uid=10041(com.qualcomm.ftcrobotcontroller) expire 3 lines
02-07 18:42:15.317   983  1293 I chatty  : uid=10041(com.qualcomm.ftcrobotcontroller) expire 13 lines
02-07 18:42:16.445   983   988 I chatty  : uid=10041(com.qualcomm.ftcrobotcontroller) expire 24 lines
02-07 18:42:16.694   983   995 I chatty  : uid=10041(com.qualcomm.ftcrobotcontroller) expire 6 lines
02-07 18:42:21.047   983  1216 I chatty  : uid=10041(com.qualcomm.ftcrobotcontroller) expire 2 lines
02-07 18:42:23.048   983  1125 I chatty  : uid=10041(com.qualcomm.ftcrobotcontroller) expire 30 lines
02-07 18:42:29.108   983  1293 I chatty  : uid=10041(com.qualcomm.ftcrobotcontroller) expire 6 lines
02-07 18:42:29.703   983   988 I chatty  : uid=10041(com.qualcomm.ftcrobotcontroller) expire 13 lines
02-07 18:42:31.047   983  1164 I chatty  : uid=10041(com.qualcomm.ftcrobotcontroller) expire 1 line
02-07 18:42:34.276   983  1230 I chatty  : uid=10041(com.qualcomm.ftcrobotcontroller) expire 1 line
02-07 18:42:35.193   983  1022 I chatty  : uid=10041(com.qualcomm.ftcrobotcontroller) expire 3 lines
02-07 18:42:35.245   983  1190 I chatty  : uid=10041(com.qualcomm.ftcrobotcontroller) expire 666 lines
02-07 18:42:35.490   983  1293 I chatty  : uid=10041(com.qualcomm.ftcrobotcontroller) expire 1 line
02-07 18:42:35.553   983  1190 I chatty  : uid=10041(com.qualcomm.ftcrobotcontroller) expire 255 lines
02-07 18:42:35.638   983  1190 E Assert  : 	at org.firstinspires.ftc.robotcore.internal.system.LockingRunner$2.call(LockingRunner.java:72)
02-07 18:42:35.638   983  1190 E Assert  : 	at org.firstinspires.ftc.robotcore.internal.system.LockingRunner.lockWhile(LockingRunner.java:85)
02-07 18:42:35.639   983  1190 E Assert  : 	at org.firstinspires.ftc.robotcore.internal.system.LockingRunner.lockWhile(LockingRunner.java:70)
02-07 18:42:35.639   983  1190 E Assert  : 	at org.firstinspires.ftc.robotcore.internal.system.LockingRunner.lockWhile(LockingRunner.java:60)
02-07 18:42:35.639   983  1190 E Assert  : 	at org.firstinspires.ftc.robotcore.internal.opmode.OnBotJavaBuildLocker.lockBuildExclusiveWhile(OnBotJavaBuildLocker.java:46)
02-07 18:42:35.639   983  1190 E Assert  : 	at com.qualcomm.ftccommon.FtcEventLoopBase.checkForChangedOpModes(FtcEventLoopBase.java:408)
02-07 18:42:35.640   983  1190 E Assert  : 	at com.qualcomm.ftccommon.FtcEventLoop.loop(FtcEventLoop.java:281)
02-07 18:42:35.640   983  1190 E Assert  : 	at com.qualcomm.robotcore.eventloop.EventLoopManager$EventLoopRunnable$1.run(EventLoopManager.java:324)
02-07 18:42:35.641   983  1190 E Assert  : 	at com.qualcomm.robotcore.util.ThreadPool.logThreadLifeCycle(ThreadPool.java:737)
02-07 18:42:35.641   983  1190 E Assert  : 	at com.qualcomm.robotcore.eventloop.EventLoopManager$EventLoopRunnable.run(EventLoopManager.java:267)
02-07 18:42:35.642   983  1190 E Assert  : 	at com.qualcomm.robotcore.eventloop.EventLoopManager$1.run(EventLoopManager.java:606)
02-07 18:42:35.642   983  1190 E Assert  : 	at java.util.concurrent.ThreadPoolExecutor.runWorker(ThreadPoolExecutor.java:1133)
02-07 18:42:35.642   983  1190 E Assert  : 	at java.util.concurrent.ThreadPoolExecutor$Worker.run(ThreadPoolExecutor.java:607)
02-07 18:42:35.642   983  1190 E Assert  : 	at com.qualcomm.robotcore.util.ThreadPool$ThreadFactoryImpl$1.run(ThreadPool.java:793)
02-07 18:42:35.642   983  1190 E Assert  : 	at java.lang.Thread.run(Thread.java:761)
02-07 18:42:35.645   983  1190 V OpmodeRegistration: registered {BrakingCalibration} as {Robot: Braking Calibration}
02-07 18:42:35.646   983  1190 V OpmodeRegistration: registered {IdTeleop2} as {Robot: TeleOp2}
02-07 18:42:35.646   983  1190 V OpmodeRegistration: registered {IdObservationSpecimenAndPush} as {Robot: Id Observation Specimen And Push}
02-07 18:42:35.647   983  1190 V OpmodeRegistration: registered {IdObservationSpecimen} as {Robot: Id Observation Specimen}
02-07 18:42:35.647   983  1190 V OpmodeRegistration: registered {IdObservationMultipleSpecimens} as {Robot: Id Observation Multiple Specimens}
02-07 18:42:35.647   983  1190 V OpmodeRegistration: registered {IdNetBasket} as {Robot: Id Net Basket}
02-07 18:42:35.648   983  1190 V OpmodeRegistration: registered {IdNetSpecimen} as {Robot: Id Net Specimen}
02-07 18:42:35.657   983  1172 V Robocol : sending CMD_NOTIFY_OP_MODE_LIST(887), attempt: 0
02-07 18:42:35.697   983  1172 V Robocol : sending CMD_NOTIFY_USER_DEVICE_LIST(889), attempt: 0
02-07 18:42:37.102   983  1310 E ServeAsset: Mime type unknown: uri='/log' path='log'
02-07 18:42:38.894   983  1310 E ServeAsset: Mime type unknown: uri='/log' path='log'
02-07 18:42:40.182   983  1310 E ServeAsset: Mime type unknown: uri='/log' path='log'
02-07 18:42:40.839   983  1310 E ServeAsset: Mime type unknown: uri='/log' path='log'
02-07 18:42:41.066   983  1230 E ServeAsset: Mime type unknown: uri='/log' path='log'
02-07 18:42:41.257   983  1230 E ServeAsset: Mime type unknown: uri='/log' path='log'
02-07 18:42:41.447   983  1230 E ServeAsset: Mime type unknown: uri='/log' path='log'
02-07 18:42:41.639   983  1230 E ServeAsset: Mime type unknown: uri='/log' path='log'
02-07 18:42:41.830   983  1230 E ServeAsset: Mime type unknown: uri='/log' path='log'
02-07 18:42:41.981   983  1230 E ServeAsset: Mime type unknown: uri='/log' path='log'
02-07 18:42:45.807   983  1230 E ServeAsset: Mime type unknown: uri='/log' path='log'
02-07 18:42:46.647   983  1230 E ServeAsset: Mime type unknown: uri='/log' path='log'
02-07 18:42:46.829   983  1230 E ServeAsset: Mime type unknown: uri='/log' path='log'
02-07 18:42:47.022   983  1230 E ServeAsset: Mime type unknown: uri='/log' path='log'
02-07 18:42:47.173   983  1230 E ServeAsset: Mime type unknown: uri='/log' path='log'
02-07 18:42:48.900   983  1125 V WebSocketManager: Unsubscribed websocket (ip=192.168.43.14/192.168.43.14 port=8081) from namespace (ControlHubUpdater)
02-07 18:42:48.901   983  1316 V WebSocketManager: Unsubscribed websocket (ip=192.168.43.14/192.168.43.14 port=8081) from namespace (progress)
02-07 18:42:48.901   983  1122 V FtcWebSocket: websocket (ip=192.168.43.14/192.168.43.14 port=8081) has closed. closeCode:ABNORMAL_CLOSURE(1006) initiatedByRemote:true Reason: 
02-07 18:42:49.055   983  1230 I RobotCore: ok7078ok
02-07 18:42:49.157   983  1318 V ProgrammingModeManager: serve uri=/css/colors.less
02-07 18:42:49.385   983  1124 V FtcWebSocket: Opening websocket (ip=192.168.43.14/192.168.43.14 port=8081)
02-07 18:42:49.400   983  1316 V WebSocketManager: Subscribed websocket (ip=192.168.43.14/192.168.43.14 port=8081) to namespace (ControlHubUpdater)
02-07 18:42:49.401   983  1125 V WebSocketManager: Subscribed websocket (ip=192.168.43.14/192.168.43.14 port=8081) to namespace (progress)
02-07 18:42:49.402   983  1230 I RobotCore: ok7078ok
02-07 18:42:49.499   983  1321 V ProgrammingModeManager: serve uri=/css/colors.less
02-07 18:42:52.639   983  1321 E ServeAsset: Mime type unknown: uri='/log' path='log'
02-07 18:42:53.670   983  1321 E ServeAsset: Mime type unknown: uri='/log' path='log'
02-07 18:42:53.855   983  1321 E ServeAsset: Mime type unknown: uri='/log' path='log'
02-07 18:42:54.268   983  1321 E ServeAsset: Mime type unknown: uri='/log' path='log'
02-07 18:42:54.455   983  1321 E ServeAsset: Mime type unknown: uri='/log' path='log'
02-07 18:43:06.360   983  1329 V SessionCookie: added SessionCookie: cookie=e8417ca1-d012-4a7c-95d9-942132af1f14 uri='/'
02-07 18:43:06.373   983  1329 E fi.iki.elonen.NanoHTTPD: Could not send response to the client
02-07 18:43:06.373   983  1329 E fi.iki.elonen.NanoHTTPD: java.net.SocketException: Broken pipe
02-07 18:43:06.373   983  1329 E fi.iki.elonen.NanoHTTPD: 	at java.net.SocketOutputStream.socketWrite0(Native Method)
02-07 18:43:06.373   983  1329 E fi.iki.elonen.NanoHTTPD: 	at java.net.SocketOutputStream.socketWrite(SocketOutputStream.java:112)
02-07 18:43:06.373   983  1329 E fi.iki.elonen.NanoHTTPD: 	at java.net.SocketOutputStream.write(SocketOutputStream.java:145)
02-07 18:43:06.373   983  1329 E fi.iki.elonen.NanoHTTPD: 	at fi.iki.elonen.NanoHTTPD$Response$ChunkedOutputStream.write(NanoHTTPD.java:1444)
02-07 18:43:06.373   983  1329 E fi.iki.elonen.NanoHTTPD: 	at java.util.zip.GZIPOutputStream.finish(GZIPOutputStream.java:169)
02-07 18:43:06.373   983  1329 E fi.iki.elonen.NanoHTTPD: 	at fi.iki.elonen.NanoHTTPD$Response.sendBodyWithCorrectEncoding(NanoHTTPD.java:1667)
02-07 18:43:06.373   983  1329 E fi.iki.elonen.NanoHTTPD: 	at fi.iki.elonen.NanoHTTPD$Response.sendBodyWithCorrectTransferAndEncoding(NanoHTTPD.java:1656)
02-07 18:43:06.373   983  1329 E fi.iki.elonen.NanoHTTPD: 	at fi.iki.elonen.NanoHTTPD$Response.send(NanoHTTPD.java:1626)
02-07 18:43:06.373   983  1329 E fi.iki.elonen.NanoHTTPD: 	at fi.iki.elonen.NanoHTTPD$HTTPSession.execute(NanoHTTPD.java:959)
02-07 18:43:06.373   983  1329 E fi.iki.elonen.NanoHTTPD: 	at fi.iki.elonen.NanoHTTPD$ClientHandler.run(NanoHTTPD.java:187)
02-07 18:43:06.373   983  1329 E fi.iki.elonen.NanoHTTPD: 	at java.lang.Thread.run(Thread.java:761)
02-07 18:43:06.378   983  1331 V ProgrammingModeManager: serve uri=/java/file/tree
02-07 18:43:06.453   983  1331 V ProgrammingModeManager: serve uri=/java/file/delete
02-07 18:43:06.476   983  1333 V ProgrammingModeManager: serve uri=/java/file/upload
02-07 18:43:06.522   983  1335 V ProgrammingModeManager: serve uri=/java/file/delete
02-07 18:43:06.538   983  1337 V ProgrammingModeManager: serve uri=/java/file/upload
02-07 18:43:06.570   983  1339 V ProgrammingModeManager: serve uri=/java/file/delete
02-07 18:43:06.586   983  1341 V ProgrammingModeManager: serve uri=/java/file/upload
02-07 18:43:06.618   983  1343 V ProgrammingModeManager: serve uri=/java/file/delete
02-07 18:43:06.633   983  1345 V ProgrammingModeManager: serve uri=/java/file/upload
02-07 18:43:06.668   983  1347 V ProgrammingModeManager: serve uri=/java/file/delete
02-07 18:43:06.682   983  1349 V ProgrammingModeManager: serve uri=/java/file/upload
02-07 18:43:06.719   983  1351 V ProgrammingModeManager: serve uri=/java/file/delete
02-07 18:43:06.749   983  1353 V ProgrammingModeManager: serve uri=/java/file/upload
02-07 18:43:06.788   983  1355 V ProgrammingModeManager: serve uri=/java/file/delete
02-07 18:43:06.810   983  1357 V ProgrammingModeManager: serve uri=/java/file/upload
02-07 18:43:06.838   983  1359 V ProgrammingModeManager: serve uri=/java/file/delete
02-07 18:43:06.852   983  1361 V ProgrammingModeManager: serve uri=/java/file/upload
02-07 18:43:06.886   983  1363 V ProgrammingModeManager: serve uri=/java/file/delete
02-07 18:43:06.901   983  1365 V ProgrammingModeManager: serve uri=/java/file/upload
02-07 18:43:06.928   983  1367 V ProgrammingModeManager: serve uri=/java/file/delete
02-07 18:43:06.943   983  1369 V ProgrammingModeManager: serve uri=/java/file/upload
02-07 18:43:06.975   983  1371 V ProgrammingModeManager: serve uri=/java/file/delete
02-07 18:43:06.998   983  1373 V ProgrammingModeManager: serve uri=/java/file/upload
02-07 18:43:07.029   983  1375 V ProgrammingModeManager: serve uri=/java/file/delete
02-07 18:43:07.045   983  1377 V ProgrammingModeManager: serve uri=/java/file/upload
02-07 18:43:07.078   983  1379 V ProgrammingModeManager: serve uri=/java/build/start
02-07 18:43:07.080   983  1022 V OnBotJava: build request file changed: 0x00000002 /storage/emulated/0/FIRST/java/control/buildRequest.txt
02-07 18:43:07.081   983  1125 V OnBotJava: build()...
02-07 18:43:07.082   983  1022 V OnBotJava: build request file changed: 0x00000002 /storage/emulated/0/FIRST/java/control/buildRequest.txt
02-07 18:43:07.122   983  1379 I ONBOTJAVA_BUILD_MONITOR: Build 1738971787078 is pending
02-07 18:43:07.131   983  1022 I ONBOTJAVA_BUILD_MONITOR: Build 1738971787078 has successfully started
02-07 18:43:07.135   983  1381 V ProgrammingModeManager: serve uri=/java/build/status
02-07 18:43:07.146   983  1125 V OnBotJava: clean()...
02-07 18:43:07.229   983  1125 V OnBotJava: ...clean()
02-07 18:43:07.229   983  1125 V OnBotJava: ensureBuildDirs()...
02-07 18:43:07.263   983  1125 V OnBotJava: ...ensureBuildDirs()
02-07 18:43:07.264   983  1125 V OnBotJava: compileJavaFiles()...
02-07 18:43:08.197   983  1381 V ProgrammingModeManager: serve uri=/java/build/status
02-07 18:43:09.260   983  1381 V ProgrammingModeManager: serve uri=/java/build/status
02-07 18:43:10.329   983  1381 V ProgrammingModeManager: serve uri=/java/build/status
02-07 18:43:11.388   983  1381 V ProgrammingModeManager: serve uri=/java/build/status
02-07 18:43:12.447   983  1381 V ProgrammingModeManager: serve uri=/java/build/status
02-07 18:43:13.505   983  1381 V ProgrammingModeManager: serve uri=/java/build/status
02-07 18:43:13.934   983  1125 W OnBotJava:Diagnostics: org/firstinspires/ftc/teamcode/LogViewer.java(41:44): MANDATORY_WARNING: getParms() in fi.iki.elonen.NanoHTTPD.IHTTPSession has been deprecated
02-07 18:43:14.566   983  1381 V ProgrammingModeManager: serve uri=/java/build/status
02-07 18:43:14.608   983  1125 W OnBotJava:Diagnostics: org/firstinspires/ftc/teamcode/BrakingCalibration.java(229:29): MANDATORY_WARNING: unchecked call to Pair(F,S) as a member of the raw type android.util.Pair
02-07 18:43:14.613   983  1125 W OnBotJava:Diagnostics: org/firstinspires/ftc/teamcode/BrakingCalibration.java(229:28): MANDATORY_WARNING: unchecked method invocation: method add in class java.util.ArrayList is applied to given types
02-07 18:43:14.613   983  1125 W OnBotJava:Diagnostics:   required: E
02-07 18:43:14.613   983  1125 W OnBotJava:Diagnostics:   found: android.util.Pair
02-07 18:43:14.615   983  1125 W OnBotJava:Diagnostics: org/firstinspires/ftc/teamcode/BrakingCalibration.java(229:29): MANDATORY_WARNING: unchecked conversion
02-07 18:43:14.616   983  1125 W OnBotJava:Diagnostics:   required: E
02-07 18:43:14.616   983  1125 W OnBotJava:Diagnostics:   found:    android.util.Pair
02-07 18:43:14.685   983  1125 W OnBotJava:Diagnostics: org/firstinspires/ftc/teamcode/BrakingCalibration.java(257:29): MANDATORY_WARNING: unchecked call to Pair(F,S) as a member of the raw type android.util.Pair
02-07 18:43:14.690   983  1125 W OnBotJava:Diagnostics: org/firstinspires/ftc/teamcode/BrakingCalibration.java(257:28): MANDATORY_WARNING: unchecked method invocation: method add in class java.util.ArrayList is applied to given types
02-07 18:43:14.691   983  1125 W OnBotJava:Diagnostics:   required: E
02-07 18:43:14.691   983  1125 W OnBotJava:Diagnostics:   found: android.util.Pair
02-07 18:43:14.693   983  1125 W OnBotJava:Diagnostics: org/firstinspires/ftc/teamcode/BrakingCalibration.java(257:29): MANDATORY_WARNING: unchecked conversion
02-07 18:43:14.694   983  1125 W OnBotJava:Diagnostics:   required: E
02-07 18:43:14.694   983  1125 W OnBotJava:Diagnostics:   found:    android.util.Pair
02-07 18:43:14.838   983  1125 V OnBotJava: ...compileJavaFiles()
02-07 18:43:14.854   983  1125 V OnBotJava: consolidateClassFilesInJar()...
02-07 18:43:14.858   983  1125 V OnBotJava: consolidating to /storage/emulated/0/FIRST/java/build/jars/onBotJavaJar-2025-02-07+18.43.14-1611229346/OnBotJava.jar
02-07 18:43:15.014   983  1125 V OnBotJava: ...consolidateClassFilesInJar()
02-07 18:43:15.014   983  1125 V OnBotJava: dexifyJarFiles()...
02-07 18:43:15.029   983  1125 V OnBotJava: dexifying  /storage/emulated/0/FIRST/java/build/jars/onBotJavaJar-2025-02-07+18.43.14-1611229346/OnBotJava.jar...
02-07 18:43:15.032   983  1125 V OnBotJava: using d8
02-07 18:43:15.629   983  1381 V ProgrammingModeManager: serve uri=/java/build/status
02-07 18:43:16.699   983  1381 V ProgrammingModeManager: serve uri=/java/build/status
02-07 18:43:17.758   983  1381 V ProgrammingModeManager: serve uri=/java/build/status
02-07 18:43:18.812   983  1381 V ProgrammingModeManager: serve uri=/java/build/status
02-07 18:43:19.577   983  1125 V OnBotJava: Wrote /storage/emulated/0/FIRST/java/build/jars/onBotJavaJar-2025-02-07+18.43.14-1611229346/classes.dex
02-07 18:43:19.579   983  1125 V OnBotJava: ...dexifying  /storage/emulated/0/FIRST/java/build/jars/onBotJavaJar-2025-02-07+18.43.14-1611229346/OnBotJava.jar
02-07 18:43:19.594   983  1125 V OnBotJava: ...dexifyJarFiles()
02-07 18:43:19.602   983  1125 D OnBotJavaBackupManager: Trimming old build backup: /storage/emulated/0/FIRST/java/srcBackups/OnBot-build-00001003-2025-02-03+18.37.56.zip
02-07 18:43:19.603   983  1125 D OnBotJavaBackupManager: Backing up source code for this build to: /storage/emulated/0/FIRST/java/srcBackups/OnBot-build-00001038-2025-02-07+18.43.19.zip
02-07 18:43:19.710   983  1125 D OnBotJavaBackupManager: Finished backing up source code for this build
02-07 18:43:19.712   983  1022 V RegisteredOpModes: noting that OnBotJava changed
02-07 18:43:19.712   983  1022 V RegisteredOpModes: noting that OnBotJava changed
02-07 18:43:19.727   983  1125 V OnBotJava: onBotJava build finished successfully
02-07 18:43:19.729   983  1022 I ONBOTJAVA_BUILD_MONITOR: Build 1738971787078 completed with status SUCCESSFUL
02-07 18:43:19.742   983  1125 V OnBotJava: ...build()
02-07 18:43:19.743   983  1190 V OpmodeRegistration: unregistered {Robot: Braking Calibration}
02-07 18:43:19.743   983  1190 V OpmodeRegistration: unregistered {Robot: TeleOp2}
02-07 18:43:19.743   983  1190 V OpmodeRegistration: unregistered {Robot: Id Observation Specimen And Push}
02-07 18:43:19.744   983  1190 V OpmodeRegistration: unregistered {Robot: Id Observation Specimen}
02-07 18:43:19.744   983  1190 V OpmodeRegistration: unregistered {Robot: Id Observation Multiple Specimens}
02-07 18:43:19.744   983  1190 V OpmodeRegistration: unregistered {Robot: Id Net Basket}
02-07 18:43:19.744   983  1190 V OpmodeRegistration: unregistered {Robot: Id Net Specimen}
02-07 18:43:19.768   983  1190 F Assert  : assertion failed: class GoBildaPinpointDriver isn't OnBotJava: loader=ExternalLibrariesClassLoader
02-07 18:43:19.769   983  1190 E Assert  : java.lang.RuntimeException: assertion failed: class GoBildaPinpointDriver isn't OnBotJava: loader=ExternalLibrariesClassLoader
02-07 18:43:19.770   983  1190 E Assert  : 	at org.firstinspires.ftc.robotcore.internal.system.Assert.assertFailed(Assert.java:140)
02-07 18:43:19.770   983  1190 E Assert  : 	at org.firstinspires.ftc.robotcore.internal.system.Assert.assertTrue(Assert.java:94)
02-07 18:43:19.770   983  1190 E Assert  : 	at org.firstinspires.ftc.robotcore.internal.opmode.ClassManager.processOnBotJavaClasses(ClassManager.java:308)
02-07 18:43:19.770   983  1190 E Assert  : 	at org.firstinspires.ftc.robotcore.internal.opmode.RegisteredOpModes$5.run(RegisteredOpModes.java:250)
02-07 18:43:19.771   983  1190 E Assert  : 	at org.firstinspires.ftc.robotcore.internal.opmode.RegisteredOpModes.lockOpModesWhile(RegisteredOpModes.java:326)
02-07 18:43:19.771   983  1190 E Assert  : 	at org.firstinspires.ftc.robotcore.internal.opmode.RegisteredOpModes.registerOnBotJavaOpModes(RegisteredOpModes.java:232)
02-07 18:43:19.772   983  1190 E Assert  : 	at com.qualcomm.ftccommon.FtcEventLoopBase$1.run(FtcEventLoopBase.java:413)
02-07 18:43:19.772   983  1190 E Assert  : 	at org.firstinspires.ftc.robotcore.internal.system.LockingRunner$1.get(LockingRunner.java:62)
02-07 18:43:19.772   983  1190 E Assert  : 	at org.firstinspires.ftc.robotcore.internal.system.LockingRunner$1.get(LockingRunner.java:60)
02-07 18:43:19.772   983  1190 E Assert  : 	at org.firstinspires.ftc.robotcore.internal.system.LockingRunner$2.call(LockingRunner.java:72)
02-07 18:43:19.773   983  1190 E Assert  : 	at org.firstinspires.ftc.robotcore.internal.system.LockingRunner.lockWhile(LockingRunner.java:85)
02-07 18:43:19.773   983  1190 E Assert  : 	at org.firstinspires.ftc.robotcore.internal.system.LockingRunner.lockWhile(LockingRunner.java:70)
02-07 18:43:19.773   983  1190 E Assert  : 	at org.firstinspires.ftc.robotcore.internal.system.LockingRunner.lockWhile(LockingRunner.java:60)
02-07 18:43:19.773   983  1190 E Assert  : 	at org.firstinspires.ftc.robotcore.internal.opmode.OnBotJavaBuildLocker.lockBuildExclusiveWhile(OnBotJavaBuildLocker.java:46)
02-07 18:43:19.774   983  1190 E Assert  : 	at com.qualcomm.ftccommon.FtcEventLoopBase.checkForChangedOpModes(FtcEventLoopBase.java:408)
02-07 18:43:19.774   983  1190 E Assert  : 	at com.qualcomm.ftccommon.FtcEventLoop.loop(FtcEventLoop.java:281)
02-07 18:43:19.775   983  1190 E Assert  : 	at com.qualcomm.robotcore.eventloop.EventLoopManager$EventLoopRunnable$1.run(EventLoopManager.java:324)
02-07 18:43:19.775   983  1190 E Assert  : 	at com.qualcomm.robotcore.util.ThreadPool.logThreadLifeCycle(ThreadPool.java:737)
02-07 18:43:19.776   983  1190 E Assert  : 	at com.qualcomm.robotcore.eventloop.EventLoopManager$EventLoopRunnable.run(EventLoopManager.java:267)
02-07 18:43:19.776   983  1190 E Assert  : 	at com.qualcomm.robotcore.eventloop.EventLoopManager$1.run(EventLoopManager.java:606)
02-07 18:43:19.776   983  1190 E Assert  : 	at java.util.concurrent.ThreadPoolExecutor.runWorker(ThreadPoolExecutor.java:1133)
02-07 18:43:19.776   983  1190 E Assert  : 	at java.util.concurrent.ThreadPoolExecutor$Worker.run(ThreadPoolExecutor.java:607)
02-07 18:43:19.776   983  1190 E Assert  : 	at com.qualcomm.robotcore.util.ThreadPool$ThreadFactoryImpl$1.run(ThreadPool.java:793)
02-07 18:43:19.777   983  1190 E Assert  : 	at java.lang.Thread.run(Thread.java:761)
02-07 18:43:19.791   983  1190 F Assert  : assertion failed: class EncoderDirection isn't OnBotJava: loader=ExternalLibrariesClassLoader
02-07 18:43:19.792   983  1190 E Assert  : java.lang.RuntimeException: assertion failed: class EncoderDirection isn't OnBotJava: loader=ExternalLibrariesClassLoader
02-07 18:43:19.792   983  1190 E Assert  : 	at org.firstinspires.ftc.robotcore.internal.system.Assert.assertFailed(Assert.java:140)
02-07 18:43:19.793   983  1190 E Assert  : 	at org.firstinspires.ftc.robotcore.internal.system.Assert.assertTrue(Assert.java:94)
02-07 18:43:19.793   983  1190 E Assert  : 	at org.firstinspires.ftc.robotcore.internal.opmode.ClassManager.processOnBotJavaClasses(ClassManager.java:308)
02-07 18:43:19.793   983  1190 E Assert  : 	at org.firstinspires.ftc.robotcore.internal.opmode.RegisteredOpModes$5.run(RegisteredOpModes.java:250)
02-07 18:43:19.793   983  1190 E Assert  : 	at org.firstinspires.ftc.robotcore.internal.opmode.RegisteredOpModes.lockOpModesWhile(RegisteredOpModes.java:326)
02-07 18:43:19.794   983  1190 E Assert  : 	at org.firstinspires.ftc.robotcore.internal.opmode.RegisteredOpModes.registerOnBotJavaOpModes(RegisteredOpModes.java:232)
02-07 18:43:19.794   983  1190 E Assert  : 	at com.qualcomm.ftccommon.FtcEventLoopBase$1.run(FtcEventLoopBase.java:413)
02-07 18:43:19.795   983  1190 E Assert  : 	at org.firstinspires.ftc.robotcore.internal.system.LockingRunner$1.get(LockingRunner.java:62)
02-07 18:43:19.795   983  1190 E Assert  : 	at org.firstinspires.ftc.robotcore.internal.system.LockingRunner$1.get(LockingRunner.java:60)
02-07 18:43:19.795   983  1190 E Assert  : 	at org.firstinspires.ftc.robotcore.internal.system.LockingRunner$2.call(LockingRunner.java:72)
02-07 18:43:19.795   983  1190 E Assert  : 	at org.firstinspires.ftc.robotcore.internal.system.LockingRunner.lockWhile(LockingRunner.java:85)
02-07 18:43:19.796   983  1190 E Assert  : 	at org.firstinspires.ftc.robotcore.internal.system.LockingRunner.lockWhile(LockingRunner.java:70)
02-07 18:43:19.796   983  1190 E Assert  : 	at org.firstinspires.ftc.robotcore.internal.system.LockingRunner.lockWhile(LockingRunner.java:60)
02-07 18:43:19.796   983  1190 E Assert  : 	at org.firstinspires.ftc.robotcore.internal.opmode.OnBotJavaBuildLocker.lockBuildExclusiveWhile(OnBotJavaBuildLocker.java:46)
02-07 18:43:19.796   983  1190 E Assert  : 	at com.qualcomm.ftccommon.FtcEventLoopBase.checkForChangedOpModes(FtcEventLoopBase.java:408)
02-07 18:43:19.797   983  1190 E Assert  : 	at com.qualcomm.ftccommon.FtcEventLoop.loop(FtcEventLoop.java:281)
02-07 18:43:19.797   983  1190 E Assert  : 	at com.qualcomm.robotcore.eventloop.EventLoopManager$EventLoopRunnable$1.run(EventLoopManager.java:324)
02-07 18:43:19.797   983  1190 E Assert  : 	at com.qualcomm.robotcore.util.ThreadPool.logThreadLifeCycle(ThreadPool.java:737)
02-07 18:43:19.798   983  1190 E Assert  : 	at com.qualcomm.robotcore.eventloop.EventLoopManager$EventLoopRunnable.run(EventLoopManager.java:267)
02-07 18:43:19.798   983  1190 E Assert  : 	at com.qualcomm.robotcore.eventloop.EventLoopManager$1.run(EventLoopManager.java:606)
02-07 18:43:19.798   983  1190 E Assert  : 	at java.util.concurrent.ThreadPoolExecutor.runWorker(ThreadPoolExecutor.java:1133)
02-07 18:43:19.799   983  1190 E Assert  : 	at java.util.concurrent.ThreadPoolExecutor$Worker.run(ThreadPoolExecutor.java:607)
02-07 18:43:19.799   983  1190 E Assert  : 	at com.qualcomm.robotcore.util.ThreadPool$ThreadFactoryImpl$1.run(ThreadPool.java:793)
02-07 18:43:19.799   983  1190 E Assert  : 	at java.lang.Thread.run(Thread.java:761)
02-07 18:43:19.801   983  1190 F Assert  : assertion failed: class readData isn't OnBotJava: loader=ExternalLibrariesClassLoader
02-07 18:43:19.801   983  1190 E Assert  : java.lang.RuntimeException: assertion failed: class readData isn't OnBotJava: loader=ExternalLibrariesClassLoader
02-07 18:43:19.802   983  1190 E Assert  : 	at org.firstinspires.ftc.robotcore.internal.system.Assert.assertFailed(Assert.java:140)
02-07 18:43:19.802   983  1190 E Assert  : 	at org.firstinspires.ftc.robotcore.internal.system.Assert.assertTrue(Assert.java:94)
02-07 18:43:19.803   983  1190 E Assert  : 	at org.firstinspires.ftc.robotcore.internal.opmode.ClassManager.processOnBotJavaClasses(ClassManager.java:308)
02-07 18:43:19.803   983  1190 E Assert  : 	at org.firstinspires.ftc.robotcore.internal.opmode.RegisteredOpModes$5.run(RegisteredOpModes.java:250)
02-07 18:43:19.803   983  1190 E Assert  : 	at org.firstinspires.ftc.robotcore.internal.opmode.RegisteredOpModes.lockOpModesWhile(RegisteredOpModes.java:326)
02-07 18:43:19.803   983  1190 E Assert  : 	at org.firstinspires.ftc.robotcore.internal.opmode.RegisteredOpModes.registerOnBotJavaOpModes(RegisteredOpModes.java:232)
02-07 18:43:19.804   983  1190 E Assert  : 	at com.qualcomm.ftccommon.FtcEventLoopBase$1.run(FtcEventLoopBase.java:413)
02-07 18:43:19.804   983  1190 E Assert  : 	at org.firstinspires.ftc.robotcore.internal.system.LockingRunner$1.get(LockingRunner.java:62)
02-07 18:43:19.804   983  1190 E Assert  : 	at org.firstinspires.ftc.robotcore.internal.system.LockingRunner$1.get(LockingRunner.java:60)
02-07 18:43:19.805   983  1190 E Assert  : 	at org.firstinspires.ftc.robotcore.internal.system.LockingRunner$2.call(LockingRunner.java:72)
02-07 18:43:19.805   983  1190 E Assert  : 	at org.firstinspires.ftc.robotcore.internal.system.LockingRunner.lockWhile(LockingRunner.java:85)
02-07 18:43:19.805   983  1190 E Assert  : 	at org.firstinspires.ftc.robotcore.internal.system.LockingRunner.lockWhile(LockingRunner.java:70)
02-07 18:43:19.806   983  1190 E Assert  : 	at org.firstinspires.ftc.robotcore.internal.system.LockingRunner.lockWhile(LockingRunner.java:60)
02-07 18:43:19.806   983  1190 E Assert  : 	at org.firstinspires.ftc.robotcore.internal.opmode.OnBotJavaBuildLocker.lockBuildExclusiveWhile(OnBotJavaBuildLocker.java:46)
02-07 18:43:19.806   983  1190 E Assert  : 	at com.qualcomm.ftccommon.FtcEventLoopBase.checkForChangedOpModes(FtcEventLoopBase.java:408)
02-07 18:43:19.806   983  1190 E Assert  : 	at com.qualcomm.ftccommon.FtcEventLoop.loop(FtcEventLoop.java:281)
02-07 18:43:19.807   983  1190 E Assert  : 	at com.qualcomm.robotcore.eventloop.EventLoopManager$EventLoopRunnable$1.run(EventLoopManager.java:324)
02-07 18:43:19.807   983  1190 E Assert  : 	at com.qualcomm.robotcore.util.ThreadPool.logThreadLifeCycle(ThreadPool.java:737)
02-07 18:43:19.807   983  1190 E Assert  : 	at com.qualcomm.robotcore.eventloop.EventLoopManager$EventLoopRunnable.run(EventLoopManager.java:267)
02-07 18:43:19.807   983  1190 E Assert  : 	at com.qualcomm.robotcore.eventloop.EventLoopManager$1.run(EventLoopManager.java:606)
02-07 18:43:19.808   983  1190 E Assert  : 	at java.util.concurrent.ThreadPoolExecutor.runWorker(ThreadPoolExecutor.java:1133)
02-07 18:43:19.808   983  1190 E Assert  : 	at java.util.concurrent.ThreadPoolExecutor$Worker.run(ThreadPoolExecutor.java:607)
02-07 18:43:19.808   983  1190 E Assert  : 	at com.qualcomm.robotcore.util.ThreadPool$ThreadFactoryImpl$1.run(ThreadPool.java:793)
02-07 18:43:19.809   983  1190 E Assert  : 	at java.lang.Thread.run(Thread.java:761)
02-07 18:43:19.811   983  1190 F Assert  : assertion failed: class Register isn't OnBotJava: loader=ExternalLibrariesClassLoader
02-07 18:43:19.812   983  1190 E Assert  : java.lang.RuntimeException: assertion failed: class Register isn't OnBotJava: loader=ExternalLibrariesClassLoader
02-07 18:43:19.813   983  1190 E Assert  : 	at org.firstinspires.ftc.robotcore.internal.system.Assert.assertFailed(Assert.java:140)
02-07 18:43:19.813   983  1190 E Assert  : 	at org.firstinspires.ftc.robotcore.internal.system.Assert.assertTrue(Assert.java:94)
02-07 18:43:19.813   983  1190 E Assert  : 	at org.firstinspires.ftc.robotcore.internal.opmode.ClassManager.processOnBotJavaClasses(ClassManager.java:308)
02-07 18:43:19.813   983  1190 E Assert  : 	at org.firstinspires.ftc.robotcore.internal.opmode.RegisteredOpModes$5.run(RegisteredOpModes.java:250)
02-07 18:43:19.814   983  1190 E Assert  : 	at org.firstinspires.ftc.robotcore.internal.opmode.RegisteredOpModes.lockOpModesWhile(RegisteredOpModes.java:326)
02-07 18:43:19.814   983  1190 E Assert  : 	at org.firstinspires.ftc.robotcore.internal.opmode.RegisteredOpModes.registerOnBotJavaOpModes(RegisteredOpModes.java:232)
02-07 18:43:19.814   983  1190 E Assert  : 	at com.qualcomm.ftccommon.FtcEventLoopBase$1.run(FtcEventLoopBase.java:413)
02-07 18:43:19.814   983  1190 E Assert  : 	at org.firstinspires.ftc.robotcore.internal.system.LockingRunner$1.get(LockingRunner.java:62)
02-07 18:43:19.815   983  1190 E Assert  : 	at org.firstinspires.ftc.robotcore.internal.system.LockingRunner$1.get(LockingRunner.java:60)
02-07 18:43:19.815   983  1190 E Assert  : 	at org.firstinspires.ftc.robotcore.internal.system.LockingRunner$2.call(LockingRunner.java:72)
02-07 18:43:19.815   983  1190 E Assert  : 	at org.firstinspires.ftc.robotcore.internal.system.LockingRunner.lockWhile(LockingRunner.java:85)
02-07 18:43:19.816   983  1190 E Assert  : 	at org.firstinspires.ftc.robotcore.internal.system.LockingRunner.lockWhile(LockingRunner.java:70)
02-07 18:43:19.816   983  1190 E Assert  : 	at org.firstinspires.ftc.robotcore.internal.system.LockingRunner.lockWhile(LockingRunner.java:60)
02-07 18:43:19.816   983  1190 E Assert  : 	at org.firstinspires.ftc.robotcore.internal.opmode.OnBotJavaBuildLocker.lockBuildExclusiveWhile(OnBotJavaBuildLocker.java:46)
02-07 18:43:19.816   983  1190 E Assert  : 	at com.qualcomm.ftccommon.FtcEventLoopBase.checkForChangedOpModes(FtcEventLoopBase.java:408)
02-07 18:43:19.817   983  1190 E Assert  : 	at com.qualcomm.ftccommon.FtcEventLoop.loop(FtcEventLoop.java:281)
02-07 18:43:19.817   983  1190 E Assert  : 	at com.qualcomm.robotcore.eventloop.EventLoopManager$EventLoopRunnable$1.run(EventLoopManager.java:324)
02-07 18:43:19.817   983  1190 E Assert  : 	at com.qualcomm.robotcore.util.ThreadPool.logThreadLifeCycle(ThreadPool.java:737)
02-07 18:43:19.817   983  1190 E Assert  : 	at com.qualcomm.robotcore.eventloop.EventLoopManager$EventLoopRunnable.run(EventLoopManager.java:267)
02-07 18:43:19.818   983  1190 E Assert  : 	at com.qualcomm.robotcore.eventloop.EventLoopManager$1.run(EventLoopManager.java:606)
02-07 18:43:19.818   983  1190 E Assert  : 	at java.util.concurrent.ThreadPoolExecutor.runWorker(ThreadPoolExecutor.java:1133)
02-07 18:43:19.818   983  1190 E Assert  : 	at java.util.concurrent.ThreadPoolExecutor$Worker.run(ThreadPoolExecutor.java:607)
02-07 18:43:19.819   983  1190 E Assert  : 	at com.qualcomm.robotcore.util.ThreadPool$ThreadFactoryImpl$1.run(ThreadPool.java:793)
02-07 18:43:19.819   983  1190 E Assert  : 	at java.lang.Thread.run(Thread.java:761)
02-07 18:43:19.820   983  1190 F Assert  : assertion failed: class GoBildaOdometryPods isn't OnBotJava: loader=ExternalLibrariesClassLoader
02-07 18:43:19.820   983  1190 E Assert  : java.lang.RuntimeException: assertion failed: class GoBildaOdometryPods isn't OnBotJava: loader=ExternalLibrariesClassLoader
02-07 18:43:19.821   983  1190 E Assert  : 	at org.firstinspires.ftc.robotcore.internal.system.Assert.assertFailed(Assert.java:140)
02-07 18:43:19.821   983  1190 E Assert  : 	at org.firstinspires.ftc.robotcore.internal.system.Assert.assertTrue(Assert.java:94)
02-07 18:43:19.822   983  1190 E Assert  : 	at org.firstinspires.ftc.robotcore.internal.opmode.ClassManager.processOnBotJavaClasses(ClassManager.java:308)
02-07 18:43:19.822   983  1190 E Assert  : 	at org.firstinspires.ftc.robotcore.internal.opmode.RegisteredOpModes$5.run(RegisteredOpModes.java:250)
02-07 18:43:19.822   983  1190 E Assert  : 	at org.firstinspires.ftc.robotcore.internal.opmode.RegisteredOpModes.lockOpModesWhile(RegisteredOpModes.java:326)
02-07 18:43:19.823   983  1190 E Assert  : 	at org.firstinspires.ftc.robotcore.internal.opmode.RegisteredOpModes.registerOnBotJavaOpModes(RegisteredOpModes.java:232)
02-07 18:43:19.823   983  1190 E Assert  : 	at com.qualcomm.ftccommon.FtcEventLoopBase$1.run(FtcEventLoopBase.java:413)
02-07 18:43:19.823   983  1190 E Assert  : 	at org.firstinspires.ftc.robotcore.internal.system.LockingRunner$1.get(LockingRunner.java:62)
02-07 18:43:19.823   983  1190 E Assert  : 	at org.firstinspires.ftc.robotcore.internal.system.LockingRunner$1.get(LockingRunner.java:60)
02-07 18:43:19.824   983  1190 E Assert  : 	at org.firstinspires.ftc.robotcore.internal.system.LockingRunner$2.call(LockingRunner.java:72)
02-07 18:43:19.824   983  1190 E Assert  : 	at org.firstinspires.ftc.robotcore.internal.system.LockingRunner.lockWhile(LockingRunner.java:85)
02-07 18:43:19.824   983  1190 E Assert  : 	at org.firstinspires.ftc.robotcore.internal.system.LockingRunner.lockWhile(LockingRunner.java:70)
02-07 18:43:19.825   983  1190 E Assert  : 	at org.firstinspires.ftc.robotcore.internal.system.LockingRunner.lockWhile(LockingRunner.java:60)
02-07 18:43:19.825   983  1190 E Assert  : 	at org.firstinspires.ftc.robotcore.internal.opmode.OnBotJavaBuildLocker.lockBuildExclusiveWhile(OnBotJavaBuildLocker.java:46)
02-07 18:43:19.826   983  1190 E Assert  : 	at com.qualcomm.ftccommon.FtcEventLoopBase.checkForChangedOpModes(FtcEventLoopBase.java:408)
02-07 18:43:19.826   983  1190 E Assert  : 	at com.qualcomm.ftccommon.FtcEventLoop.loop(FtcEventLoop.java:281)
02-07 18:43:19.826   983  1190 E Assert  : 	at com.qualcomm.robotcore.eventloop.EventLoopManager$EventLoopRunnable$1.run(EventLoopManager.java:324)
02-07 18:43:19.826   983  1190 E Assert  : 	at com.qualcomm.robotcore.util.ThreadPool.logThreadLifeCycle(ThreadPool.java:737)
02-07 18:43:19.827   983  1190 E Assert  : 	at com.qualcomm.robotcore.eventloop.EventLoopManager$EventLoopRunnable.run(EventLoopManager.java:267)
02-07 18:43:19.827   983  1190 E Assert  : 	at com.qualcomm.robotcore.eventloop.EventLoopManager$1.run(EventLoopManager.java:606)
02-07 18:43:19.828   983  1190 E Assert  : 	at java.util.concurrent.ThreadPoolExecutor.runWorker(ThreadPoolExecutor.java:1133)
02-07 18:43:19.828   983  1190 E Assert  : 	at java.util.concurrent.ThreadPoolExecutor$Worker.run(ThreadPoolExecutor.java:607)
02-07 18:43:19.828   983  1190 E Assert  : 	at com.qualcomm.robotcore.util.ThreadPool$ThreadFactoryImpl$1.run(ThreadPool.java:793)
02-07 18:43:19.829   983  1190 E Assert  : 	at java.lang.Thread.run(Thread.java:761)
02-07 18:43:19.830   983  1190 F Assert  : assertion failed: class DeviceStatus isn't OnBotJava: loader=ExternalLibrariesClassLoader
02-07 18:43:19.831   983  1190 E Assert  : java.lang.RuntimeException: assertion failed: class DeviceStatus isn't OnBotJava: loader=ExternalLibrariesClassLoader
02-07 18:43:19.832   983  1190 E Assert  : 	at org.firstinspires.ftc.robotcore.internal.system.Assert.assertFailed(Assert.java:140)
02-07 18:43:19.832   983  1190 E Assert  : 	at org.firstinspires.ftc.robotcore.internal.system.Assert.assertTrue(Assert.java:94)
02-07 18:43:19.832   983  1190 E Assert  : 	at org.firstinspires.ftc.robotcore.internal.opmode.ClassManager.processOnBotJavaClasses(ClassManager.java:308)
02-07 18:43:19.833   983  1190 E Assert  : 	at org.firstinspires.ftc.robotcore.internal.opmode.RegisteredOpModes$5.run(RegisteredOpModes.java:250)
02-07 18:43:19.833   983  1190 E Assert  : 	at org.firstinspires.ftc.robotcore.internal.opmode.RegisteredOpModes.lockOpModesWhile(RegisteredOpModes.java:326)
02-07 18:43:19.833   983  1190 E Assert  : 	at org.firstinspires.ftc.robotcore.internal.opmode.RegisteredOpModes.registerOnBotJavaOpModes(RegisteredOpModes.java:232)
02-07 18:43:19.833   983  1190 E Assert  : 	at com.qualcomm.ftccommon.FtcEventLoopBase$1.run(FtcEventLoopBase.java:413)
02-07 18:43:19.833   983  1190 E Assert  : 	at org.firstinspires.ftc.robotcore.internal.system.LockingRunner$1.get(LockingRunner.java:62)
02-07 18:43:19.834   983  1190 E Assert  : 	at org.firstinspires.ftc.robotcore.internal.system.LockingRunner$1.get(LockingRunner.java:60)
02-07 18:43:19.834   983  1190 E Assert  : 	at org.firstinspires.ftc.robotcore.internal.system.LockingRunner$2.call(LockingRunner.java:72)
02-07 18:43:19.834   983  1190 E Assert  : 	at org.firstinspires.ftc.robotcore.internal.system.LockingRunner.lockWhile(LockingRunner.java:85)
02-07 18:43:19.835   983  1190 E Assert  : 	at org.firstinspires.ftc.robotcore.internal.system.LockingRunner.lockWhile(LockingRunner.java:70)
02-07 18:43:19.835   983  1190 E Assert  : 	at org.firstinspires.ftc.robotcore.internal.system.LockingRunner.lockWhile(LockingRunner.java:60)
02-07 18:43:19.835   983  1190 E Assert  : 	at org.firstinspires.ftc.robotcore.internal.opmode.OnBotJavaBuildLocker.lockBuildExclusiveWhile(OnBotJavaBuildLocker.java:46)
02-07 18:43:19.836   983  1190 E Assert  : 	at com.qualcomm.ftccommon.FtcEventLoopBase.checkForChangedOpModes(FtcEventLoopBase.java:408)
02-07 18:43:19.836   983  1190 E Assert  : 	at com.qualcomm.ftccommon.FtcEventLoop.loop(FtcEventLoop.java:281)
02-07 18:43:19.836   983  1190 E Assert  : 	at com.qualcomm.robotcore.eventloop.EventLoopManager$EventLoopRunnable$1.run(EventLoopManager.java:324)
02-07 18:43:19.837   983  1190 E Assert  : 	at com.qualcomm.robotcore.util.ThreadPool.logThreadLifeCycle(ThreadPool.java:737)
02-07 18:43:19.837   983  1190 E Assert  : 	at com.qualcomm.robotcore.eventloop.EventLoopManager$EventLoopRunnable.run(EventLoopManager.java:267)
02-07 18:43:19.837   983  1190 E Assert  : 	at com.qualcomm.robotcore.eventloop.EventLoopManager$1.run(EventLoopManager.java:606)
02-07 18:43:19.837   983  1190 E Assert  : 	at java.util.concurrent.ThreadPoolExecutor.runWorker(ThreadPoolExecutor.java:1133)
02-07 18:43:19.838   983  1190 E Assert  : 	at java.util.concurrent.ThreadPoolExecutor$Worker.run(ThreadPoolExecutor.java:607)
02-07 18:43:19.838   983  1190 E Assert  : 	at com.qualcomm.robotcore.util.ThreadPool$ThreadFactoryImpl$1.run(ThreadPool.java:793)
02-07 18:43:19.838   983  1190 E Assert  : 	at java.lang.Thread.run(Thread.java:761)
02-07 18:43:19.839   983  1190 F Assert  : assertion failed: class GoBildaPinpointDriver isn't OnBotJava: loader=ExternalLibrariesClassLoader
02-07 18:43:19.839   983  1190 E Assert  : java.lang.RuntimeException: assertion failed: class GoBildaPinpointDriver isn't OnBotJava: loader=ExternalLibrariesClassLoader
02-07 18:43:19.840   983  1190 E Assert  : 	at org.firstinspires.ftc.robotcore.internal.system.Assert.assertFailed(Assert.java:140)
02-07 18:43:19.841   983  1190 E Assert  : 	at org.firstinspires.ftc.robotcore.internal.system.Assert.assertTrue(Assert.java:94)
02-07 18:43:19.841   983  1190 E Assert  : 	at org.firstinspires.ftc.robotcore.internal.opmode.ClassManager.processOnBotJavaClasses(ClassManager.java:308)
02-07 18:43:19.841   983  1190 E Assert  : 	at org.firstinspires.ftc.robotcore.internal.opmode.RegisteredOpModes$5.run(RegisteredOpModes.java:250)
02-07 18:43:19.841   983  1190 E Assert  : 	at org.firstinspires.ftc.robotcore.internal.opmode.RegisteredOpModes.lockOpModesWhile(RegisteredOpModes.java:326)
02-07 18:43:19.842   983  1190 E Assert  : 	at org.firstinspires.ftc.robotcore.internal.opmode.RegisteredOpModes.registerOnBotJavaOpModes(RegisteredOpModes.java:232)
02-07 18:43:19.842   983  1190 E Assert  : 	at com.qualcomm.ftccommon.FtcEventLoopBase$1.run(FtcEventLoopBase.java:413)
02-07 18:43:19.842   983  1190 E Assert  : 	at org.firstinspires.ftc.robotcore.internal.system.LockingRunner$1.get(LockingRunner.java:62)
02-07 18:43:19.842   983  1190 E Assert  : 	at org.firstinspires.ftc.robotcore.internal.system.LockingRunner$1.get(LockingRunner.java:60)
02-07 18:43:19.843   983  1190 E Assert  : 	at org.firstinspires.ftc.robotcore.internal.system.LockingRunner$2.call(LockingRunner.java:72)
02-07 18:43:19.843   983  1190 E Assert  : 	at org.firstinspires.ftc.robotcore.internal.system.LockingRunner.lockWhile(LockingRunner.java:85)
02-07 18:43:19.843   983  1190 E Assert  : 	at org.firstinspires.ftc.robotcore.internal.system.LockingRunner.lockWhile(LockingRunner.java:70)
02-07 18:43:19.843   983  1190 E Assert  : 	at org.firstinspires.ftc.robotcore.internal.system.LockingRunner.lockWhile(LockingRunner.java:60)
02-07 18:43:19.843   983  1190 E Assert  : 	at org.firstinspires.ftc.robotcore.internal.opmode.OnBotJavaBuildLocker.lockBuildExclusiveWhile(OnBotJavaBuildLocker.java:46)
02-07 18:43:19.844   983  1190 E Assert  : 	at com.qualcomm.ftccommon.FtcEventLoopBase.checkForChangedOpModes(FtcEventLoopBase.java:408)
02-07 18:43:19.844   983  1190 E Assert  : 	at com.qualcomm.ftccommon.FtcEventLoop.loop(FtcEventLoop.java:281)
02-07 18:43:19.844   983  1190 E Assert  : 	at com.qualcomm.robotcore.eventloop.EventLoopManager$EventLoopRunnable$1.run(EventLoopManager.java:324)
02-07 18:43:19.845   983  1190 E Assert  : 	at com.qualcomm.robotcore.util.ThreadPool.logThreadLifeCycle(ThreadPool.java:737)
02-07 18:43:19.845   983  1190 E Assert  : 	at com.qualcomm.robotcore.eventloop.EventLoopManager$EventLoopRunnable.run(EventLoopManager.java:267)
02-07 18:43:19.845   983  1190 E Assert  : 	at com.qualcomm.robotcore.eventloop.EventLoopManager$1.run(EventLoopManager.java:606)
02-07 18:43:19.846   983  1190 E Assert  : 	at java.util.concurrent.ThreadPoolExecutor.runWorker(ThreadPoolExecutor.java:1133)
02-07 18:43:19.846   983  1190 E Assert  : 	at java.util.concurrent.ThreadPoolExecutor$Worker.run(ThreadPoolExecutor.java:607)
02-07 18:43:19.846   983  1190 E Assert  : 	at com.qualcomm.robotcore.util.ThreadPool$ThreadFactoryImpl$1.run(ThreadPool.java:793)
02-07 18:43:19.847   983  1190 E Assert  : 	at java.lang.Thread.run(Thread.java:761)
02-07 18:43:19.847   983  1190 F Assert  : assertion failed: class EncoderDirection isn't OnBotJava: loader=ExternalLibrariesClassLoader
02-07 18:43:19.848   983  1190 E Assert  : java.lang.RuntimeException: assertion failed: class EncoderDirection isn't OnBotJava: loader=ExternalLibrariesClassLoader
02-07 18:43:19.848   983  1190 E Assert  : 	at org.firstinspires.ftc.robotcore.internal.system.Assert.assertFailed(Assert.java:140)
02-07 18:43:19.849   983  1190 E Assert  : 	at org.firstinspires.ftc.robotcore.internal.system.Assert.assertTrue(Assert.java:94)
02-07 18:43:19.849   983  1190 E Assert  : 	at org.firstinspires.ftc.robotcore.internal.opmode.ClassManager.processOnBotJavaClasses(ClassManager.java:308)
02-07 18:43:19.849   983  1190 E Assert  : 	at org.firstinspires.ftc.robotcore.internal.opmode.RegisteredOpModes$5.run(RegisteredOpModes.java:250)
02-07 18:43:19.849   983  1190 E Assert  : 	at org.firstinspires.ftc.robotcore.internal.opmode.RegisteredOpModes.lockOpModesWhile(RegisteredOpModes.java:326)
02-07 18:43:19.849   983  1190 E Assert  : 	at org.firstinspires.ftc.robotcore.internal.opmode.RegisteredOpModes.registerOnBotJavaOpModes(RegisteredOpModes.java:232)
02-07 18:43:19.850   983  1190 E Assert  : 	at com.qualcomm.ftccommon.FtcEventLoopBase$1.run(FtcEventLoopBase.java:413)
